../Drivers/CMSIS/Include/core_cm7.h:2229:22:SCB_EnableICache	4	static,ignoring_inline_asm
../Drivers/CMSIS/Include/core_cm7.h:2281:22:SCB_EnableDCache	24	static,ignoring_inline_asm
../Core/Src/main.c:55:5:_write	32	static
../Core/Src/main.c:63:5:_read	24	static
../Core/Src/main.c:68:5:_close	16	static
../Core/Src/main.c:73:5:_lseek	24	static
../Core/Src/main.c:78:5:_fstat	16	static
../Core/Src/main.c:83:5:_isatty	16	static
../Core/Src/main.c:89:5:main	8	static
../Core/Src/main.c:126:6:SystemClock_Config	88	static
../Core/Src/main.c:174:13:MX_USART3_UART_Init	8	static
../Core/Src/main.c:197:13:MX_GPIO_Init	24	static
../Core/Src/main.c:210:6:MPU_Config	24	static
../Core/Src/main.c:239:6:Error_Handler	8	static,ignoring_inline_asm
