Archive member included to satisfy reference by file (symbol)

J:/Joel/STM/STM32CubeIDE_1.17.0/STM32CubeIDE/plugins/com.st.stm32cube.ide.mcu.externaltools.gnu-tools-for-stm32.13.3.rel1.win32_1.0.0.202411081344/tools/bin/../lib/gcc/arm-none-eabi/13.3.1/../../../../arm-none-eabi/lib/thumb/v7e-m+fp/hard\libc_nano.a(libc_a-exit.o)
                              J:/Joel/STM/STM32CubeIDE_1.17.0/STM32CubeIDE/plugins/com.st.stm32cube.ide.mcu.externaltools.gnu-tools-for-stm32.13.3.rel1.win32_1.0.0.202411081344/tools/bin/../lib/gcc/arm-none-eabi/13.3.1/../../../../arm-none-eabi/lib/thumb/v7e-m+fp/hard/crt0.o (exit)
J:/Joel/STM/STM32CubeIDE_1.17.0/STM32CubeIDE/plugins/com.st.stm32cube.ide.mcu.externaltools.gnu-tools-for-stm32.13.3.rel1.win32_1.0.0.202411081344/tools/bin/../lib/gcc/arm-none-eabi/13.3.1/../../../../arm-none-eabi/lib/thumb/v7e-m+fp/hard\libc_nano.a(libc_a-findfp.o)
                              J:/Joel/STM/STM32CubeIDE_1.17.0/STM32CubeIDE/plugins/com.st.stm32cube.ide.mcu.externaltools.gnu-tools-for-stm32.13.3.rel1.win32_1.0.0.202411081344/tools/bin/../lib/gcc/arm-none-eabi/13.3.1/../../../../arm-none-eabi/lib/thumb/v7e-m+fp/hard\libc_nano.a(libc_a-exit.o) (__stdio_exit_handler)
J:/Joel/STM/STM32CubeIDE_1.17.0/STM32CubeIDE/plugins/com.st.stm32cube.ide.mcu.externaltools.gnu-tools-for-stm32.13.3.rel1.win32_1.0.0.202411081344/tools/bin/../lib/gcc/arm-none-eabi/13.3.1/../../../../arm-none-eabi/lib/thumb/v7e-m+fp/hard\libc_nano.a(libc_a-fwalk.o)
                              J:/Joel/STM/STM32CubeIDE_1.17.0/STM32CubeIDE/plugins/com.st.stm32cube.ide.mcu.externaltools.gnu-tools-for-stm32.13.3.rel1.win32_1.0.0.202411081344/tools/bin/../lib/gcc/arm-none-eabi/13.3.1/../../../../arm-none-eabi/lib/thumb/v7e-m+fp/hard\libc_nano.a(libc_a-findfp.o) (_fwalk_sglue)
J:/Joel/STM/STM32CubeIDE_1.17.0/STM32CubeIDE/plugins/com.st.stm32cube.ide.mcu.externaltools.gnu-tools-for-stm32.13.3.rel1.win32_1.0.0.202411081344/tools/bin/../lib/gcc/arm-none-eabi/13.3.1/../../../../arm-none-eabi/lib/thumb/v7e-m+fp/hard\libc_nano.a(libc_a-puts.o)
                              ./Core/Src/main.o (puts)
J:/Joel/STM/STM32CubeIDE_1.17.0/STM32CubeIDE/plugins/com.st.stm32cube.ide.mcu.externaltools.gnu-tools-for-stm32.13.3.rel1.win32_1.0.0.202411081344/tools/bin/../lib/gcc/arm-none-eabi/13.3.1/../../../../arm-none-eabi/lib/thumb/v7e-m+fp/hard\libc_nano.a(libc_a-stdio.o)
                              J:/Joel/STM/STM32CubeIDE_1.17.0/STM32CubeIDE/plugins/com.st.stm32cube.ide.mcu.externaltools.gnu-tools-for-stm32.13.3.rel1.win32_1.0.0.202411081344/tools/bin/../lib/gcc/arm-none-eabi/13.3.1/../../../../arm-none-eabi/lib/thumb/v7e-m+fp/hard\libc_nano.a(libc_a-findfp.o) (__sread)
J:/Joel/STM/STM32CubeIDE_1.17.0/STM32CubeIDE/plugins/com.st.stm32cube.ide.mcu.externaltools.gnu-tools-for-stm32.13.3.rel1.win32_1.0.0.202411081344/tools/bin/../lib/gcc/arm-none-eabi/13.3.1/../../../../arm-none-eabi/lib/thumb/v7e-m+fp/hard\libc_nano.a(libc_a-wbuf.o)
                              J:/Joel/STM/STM32CubeIDE_1.17.0/STM32CubeIDE/plugins/com.st.stm32cube.ide.mcu.externaltools.gnu-tools-for-stm32.13.3.rel1.win32_1.0.0.202411081344/tools/bin/../lib/gcc/arm-none-eabi/13.3.1/../../../../arm-none-eabi/lib/thumb/v7e-m+fp/hard\libc_nano.a(libc_a-puts.o) (__swbuf_r)
J:/Joel/STM/STM32CubeIDE_1.17.0/STM32CubeIDE/plugins/com.st.stm32cube.ide.mcu.externaltools.gnu-tools-for-stm32.13.3.rel1.win32_1.0.0.202411081344/tools/bin/../lib/gcc/arm-none-eabi/13.3.1/../../../../arm-none-eabi/lib/thumb/v7e-m+fp/hard\libc_nano.a(libc_a-wsetup.o)
                              J:/Joel/STM/STM32CubeIDE_1.17.0/STM32CubeIDE/plugins/com.st.stm32cube.ide.mcu.externaltools.gnu-tools-for-stm32.13.3.rel1.win32_1.0.0.202411081344/tools/bin/../lib/gcc/arm-none-eabi/13.3.1/../../../../arm-none-eabi/lib/thumb/v7e-m+fp/hard\libc_nano.a(libc_a-puts.o) (__swsetup_r)
J:/Joel/STM/STM32CubeIDE_1.17.0/STM32CubeIDE/plugins/com.st.stm32cube.ide.mcu.externaltools.gnu-tools-for-stm32.13.3.rel1.win32_1.0.0.202411081344/tools/bin/../lib/gcc/arm-none-eabi/13.3.1/../../../../arm-none-eabi/lib/thumb/v7e-m+fp/hard\libc_nano.a(libc_a-memset.o)
                              J:/Joel/STM/STM32CubeIDE_1.17.0/STM32CubeIDE/plugins/com.st.stm32cube.ide.mcu.externaltools.gnu-tools-for-stm32.13.3.rel1.win32_1.0.0.202411081344/tools/bin/../lib/gcc/arm-none-eabi/13.3.1/../../../../arm-none-eabi/lib/thumb/v7e-m+fp/hard/crt0.o (memset)
J:/Joel/STM/STM32CubeIDE_1.17.0/STM32CubeIDE/plugins/com.st.stm32cube.ide.mcu.externaltools.gnu-tools-for-stm32.13.3.rel1.win32_1.0.0.202411081344/tools/bin/../lib/gcc/arm-none-eabi/13.3.1/../../../../arm-none-eabi/lib/thumb/v7e-m+fp/hard\libc_nano.a(libc_a-closer.o)
                              J:/Joel/STM/STM32CubeIDE_1.17.0/STM32CubeIDE/plugins/com.st.stm32cube.ide.mcu.externaltools.gnu-tools-for-stm32.13.3.rel1.win32_1.0.0.202411081344/tools/bin/../lib/gcc/arm-none-eabi/13.3.1/../../../../arm-none-eabi/lib/thumb/v7e-m+fp/hard\libc_nano.a(libc_a-stdio.o) (_close_r)
[...]
Memory Configuration

Name             Origin             Length             Attributes
RAM              0x20000000         0x00040000         xrw
FLASH            0x08000000         0x00080000         xr
*default*        0x00000000         0xffffffff

Linker script and memory map

LOAD J:/Joel/STM/STM32CubeIDE_1.17.0/STM32CubeIDE/plugins/com.st.stm32cube.ide.mcu.externaltools.gnu-tools-for-stm32.13.3.rel1.win32_1.0.0.202411081344/tools/bin/../lib/gcc/arm-none-eabi/13.3.1/thumb/v7e-m+fp/hard/crti.o
LOAD J:/Joel/STM/STM32CubeIDE_1.17.0/STM32CubeIDE/plugins/com.st.stm32cube.ide.mcu.externaltools.gnu-tools-for-stm32.13.3.rel1.win32_1.0.0.202411081344/tools/bin/../lib/gcc/arm-none-eabi/13.3.1/thumb/v7e-m+fp/hard/crtbegin.o
LOAD J:/Joel/STM/STM32CubeIDE_1.17.0/STM32CubeIDE/plugins/com.st.stm32cube.ide.mcu.externaltools.gnu-tools-for-stm32.13.3.rel1.win32_1.0.0.202411081344/tools/bin/../lib/gcc/arm-none-eabi/13.3.1/../../../../arm-none-eabi/lib/thumb/v7e-m+fp/hard/crt0.o
LOAD ./Core/Src/main.o
LOAD ./Core/Src/stm32f7xx_hal_msp.o
LOAD ./Core/Src/stm32f7xx_it.o
LOAD ./Core/Src/sysmem.o
LOAD ./Core/Src/system_stm32f7xx.o
LOAD ./Core/Src/tflite_model.o
LOAD ./Core/Startup/startup_stm32f723iekx.o
LOAD ./Drivers/STM32F7xx_HAL_Driver/Src/stm32f7xx_hal.o
LOAD ./Drivers/STM32F7xx_HAL_Driver/Src/stm32f7xx_hal_cortex.o
LOAD ./Drivers/STM32F7xx_HAL_Driver/Src/stm32f7xx_hal_dma.o
LOAD ./Drivers/STM32F7xx_HAL_Driver/Src/stm32f7xx_hal_dma_ex.o
LOAD ./Drivers/STM32F7xx_HAL_Driver/Src/stm32f7xx_hal_exti.o
LOAD ./Drivers/STM32F7xx_HAL_Driver/Src/stm32f7xx_hal_flash.o
LOAD ./Drivers/STM32F7xx_HAL_Driver/Src/stm32f7xx_hal_flash_ex.o
LOAD ./Drivers/STM32F7xx_HAL_Driver/Src/stm32f7xx_hal_gpio.o
LOAD ./Drivers/STM32F7xx_HAL_Driver/Src/stm32f7xx_hal_i2c.o
LOAD ./Drivers/STM32F7xx_HAL_Driver/Src/stm32f7xx_hal_i2c_ex.o
LOAD ./Drivers/STM32F7xx_HAL_Driver/Src/stm32f7xx_hal_pwr.o
LOAD ./Drivers/STM32F7xx_HAL_Driver/Src/stm32f7xx_hal_pwr_ex.o
LOAD ./Drivers/STM32F7xx_HAL_Driver/Src/stm32f7xx_hal_rcc.o
LOAD ./Drivers/STM32F7xx_HAL_Driver/Src/stm32f7xx_hal_rcc_ex.o
LOAD ./Drivers/STM32F7xx_HAL_Driver/Src/stm32f7xx_hal_uart.o
LOAD ./Drivers/STM32F7xx_HAL_Driver/Src/stm32f7xx_hal_uart_ex.o
LOAD ./X-CUBE-AI/App/app_x-cube-ai.o
START GROUP
LOAD J:/Joel/STM/STM32CubeIDE_1.17.0/STM32CubeIDE/plugins/com.st.stm32cube.ide.mcu.externaltools.gnu-tools-for-stm32.13.3.rel1.win32_1.0.0.202411081344/tools/bin/../lib/gcc/arm-none-eabi/13.3.1/../../../../arm-none-eabi/lib/thumb/v7e-m+fp/hard\libc_nano.a
LOAD J:/Joel/STM/STM32CubeIDE_1.17.0/STM32CubeIDE/plugins/com.st.stm32cube.ide.mcu.externaltools.gnu-tools-for-stm32.13.3.rel1.win32_1.0.0.202411081344/tools/bin/../lib/gcc/arm-none-eabi/13.3.1/../../../../arm-none-eabi/lib/thumb/v7e-m+fp/hard\libm.a
END GROUP
START GROUP
LOAD J:/Joel/STM/STM32CubeIDE_1.17.0/STM32CubeIDE/plugins/com.st.stm32cube.ide.mcu.externaltools.gnu-tools-for-stm32.13.3.rel1.win32_1.0.0.202411081344/tools/bin/../lib/gcc/arm-none-eabi/13.3.1/thumb/v7e-m+fp/hard\libgcc.a
LOAD J:/Joel/STM/STM32CubeIDE_1.17.0/STM32CubeIDE/plugins/com.st.stm32cube.ide.mcu.externaltools.gnu-tools-for-stm32.13.3.rel1.win32_1.0.0.202411081344/tools/bin/../lib/gcc/arm-none-eabi/13.3.1/../../../../arm-none-eabi/lib/thumb/v7e-m+fp/hard\libc_nano.a
END GROUP
START GROUP
LOAD J:/Joel/STM/STM32CubeIDE_1.17.0/STM32CubeIDE/plugins/com.st.stm32cube.ide.mcu.externaltools.gnu-tools-for-stm32.13.3.rel1.win32_1.0.0.202411081344/tools/bin/../lib/gcc/arm-none-eabi/13.3.1/thumb/v7e-m+fp/hard\libgcc.a
LOAD J:/Joel/STM/STM32CubeIDE_1.17.0/STM32CubeIDE/plugins/com.st.stm32cube.ide.mcu.externaltools.gnu-tools-for-stm32.13.3.rel1.win32_1.0.0.202411081344/tools/bin/../lib/gcc/arm-none-eabi/13.3.1/../../../../arm-none-eabi/lib/thumb/v7e-m+fp/hard\libc_nano.a
END GROUP
LOAD J:/Joel/STM/STM32CubeIDE_1.17.0/STM32CubeIDE/plugins/com.st.stm32cube.ide.mcu.externaltools.gnu-tools-for-stm32.13.3.rel1.win32_1.0.0.202411081344/tools/bin/../lib/gcc/arm-none-eabi/13.3.1/thumb/v7e-m+fp/hard/crtend.o
LOAD J:/Joel/STM/STM32CubeIDE_1.17.0/STM32CubeIDE/plugins/com.st.stm32cube.ide.mcu.externaltools.gnu-tools-for-stm32.13.3.rel1.win32_1.0.0.202411081344/tools/bin/../lib/gcc/arm-none-eabi/13.3.1/thumb/v7e-m+fp/hard/crtn.o
                0x20040000                        _estack = (ORIGIN (RAM) + LENGTH (RAM))
                0x00000800                        _Min_Heap_Size = 0x800
                0x00000800                        _Min_Stack_Size = 0x800

.isr_vector     0x08000000      0x1e0
                0x08000000                        . = ALIGN (0x4)
 *(.isr_vector)
 .isr_vector    0x08000000      0x1e0 ./Core/Startup/startup_stm32f723iekx.o
                0x08000000                g_pfnVectors
                0x080001e0                        . = ALIGN (0x4)

.text           0x080001e0     0x34ec
                0x080001e0                        . = ALIGN (0x4)
 *(.text)
 .text          0x080001e0       0x40 J:/Joel/STM/STM32CubeIDE_1.17.0/STM32CubeIDE/plugins/com.st.stm32cube.ide.mcu.externaltools.gnu-tools-for-stm32.13.3.rel1.win32_1.0.0.202411081344/tools/bin/../lib/gcc/arm-none-eabi/13.3.1/thumb/v7e-m+fp/hard/crtbegin.o
 .text          0x08000220       0x30 J:/Joel/STM/STM32CubeIDE_1.17.0/STM32CubeIDE/plugins/com.st.stm32cube.ide.mcu.externaltools.gnu-tools-for-stm32.13.3.rel1.win32_1.0.0.202411081344/tools/bin/../lib/gcc/arm-none-eabi/13.3.1/thumb/v7e-m+fp/hard\libgcc.a(_aeabi_uldivmod.o)
                0x08000220                __aeabi_uldivmod
 .text          0x08000250      0x2f8 J:/Joel/STM/STM32CubeIDE_1.17.0/STM32CubeIDE/plugins/com.st.stm32cube.ide.mcu.externaltools.gnu-tools-for-stm32.13.3.rel1.win32_1.0.0.202411081344/tools/bin/../lib/gcc/arm-none-eabi/13.3.1/thumb/v7e-m+fp/hard\libgcc.a(_udivmoddi4.o)
                0x08000250                __udivmoddi4
 .text          0x08000548        0x4 J:/Joel/STM/STM32CubeIDE_1.17.0/STM32CubeIDE/plugins/com.st.stm32cube.ide.mcu.externaltools.gnu-tools-for-stm32.13.3.rel1.win32_1.0.0.202411081344/tools/bin/../lib/gcc/arm-none-eabi/13.3.1/thumb/v7e-m+fp/hard\libgcc.a(_dvmd_tls.o)
                0x08000548                __aeabi_idiv0
                0x08000548                __aeabi_ldiv0
 *(.text*)
 .text.SCB_EnableICache
                0x0800054c       0x4c ./Core/Src/main.o
 .text.SCB_EnableDCache
                0x08000598       0x88 ./Core/Src/main.o
 .text._write   0x08000620       0x40 ./Core/Src/main.o
                0x08000620                _write
 .text._read    0x08000660       0x1a ./Core/Src/main.o
                0x08000660                _read
 .text._close   0x0800067a       0x18 ./Core/Src/main.o
                0x0800067a                _close
 .text._lseek   0x08000692       0x1a ./Core/Src/main.o
                0x08000692                _lseek
 .text._fstat   0x080006ac       0x18 ./Core/Src/main.o
                0x080006ac                _fstat
 .text._isatty  0x080006c4       0x16 ./Core/Src/main.o
                0x080006c4                _isatty
 *fill*         0x080006da        0x2 
 .text.main     0x080006dc       0x40 ./Core/Src/main.o
                0x080006dc                main
 .text.SystemClock_Config
                0x0800071c       0xd8 ./Core/Src/main.o
                0x0800071c                SystemClock_Config
 .text.MX_USART3_UART_Init
                0x080007f4       0x60 ./Core/Src/main.o
 .text.MX_GPIO_Init
                0x08000854       0x60 ./Core/Src/main.o
 .text.MPU_Config
                0x080008b4       0x58 ./Core/Src/main.o
 .text.Error_Handler
                0x0800090c       0x20 ./Core/Src/main.o
                0x0800090c                Error_Handler
 .text.HAL_MspInit
                0x0800092c       0x48 ./Core/Src/stm32f7xx_hal_msp.o
                0x0800092c                HAL_MspInit
 .text.HAL_UART_MspInit
                0x08000974       0xc0 ./Core/Src/stm32f7xx_hal_msp.o
                0x08000974                HAL_UART_MspInit
 .text.NMI_Handler
                0x08000a34        0x8 ./Core/Src/stm32f7xx_it.o
                0x08000a34                NMI_Handler
 .text.HardFault_Handler
                0x08000a3c        0x8 ./Core/Src/stm32f7xx_it.o
                0x08000a3c                HardFault_Handler
 .text.MemManage_Handler
                0x08000a44        0x8 ./Core/Src/stm32f7xx_it.o
                0x08000a44                MemManage_Handler
 .text.BusFault_Handler
                0x08000a4c        0x8 ./Core/Src/stm32f7xx_it.o
                0x08000a4c                BusFault_Handler
 .text.UsageFault_Handler
                0x08000a54        0x8 ./Core/Src/stm32f7xx_it.o
                0x08000a54                UsageFault_Handler
 .text.SVC_Handler
                0x08000a5c        0xe ./Core/Src/stm32f7xx_it.o
                0x08000a5c                SVC_Handler
 .text.DebugMon_Handler
                0x08000a6a        0xe ./Core/Src/stm32f7xx_it.o
                0x08000a6a                DebugMon_Handler
 .text.PendSV_Handler
                0x08000a78        0xe ./Core/Src/stm32f7xx_it.o
                0x08000a78                PendSV_Handler
 .text.SysTick_Handler
                0x08000a86        0xc ./Core/Src/stm32f7xx_it.o
                0x08000a86                SysTick_Handler
 *fill*         0x08000a92        0x2 
 .text._sbrk    0x08000a94       0x6c ./Core/Src/sysmem.o
                0x08000a94                _sbrk
 .text.SystemInit
                0x08000b00       0x24 ./Core/Src/system_stm32f7xx.o
                0x08000b00                SystemInit
 .text.Reset_Handler
                0x08000b24       0x50 ./Core/Startup/startup_stm32f723iekx.o
                0x08000b24                Reset_Handler
 .text.Default_Handler
                0x08000b74        0x2 ./Core/Startup/startup_stm32f723iekx.o
                0x08000b74                RTC_Alarm_IRQHandler
                0x08000b74                EXTI2_IRQHandler
                0x08000b74                TIM8_CC_IRQHandler
                0x08000b74                UART8_IRQHandler
                0x08000b74                SPI4_IRQHandler
                0x08000b74                TIM1_CC_IRQHandler
                0x08000b74                DMA2_Stream5_IRQHandler
                0x08000b74                DMA1_Stream5_IRQHandler
                0x08000b74                PVD_IRQHandler
                0x08000b74                TAMP_STAMP_IRQHandler
                0x08000b74                EXTI3_IRQHandler
                0x08000b74                TIM8_TRG_COM_TIM14_IRQHandler
                0x08000b74                TIM1_UP_TIM10_IRQHandler
                0x08000b74                TIM8_UP_TIM13_IRQHandler
                0x08000b74                I2C3_ER_IRQHandler
                0x08000b74                EXTI0_IRQHandler
                0x08000b74                I2C2_EV_IRQHandler
                0x08000b74                DMA1_Stream2_IRQHandler
                0x08000b74                CAN1_RX0_IRQHandler
                0x08000b74                FPU_IRQHandler
                0x08000b74                OTG_HS_WKUP_IRQHandler
                0x08000b74                DMA2_Stream2_IRQHandler
                0x08000b74                SPI1_IRQHandler
                0x08000b74                TIM6_DAC_IRQHandler
                0x08000b74                TIM1_BRK_TIM9_IRQHandler
                0x08000b74                DMA2_Stream3_IRQHandler
                0x08000b74                SAI2_IRQHandler
                0x08000b74                USART6_IRQHandler
                0x08000b74                USART3_IRQHandler
                0x08000b74                CAN1_RX1_IRQHandler
                0x08000b74                UART5_IRQHandler
                0x08000b74                DMA2_Stream0_IRQHandler
                0x08000b74                TIM4_IRQHandler
                0x08000b74                QUADSPI_IRQHandler
                0x08000b74                I2C1_EV_IRQHandler
                0x08000b74                DMA1_Stream6_IRQHandler
                0x08000b74                DMA1_Stream1_IRQHandler
                0x08000b74                UART4_IRQHandler
                0x08000b74                TIM3_IRQHandler
                0x08000b74                RCC_IRQHandler
                0x08000b74                TIM8_BRK_TIM12_IRQHandler
                0x08000b74                Default_Handler
                0x08000b74                EXTI15_10_IRQHandler
                0x08000b74                ADC_IRQHandler
                0x08000b74                DMA1_Stream7_IRQHandler
                0x08000b74                SPI5_IRQHandler
                0x08000b74                TIM7_IRQHandler
                0x08000b74                SDMMC1_IRQHandler
                0x08000b74                TIM5_IRQHandler
                0x08000b74                DMA2_Stream7_IRQHandler
                0x08000b74                I2C3_EV_IRQHandler
                0x08000b74                EXTI9_5_IRQHandler
                0x08000b74                RTC_WKUP_IRQHandler
                0x08000b74                SPI2_IRQHandler
                0x08000b74                OTG_HS_EP1_IN_IRQHandler
                0x08000b74                DMA1_Stream0_IRQHandler
                0x08000b74                CAN1_TX_IRQHandler
                0x08000b74                EXTI4_IRQHandler
                0x08000b74                RNG_IRQHandler
                0x08000b74                OTG_HS_EP1_OUT_IRQHandler
                0x08000b74                WWDG_IRQHandler
                0x08000b74                TIM2_IRQHandler
                0x08000b74                OTG_FS_WKUP_IRQHandler
                0x08000b74                TIM1_TRG_COM_TIM11_IRQHandler
                0x08000b74                OTG_HS_IRQHandler
                0x08000b74                EXTI1_IRQHandler
                0x08000b74                SDMMC2_IRQHandler
                0x08000b74                UART7_IRQHandler
                0x08000b74                USART2_IRQHandler
                0x08000b74                I2C2_ER_IRQHandler
                0x08000b74                DMA2_Stream1_IRQHandler
                0x08000b74                CAN1_SCE_IRQHandler
                0x08000b74                FLASH_IRQHandler
                0x08000b74                DMA2_Stream4_IRQHandler
                0x08000b74                USART1_IRQHandler
                0x08000b74                OTG_FS_IRQHandler
                0x08000b74                SPI3_IRQHandler
                0x08000b74                DMA1_Stream4_IRQHandler
                0x08000b74                I2C1_ER_IRQHandler
                0x08000b74                FMC_IRQHandler
                0x08000b74                LPTIM1_IRQHandler
                0x08000b74                DMA2_Stream6_IRQHandler
                0x08000b74                SAI1_IRQHandler
                0x08000b74                DMA1_Stream3_IRQHandler
 .text.HAL_Init
                0x08000b76       0x1a ./Drivers/STM32F7xx_HAL_Driver/Src/stm32f7xx_hal.o
                0x08000b76                HAL_Init
 .text.HAL_InitTick
                0x08000b90       0x60 ./Drivers/STM32F7xx_HAL_Driver/Src/stm32f7xx_hal.o
                0x08000b90                HAL_InitTick
 .text.HAL_IncTick
                0x08000bf0       0x28 ./Drivers/STM32F7xx_HAL_Driver/Src/stm32f7xx_hal.o
                0x08000bf0                HAL_IncTick
 .text.HAL_GetTick
                0x08000c18       0x18 ./Drivers/STM32F7xx_HAL_Driver/Src/stm32f7xx_hal.o
                0x08000c18                HAL_GetTick
 .text.HAL_Delay
                0x08000c30       0x48 ./Drivers/STM32F7xx_HAL_Driver/Src/stm32f7xx_hal.o
                0x08000c30                HAL_Delay
 .text.__NVIC_SetPriorityGrouping
                0x08000c78       0x48 ./Drivers/STM32F7xx_HAL_Driver/Src/stm32f7xx_hal_cortex.o
 .text.__NVIC_GetPriorityGrouping
                0x08000cc0       0x1c ./Drivers/STM32F7xx_HAL_Driver/Src/stm32f7xx_hal_cortex.o
 .text.__NVIC_SetPriority
                0x08000cdc       0x54 ./Drivers/STM32F7xx_HAL_Driver/Src/stm32f7xx_hal_cortex.o
 .text.NVIC_EncodePriority
                0x08000d30       0x66 ./Drivers/STM32F7xx_HAL_Driver/Src/stm32f7xx_hal_cortex.o
 *fill*         0x08000d96        0x2 
 .text.SysTick_Config
                0x08000d98       0x44 ./Drivers/STM32F7xx_HAL_Driver/Src/stm32f7xx_hal_cortex.o
 .text.HAL_NVIC_SetPriorityGrouping
                0x08000ddc       0x16 ./Drivers/STM32F7xx_HAL_Driver/Src/stm32f7xx_hal_cortex.o
                0x08000ddc                HAL_NVIC_SetPriorityGrouping
 .text.HAL_NVIC_SetPriority
                0x08000df2       0x38 ./Drivers/STM32F7xx_HAL_Driver/Src/stm32f7xx_hal_cortex.o
                0x08000df2                HAL_NVIC_SetPriority
 .text.HAL_SYSTICK_Config
                0x08000e2a       0x18 ./Drivers/STM32F7xx_HAL_Driver/Src/stm32f7xx_hal_cortex.o
                0x08000e2a                HAL_SYSTICK_Config
 *fill*         0x08000e42        0x2 
 .text.HAL_MPU_Disable
                0x08000e44       0x30 ./Drivers/STM32F7xx_HAL_Driver/Src/stm32f7xx_hal_cortex.o
                0x08000e44                HAL_MPU_Disable
 .text.HAL_MPU_Enable
                0x08000e74       0x40 ./Drivers/STM32F7xx_HAL_Driver/Src/stm32f7xx_hal_cortex.o
                0x08000e74                HAL_MPU_Enable
 .text.HAL_MPU_ConfigRegion
                0x08000eb4       0x80 ./Drivers/STM32F7xx_HAL_Driver/Src/stm32f7xx_hal_cortex.o
                0x08000eb4                HAL_MPU_ConfigRegion
 .text.HAL_GPIO_Init
                0x08000f34      0x338 ./Drivers/STM32F7xx_HAL_Driver/Src/stm32f7xx_hal_gpio.o
                0x08000f34                HAL_GPIO_Init
 .text.HAL_PWREx_EnableOverDrive
                0x0800126c       0xa0 ./Drivers/STM32F7xx_HAL_Driver/Src/stm32f7xx_hal_pwr_ex.o
                0x0800126c                HAL_PWREx_EnableOverDrive
 .text.HAL_RCC_OscConfig
                0x0800130c      0x548 ./Drivers/STM32F7xx_HAL_Driver/Src/stm32f7xx_hal_rcc.o
                0x0800130c                HAL_RCC_OscConfig
 .text.HAL_RCC_ClockConfig
                0x08001854      0x1d8 ./Drivers/STM32F7xx_HAL_Driver/Src/stm32f7xx_hal_rcc.o
                0x08001854                HAL_RCC_ClockConfig
 .text.HAL_RCC_GetSysClockFreq
                0x08001a2c      0x20c ./Drivers/STM32F7xx_HAL_Driver/Src/stm32f7xx_hal_rcc.o
                0x08001a2c                HAL_RCC_GetSysClockFreq
 .text.HAL_RCC_GetHCLKFreq
                0x08001c38       0x18 ./Drivers/STM32F7xx_HAL_Driver/Src/stm32f7xx_hal_rcc.o
                0x08001c38                HAL_RCC_GetHCLKFreq
 .text.HAL_RCC_GetPCLK1Freq
                0x08001c50       0x28 ./Drivers/STM32F7xx_HAL_Driver/Src/stm32f7xx_hal_rcc.o
                0x08001c50                HAL_RCC_GetPCLK1Freq
 .text.HAL_RCC_GetPCLK2Freq
                0x08001c78       0x28 ./Drivers/STM32F7xx_HAL_Driver/Src/stm32f7xx_hal_rcc.o
                0x08001c78                HAL_RCC_GetPCLK2Freq
 .text.HAL_RCCEx_PeriphCLKConfig
                0x08001ca0      0x694 ./Drivers/STM32F7xx_HAL_Driver/Src/stm32f7xx_hal_rcc_ex.o
                0x08001ca0                HAL_RCCEx_PeriphCLKConfig
 .text.HAL_UART_Init
                0x08002334       0x9c ./Drivers/STM32F7xx_HAL_Driver/Src/stm32f7xx_hal_uart.o
                0x08002334                HAL_UART_Init
 .text.HAL_UART_Transmit
                0x080023d0      0x112 ./Drivers/STM32F7xx_HAL_Driver/Src/stm32f7xx_hal_uart.o
                0x080023d0                HAL_UART_Transmit
 *fill*         0x080024e2        0x2 
 .text.UART_SetConfig
                0x080024e4      0x4c8 ./Drivers/STM32F7xx_HAL_Driver/Src/stm32f7xx_hal_uart.o
                0x080024e4                UART_SetConfig
 .text.UART_AdvFeatureConfig
                0x080029ac      0x144 ./Drivers/STM32F7xx_HAL_Driver/Src/stm32f7xx_hal_uart.o
                0x080029ac                UART_AdvFeatureConfig
 .text.UART_CheckIdleState
                0x08002af0       0xae ./Drivers/STM32F7xx_HAL_Driver/Src/stm32f7xx_hal_uart.o
                0x08002af0                UART_CheckIdleState
 .text.UART_WaitOnFlagUntilTimeout
                0x08002b9e       0xda ./Drivers/STM32F7xx_HAL_Driver/Src/stm32f7xx_hal_uart.o
                0x08002b9e                UART_WaitOnFlagUntilTimeout
 .text.UART_EndRxTransfer
                0x08002c78       0xc8 ./Drivers/STM32F7xx_HAL_Driver/Src/stm32f7xx_hal_uart.o
 .text.MX_X_CUBE_AI_Init
                0x08002d40        0xe ./X-CUBE-AI/App/app_x-cube-ai.o
                0x08002d40                MX_X_CUBE_AI_Init
 .text.MX_X_CUBE_AI_Process
                0x08002d4e        0xe ./X-CUBE-AI/App/app_x-cube-ai.o
                0x08002d4e                MX_X_CUBE_AI_Process
 .text.std      0x08002d5c       0x6c J:/Joel/STM/STM32CubeIDE_1.17.0/STM32CubeIDE/plugins/com.st.stm32cube.ide.mcu.externaltools.gnu-tools-for-stm32.13.3.rel1.win32_1.0.0.202411081344/tools/bin/../lib/gcc/arm-none-eabi/13.3.1/../../../../arm-none-eabi/lib/thumb/v7e-m+fp/hard\libc_nano.a(libc_a-findfp.o)
 .text.stdio_exit_handler
                0x08002dc8       0x18 J:/Joel/STM/STM32CubeIDE_1.17.0/STM32CubeIDE/plugins/com.st.stm32cube.ide.mcu.externaltools.gnu-tools-for-stm32.13.3.rel1.win32_1.0.0.202411081344/tools/bin/../lib/gcc/arm-none-eabi/13.3.1/../../../../arm-none-eabi/lib/thumb/v7e-m+fp/hard\libc_nano.a(libc_a-findfp.o)
 .text.cleanup_stdio
                0x08002de0       0x40 J:/Joel/STM/STM32CubeIDE_1.17.0/STM32CubeIDE/plugins/com.st.stm32cube.ide.mcu.externaltools.gnu-tools-for-stm32.13.3.rel1.win32_1.0.0.202411081344/tools/bin/../lib/gcc/arm-none-eabi/13.3.1/../../../../arm-none-eabi/lib/thumb/v7e-m+fp/hard\libc_nano.a(libc_a-findfp.o)
 .text.global_stdio_init.part.0
                0x08002e20       0x3c J:/Joel/STM/STM32CubeIDE_1.17.0/STM32CubeIDE/plugins/com.st.stm32cube.ide.mcu.externaltools.gnu-tools-for-stm32.13.3.rel1.win32_1.0.0.202411081344/tools/bin/../lib/gcc/arm-none-eabi/13.3.1/../../../../arm-none-eabi/lib/thumb/v7e-m+fp/hard\libc_nano.a(libc_a-findfp.o)
 .text.__sfp_lock_acquire
                0x08002e5c        0xc J:/Joel/STM/STM32CubeIDE_1.17.0/STM32CubeIDE/plugins/com.st.stm32cube.ide.mcu.externaltools.gnu-tools-for-stm32.13.3.rel1.win32_1.0.0.202411081344/tools/bin/../lib/gcc/arm-none-eabi/13.3.1/../../../../arm-none-eabi/lib/thumb/v7e-m+fp/hard\libc_nano.a(libc_a-findfp.o)
                0x08002e5c                __sfp_lock_acquire
 .text.__sfp_lock_release
                0x08002e68        0xc J:/Joel/STM/STM32CubeIDE_1.17.0/STM32CubeIDE/plugins/com.st.stm32cube.ide.mcu.externaltools.gnu-tools-for-stm32.13.3.rel1.win32_1.0.0.202411081344/tools/bin/../lib/gcc/arm-none-eabi/13.3.1/../../../../arm-none-eabi/lib/thumb/v7e-m+fp/hard\libc_nano.a(libc_a-findfp.o)
                0x08002e68                __sfp_lock_release
 .text.__sinit  0x08002e74       0x30 J:/Joel/STM/STM32CubeIDE_1.17.0/STM32CubeIDE/plugins/com.st.stm32cube.ide.mcu.externaltools.gnu-tools-for-stm32.13.3.rel1.win32_1.0.0.202411081344/tools/bin/../lib/gcc/arm-none-eabi/13.3.1/../../../../arm-none-eabi/lib/thumb/v7e-m+fp/hard\libc_nano.a(libc_a-findfp.o)
                0x08002e74                __sinit
 .text._fwalk_sglue
                0x08002ea4       0x3c J:/Joel/STM/STM32CubeIDE_1.17.0/STM32CubeIDE/plugins/com.st.stm32cube.ide.mcu.externaltools.gnu-tools-for-stm32.13.3.rel1.win32_1.0.0.202411081344/tools/bin/../lib/gcc/arm-none-eabi/13.3.1/../../../../arm-none-eabi/lib/thumb/v7e-m+fp/hard\libc_nano.a(libc_a-fwalk.o)
                0x08002ea4                _fwalk_sglue
 .text._puts_r  0x08002ee0       0xaa J:/Joel/STM/STM32CubeIDE_1.17.0/STM32CubeIDE/plugins/com.st.stm32cube.ide.mcu.externaltools.gnu-tools-for-stm32.13.3.rel1.win32_1.0.0.202411081344/tools/bin/../lib/gcc/arm-none-eabi/13.3.1/../../../../arm-none-eabi/lib/thumb/v7e-m+fp/hard\libc_nano.a(libc_a-puts.o)
                0x08002ee0                _puts_r
 *fill*         0x08002f8a        0x2 
 .text.puts     0x08002f8c       0x10 J:/Joel/STM/STM32CubeIDE_1.17.0/STM32CubeIDE/plugins/com.st.stm32cube.ide.mcu.externaltools.gnu-tools-for-stm32.13.3.rel1.win32_1.0.0.202411081344/tools/bin/../lib/gcc/arm-none-eabi/13.3.1/../../../../arm-none-eabi/lib/thumb/v7e-m+fp/hard\libc_nano.a(libc_a-puts.o)
                0x08002f8c                puts
 .text.__sread  0x08002f9c       0x22 J:/Joel/STM/STM32CubeIDE_1.17.0/STM32CubeIDE/plugins/com.st.stm32cube.ide.mcu.externaltools.gnu-tools-for-stm32.13.3.rel1.win32_1.0.0.202411081344/tools/bin/../lib/gcc/arm-none-eabi/13.3.1/../../../../arm-none-eabi/lib/thumb/v7e-m+fp/hard\libc_nano.a(libc_a-stdio.o)
                0x08002f9c                __sread
 .text.__swrite
                0x08002fbe       0x38 J:/Joel/STM/STM32CubeIDE_1.17.0/STM32CubeIDE/plugins/com.st.stm32cube.ide.mcu.externaltools.gnu-tools-for-stm32.13.3.rel1.win32_1.0.0.202411081344/tools/bin/../lib/gcc/arm-none-eabi/13.3.1/../../../../arm-none-eabi/lib/thumb/v7e-m+fp/hard\libc_nano.a(libc_a-stdio.o)
                0x08002fbe                __swrite
 .text.__sseek  0x08002ff6       0x24 J:/Joel/STM/STM32CubeIDE_1.17.0/STM32CubeIDE/plugins/com.st.stm32cube.ide.mcu.externaltools.gnu-tools-for-stm32.13.3.rel1.win32_1.0.0.202411081344/tools/bin/../lib/gcc/arm-none-eabi/13.3.1/../../../../arm-none-eabi/lib/thumb/v7e-m+fp/hard\libc_nano.a(libc_a-stdio.o)
                0x08002ff6                __sseek
 .text.__sclose
                0x0800301a        0x8 J:/Joel/STM/STM32CubeIDE_1.17.0/STM32CubeIDE/plugins/com.st.stm32cube.ide.mcu.externaltools.gnu-tools-for-stm32.13.3.rel1.win32_1.0.0.202411081344/tools/bin/../lib/gcc/arm-none-eabi/13.3.1/../../../../arm-none-eabi/lib/thumb/v7e-m+fp/hard\libc_nano.a(libc_a-stdio.o)
                0x0800301a                __sclose
 .text.__swbuf_r
                0x08003022       0x7c J:/Joel/STM/STM32CubeIDE_1.17.0/STM32CubeIDE/plugins/com.st.stm32cube.ide.mcu.externaltools.gnu-tools-for-stm32.13.3.rel1.win32_1.0.0.202411081344/tools/bin/../lib/gcc/arm-none-eabi/13.3.1/../../../../arm-none-eabi/lib/thumb/v7e-m+fp/hard\libc_nano.a(libc_a-wbuf.o)
                0x08003022                __swbuf_r
 *fill*         0x0800309e        0x2 
 .text.__swsetup_r
                0x080030a0       0xac J:/Joel/STM/STM32CubeIDE_1.17.0/STM32CubeIDE/plugins/com.st.stm32cube.ide.mcu.externaltools.gnu-tools-for-stm32.13.3.rel1.win32_1.0.0.202411081344/tools/bin/../lib/gcc/arm-none-eabi/13.3.1/../../../../arm-none-eabi/lib/thumb/v7e-m+fp/hard\libc_nano.a(libc_a-wsetup.o)
                0x080030a0                __swsetup_r
 .text.memset   0x0800314c       0x10 J:/Joel/STM/STM32CubeIDE_1.17.0/STM32CubeIDE/plugins/com.st.stm32cube.ide.mcu.externaltools.gnu-tools-for-stm32.13.3.rel1.win32_1.0.0.202411081344/tools/bin/../lib/gcc/arm-none-eabi/13.3.1/../../../../arm-none-eabi/lib/thumb/v7e-m+fp/hard\libc_nano.a(libc_a-memset.o)
                0x0800314c                memset
 .text._close_r
                0x0800315c       0x20 J:/Joel/STM/STM32CubeIDE_1.17.0/STM32CubeIDE/plugins/com.st.stm32cube.ide.mcu.externaltools.gnu-tools-for-stm32.13.3.rel1.win32_1.0.0.202411081344/tools/bin/../lib/gcc/arm-none-eabi/13.3.1/../../../../arm-none-eabi/lib/thumb/v7e-m+fp/hard\libc_nano.a(libc_a-closer.o)
                0x0800315c                _close_r
 .text._lseek_r
                0x0800317c       0x24 J:/Joel/STM/STM32CubeIDE_1.17.0/STM32CubeIDE/plugins/com.st.stm32cube.ide.mcu.externaltools.gnu-tools-for-stm32.13.3.rel1.win32_1.0.0.202411081344/tools/bin/../lib/gcc/arm-none-eabi/13.3.1/../../../../arm-none-eabi/lib/thumb/v7e-m+fp/hard\libc_nano.a(libc_a-lseekr.o)
                0x0800317c                _lseek_r
 .text._read_r  0x080031a0       0x24 J:/Joel/STM/STM32CubeIDE_1.17.0/STM32CubeIDE/plugins/com.st.stm32cube.ide.mcu.externaltools.gnu-tools-for-stm32.13.3.rel1.win32_1.0.0.202411081344/tools/bin/../lib/gcc/arm-none-eabi/13.3.1/../../../../arm-none-eabi/lib/thumb/v7e-m+fp/hard\libc_nano.a(libc_a-readr.o)
                0x080031a0                _read_r
 .text._write_r
                0x080031c4       0x24 J:/Joel/STM/STM32CubeIDE_1.17.0/STM32CubeIDE/plugins/com.st.stm32cube.ide.mcu.externaltools.gnu-tools-for-stm32.13.3.rel1.win32_1.0.0.202411081344/tools/bin/../lib/gcc/arm-none-eabi/13.3.1/../../../../arm-none-eabi/lib/thumb/v7e-m+fp/hard\libc_nano.a(libc_a-writer.o)
                0x080031c4                _write_r
 .text.__errno  0x080031e8        0xc J:/Joel/STM/STM32CubeIDE_1.17.0/STM32CubeIDE/plugins/com.st.stm32cube.ide.mcu.externaltools.gnu-tools-for-stm32.13.3.rel1.win32_1.0.0.202411081344/tools/bin/../lib/gcc/arm-none-eabi/13.3.1/../../../../arm-none-eabi/lib/thumb/v7e-m+fp/hard\libc_nano.a(libc_a-errno.o)
                0x080031e8                __errno
 .text.__libc_init_array
                0x080031f4       0x48 J:/Joel/STM/STM32CubeIDE_1.17.0/STM32CubeIDE/plugins/com.st.stm32cube.ide.mcu.externaltools.gnu-tools-for-stm32.13.3.rel1.win32_1.0.0.202411081344/tools/bin/../lib/gcc/arm-none-eabi/13.3.1/../../../../arm-none-eabi/lib/thumb/v7e-m+fp/hard\libc_nano.a(libc_a-init.o)
                0x080031f4                __libc_init_array
 .text.__retarget_lock_init_recursive
                0x0800323c        0x2 J:/Joel/STM/STM32CubeIDE_1.17.0/STM32CubeIDE/plugins/com.st.stm32cube.ide.mcu.externaltools.gnu-tools-for-stm32.13.3.rel1.win32_1.0.0.202411081344/tools/bin/../lib/gcc/arm-none-eabi/13.3.1/../../../../arm-none-eabi/lib/thumb/v7e-m+fp/hard\libc_nano.a(libc_a-lock.o)
                0x0800323c                __retarget_lock_init_recursive
 .text.__retarget_lock_acquire_recursive
                0x0800323e        0x2 J:/Joel/STM/STM32CubeIDE_1.17.0/STM32CubeIDE/plugins/com.st.stm32cube.ide.mcu.externaltools.gnu-tools-for-stm32.13.3.rel1.win32_1.0.0.202411081344/tools/bin/../lib/gcc/arm-none-eabi/13.3.1/../../../../arm-none-eabi/lib/thumb/v7e-m+fp/hard\libc_nano.a(libc_a-lock.o)
                0x0800323e                __retarget_lock_acquire_recursive
 .text.__retarget_lock_release_recursive
                0x08003240        0x2 J:/Joel/STM/STM32CubeIDE_1.17.0/STM32CubeIDE/plugins/com.st.stm32cube.ide.mcu.externaltools.gnu-tools-for-stm32.13.3.rel1.win32_1.0.0.202411081344/tools/bin/../lib/gcc/arm-none-eabi/13.3.1/../../../../arm-none-eabi/lib/thumb/v7e-m+fp/hard\libc_nano.a(libc_a-lock.o)
                0x08003240                __retarget_lock_release_recursive
 *fill*         0x08003242        0x2 
 .text._free_r  0x08003244       0x94 J:/Joel/STM/STM32CubeIDE_1.17.0/STM32CubeIDE/plugins/com.st.stm32cube.ide.mcu.externaltools.gnu-tools-for-stm32.13.3.rel1.win32_1.0.0.202411081344/tools/bin/../lib/gcc/arm-none-eabi/13.3.1/../../../../arm-none-eabi/lib/thumb/v7e-m+fp/hard\libc_nano.a(libc_a-freer.o)
                0x08003244                _free_r
 .text.sbrk_aligned
                0x080032d8       0x44 J:/Joel/STM/STM32CubeIDE_1.17.0/STM32CubeIDE/plugins/com.st.stm32cube.ide.mcu.externaltools.gnu-tools-for-stm32.13.3.rel1.win32_1.0.0.202411081344/tools/bin/../lib/gcc/arm-none-eabi/13.3.1/../../../../arm-none-eabi/lib/thumb/v7e-m+fp/hard\libc_nano.a(libc_a-mallocr.o)
 .text._malloc_r
                0x0800331c      0x100 J:/Joel/STM/STM32CubeIDE_1.17.0/STM32CubeIDE/plugins/com.st.stm32cube.ide.mcu.externaltools.gnu-tools-for-stm32.13.3.rel1.win32_1.0.0.202411081344/tools/bin/../lib/gcc/arm-none-eabi/13.3.1/../../../../arm-none-eabi/lib/thumb/v7e-m+fp/hard\libc_nano.a(libc_a-mallocr.o)
                0x0800331c                _malloc_r
 .text.__malloc_lock
                0x0800341c        0xc J:/Joel/STM/STM32CubeIDE_1.17.0/STM32CubeIDE/plugins/com.st.stm32cube.ide.mcu.externaltools.gnu-tools-for-stm32.13.3.rel1.win32_1.0.0.202411081344/tools/bin/../lib/gcc/arm-none-eabi/13.3.1/../../../../arm-none-eabi/lib/thumb/v7e-m+fp/hard\libc_nano.a(libc_a-mlock.o)
                0x0800341c                __malloc_lock
 .text.__malloc_unlock
                0x08003428        0xc J:/Joel/STM/STM32CubeIDE_1.17.0/STM32CubeIDE/plugins/com.st.stm32cube.ide.mcu.externaltools.gnu-tools-for-stm32.13.3.rel1.win32_1.0.0.202411081344/tools/bin/../lib/gcc/arm-none-eabi/13.3.1/../../../../arm-none-eabi/lib/thumb/v7e-m+fp/hard\libc_nano.a(libc_a-mlock.o)
                0x08003428                __malloc_unlock
 .text.__sflush_r
                0x08003434      0x108 J:/Joel/STM/STM32CubeIDE_1.17.0/STM32CubeIDE/plugins/com.st.stm32cube.ide.mcu.externaltools.gnu-tools-for-stm32.13.3.rel1.win32_1.0.0.202411081344/tools/bin/../lib/gcc/arm-none-eabi/13.3.1/../../../../arm-none-eabi/lib/thumb/v7e-m+fp/hard\libc_nano.a(libc_a-fflush.o)
                0x08003434                __sflush_r
 .text._fflush_r
                0x0800353c       0x50 J:/Joel/STM/STM32CubeIDE_1.17.0/STM32CubeIDE/plugins/com.st.stm32cube.ide.mcu.externaltools.gnu-tools-for-stm32.13.3.rel1.win32_1.0.0.202411081344/tools/bin/../lib/gcc/arm-none-eabi/13.3.1/../../../../arm-none-eabi/lib/thumb/v7e-m+fp/hard\libc_nano.a(libc_a-fflush.o)
                0x0800353c                _fflush_r
 .text.__swhatbuf_r
                0x0800358c       0x4c J:/Joel/STM/STM32CubeIDE_1.17.0/STM32CubeIDE/plugins/com.st.stm32cube.ide.mcu.externaltools.gnu-tools-for-stm32.13.3.rel1.win32_1.0.0.202411081344/tools/bin/../lib/gcc/arm-none-eabi/13.3.1/../../../../arm-none-eabi/lib/thumb/v7e-m+fp/hard\libc_nano.a(libc_a-makebuf.o)
                0x0800358c                __swhatbuf_r
 .text.__smakebuf_r
                0x080035d8       0x78 J:/Joel/STM/STM32CubeIDE_1.17.0/STM32CubeIDE/plugins/com.st.stm32cube.ide.mcu.externaltools.gnu-tools-for-stm32.13.3.rel1.win32_1.0.0.202411081344/tools/bin/../lib/gcc/arm-none-eabi/13.3.1/../../../../arm-none-eabi/lib/thumb/v7e-m+fp/hard\libc_nano.a(libc_a-makebuf.o)
                0x080035d8                __smakebuf_r
 .text._fstat_r
                0x08003650       0x24 J:/Joel/STM/STM32CubeIDE_1.17.0/STM32CubeIDE/plugins/com.st.stm32cube.ide.mcu.externaltools.gnu-tools-for-stm32.13.3.rel1.win32_1.0.0.202411081344/tools/bin/../lib/gcc/arm-none-eabi/13.3.1/../../../../arm-none-eabi/lib/thumb/v7e-m+fp/hard\libc_nano.a(libc_a-fstatr.o)
                0x08003650                _fstat_r
 .text._isatty_r
                0x08003674       0x20 J:/Joel/STM/STM32CubeIDE_1.17.0/STM32CubeIDE/plugins/com.st.stm32cube.ide.mcu.externaltools.gnu-tools-for-stm32.13.3.rel1.win32_1.0.0.202411081344/tools/bin/../lib/gcc/arm-none-eabi/13.3.1/../../../../arm-none-eabi/lib/thumb/v7e-m+fp/hard\libc_nano.a(libc_a-isattyr.o)
                0x08003674                _isatty_r
 .text._sbrk_r  0x08003694       0x20 J:/Joel/STM/STM32CubeIDE_1.17.0/STM32CubeIDE/plugins/com.st.stm32cube.ide.mcu.externaltools.gnu-tools-for-stm32.13.3.rel1.win32_1.0.0.202411081344/tools/bin/../lib/gcc/arm-none-eabi/13.3.1/../../../../arm-none-eabi/lib/thumb/v7e-m+fp/hard\libc_nano.a(libc_a-sbrkr.o)
                0x08003694                _sbrk_r
 *(.glue_7)
 .glue_7        0x080036b4        0x0 linker stubs
 *(.glue_7t)
 .glue_7t       0x080036b4        0x0 linker stubs
 *(.eh_frame)
 .eh_frame      0x080036b4        0x0 J:/Joel/STM/STM32CubeIDE_1.17.0/STM32CubeIDE/plugins/com.st.stm32cube.ide.mcu.externaltools.gnu-tools-for-stm32.13.3.rel1.win32_1.0.0.202411081344/tools/bin/../lib/gcc/arm-none-eabi/13.3.1/thumb/v7e-m+fp/hard/crtbegin.o
 *(.init)
 .init          0x080036b4        0x4 J:/Joel/STM/STM32CubeIDE_1.17.0/STM32CubeIDE/plugins/com.st.stm32cube.ide.mcu.externaltools.gnu-tools-for-stm32.13.3.rel1.win32_1.0.0.202411081344/tools/bin/../lib/gcc/arm-none-eabi/13.3.1/thumb/v7e-m+fp/hard/crti.o
                0x080036b4                _init
 .init          0x080036b8        0x8 J:/Joel/STM/STM32CubeIDE_1.17.0/STM32CubeIDE/plugins/com.st.stm32cube.ide.mcu.externaltools.gnu-tools-for-stm32.13.3.rel1.win32_1.0.0.202411081344/tools/bin/../lib/gcc/arm-none-eabi/13.3.1/thumb/v7e-m+fp/hard/crtn.o
 *(.fini)
 .fini          0x080036c0        0x4 J:/Joel/STM/STM32CubeIDE_1.17.0/STM32CubeIDE/plugins/com.st.stm32cube.ide.mcu.externaltools.gnu-tools-for-stm32.13.3.rel1.win32_1.0.0.202411081344/tools/bin/../lib/gcc/arm-none-eabi/13.3.1/thumb/v7e-m+fp/hard/crti.o
                0x080036c0                _fini
 .fini          0x080036c4        0x8 J:/Joel/STM/STM32CubeIDE_1.17.0/STM32CubeIDE/plugins/com.st.stm32cube.ide.mcu.externaltools.gnu-tools-for-stm32.13.3.rel1.win32_1.0.0.202411081344/tools/bin/../lib/gcc/arm-none-eabi/13.3.1/thumb/v7e-m+fp/hard/crtn.o
                0x080036cc                        . = ALIGN (0x4)
                0x080036cc                        _etext = .

.vfp11_veneer   0x080036cc        0x0
 .vfp11_veneer  0x080036cc        0x0 linker stubs

.v4_bx          0x080036cc        0x0
 .v4_bx         0x080036cc        0x0 linker stubs

.iplt           0x080036cc        0x0
 .iplt          0x080036cc        0x0 J:/Joel/STM/STM32CubeIDE_1.17.0/STM32CubeIDE/plugins/com.st.stm32cube.ide.mcu.externaltools.gnu-tools-for-stm32.13.3.rel1.win32_1.0.0.202411081344/tools/bin/../lib/gcc/arm-none-eabi/13.3.1/thumb/v7e-m+fp/hard/crtbegin.o

.rodata         0x080036cc       0x2c
                0x080036cc                        . = ALIGN (0x4)
 *(.rodata)
 .rodata        0x080036cc       0x13 ./Core/Src/main.o
 *(.rodata*)
 *fill*         0x080036df        0x1 
 .rodata.AHBPrescTable
                0x080036e0       0x10 ./Core/Src/system_stm32f7xx.o
                0x080036e0                AHBPrescTable
 .rodata.APBPrescTable
                0x080036f0        0x8 ./Core/Src/system_stm32f7xx.o
                0x080036f0                APBPrescTable
                0x080036f8                        . = ALIGN (0x4)

.ARM.extab      0x080036f8        0x0
                0x080036f8                        . = ALIGN (0x4)
 *(.ARM.extab* .gnu.linkonce.armextab.*)
                0x080036f8                        . = ALIGN (0x4)

.ARM            0x080036f8        0x8
                0x080036f8                        . = ALIGN (0x4)
                0x080036f8                        __exidx_start = .
 *(.ARM.exidx*)
 .ARM.exidx     0x080036f8        0x8 J:/Joel/STM/STM32CubeIDE_1.17.0/STM32CubeIDE/plugins/com.st.stm32cube.ide.mcu.externaltools.gnu-tools-for-stm32.13.3.rel1.win32_1.0.0.202411081344/tools/bin/../lib/gcc/arm-none-eabi/13.3.1/thumb/v7e-m+fp/hard\libgcc.a(_udivmoddi4.o)
                0x08003700                        __exidx_end = .
                0x08003700                        . = ALIGN (0x4)

.preinit_array  0x08003700        0x0
                0x08003700                        . = ALIGN (0x4)
                0x08003700                        PROVIDE (__preinit_array_start = .)
 *(.preinit_array*)
                0x08003700                        PROVIDE (__preinit_array_end = .)
                0x08003700                        . = ALIGN (0x4)

.init_array     0x08003700        0x4
                0x08003700                        . = ALIGN (0x4)
                0x08003700                        PROVIDE (__init_array_start = .)
 *(SORT_BY_NAME(.init_array.*))
 *(.init_array*)
 .init_array    0x08003700        0x4 J:/Joel/STM/STM32CubeIDE_1.17.0/STM32CubeIDE/plugins/com.st.stm32cube.ide.mcu.externaltools.gnu-tools-for-stm32.13.3.rel1.win32_1.0.0.202411081344/tools/bin/../lib/gcc/arm-none-eabi/13.3.1/thumb/v7e-m+fp/hard/crtbegin.o
                0x08003704                        PROVIDE (__init_array_end = .)
                0x08003704                        . = ALIGN (0x4)

.fini_array     0x08003704        0x4
                0x08003704                        . = ALIGN (0x4)
                [!provide]                        PROVIDE (__fini_array_start = .)
 *(SORT_BY_NAME(.fini_array.*))
 *(.fini_array*)
 .fini_array    0x08003704        0x4 J:/Joel/STM/STM32CubeIDE_1.17.0/STM32CubeIDE/plugins/com.st.stm32cube.ide.mcu.externaltools.gnu-tools-for-stm32.13.3.rel1.win32_1.0.0.202411081344/tools/bin/../lib/gcc/arm-none-eabi/13.3.1/thumb/v7e-m+fp/hard/crtbegin.o
                [!provide]                        PROVIDE (__fini_array_end = .)
                0x08003708                        . = ALIGN (0x4)
                0x08003708                        _sidata = LOADADDR (.data)

.rel.dyn        0x08003708        0x0
 .rel.iplt      0x08003708        0x0 J:/Joel/STM/STM32CubeIDE_1.17.0/STM32CubeIDE/plugins/com.st.stm32cube.ide.mcu.externaltools.gnu-tools-for-stm32.13.3.rel1.win32_1.0.0.202411081344/tools/bin/../lib/gcc/arm-none-eabi/13.3.1/thumb/v7e-m+fp/hard/crtbegin.o

.data           0x20000000       0x68 load address 0x08003708
                0x20000000                        . = ALIGN (0x4)
                0x20000000                        _sdata = .
 *(.data)
 *(.data*)
 .data.SystemCoreClock
                0x20000000        0x4 ./Core/Src/system_stm32f7xx.o
                0x20000000                SystemCoreClock
 .data.uwTickPrio
                0x20000004        0x4 ./Drivers/STM32F7xx_HAL_Driver/Src/stm32f7xx_hal.o
                0x20000004                uwTickPrio
 .data.uwTickFreq
                0x20000008        0x1 ./Drivers/STM32F7xx_HAL_Driver/Src/stm32f7xx_hal.o
                0x20000008                uwTickFreq
 *fill*         0x20000009        0x3 
 .data.__sglue  0x2000000c        0xc J:/Joel/STM/STM32CubeIDE_1.17.0/STM32CubeIDE/plugins/com.st.stm32cube.ide.mcu.externaltools.gnu-tools-for-stm32.13.3.rel1.win32_1.0.0.202411081344/tools/bin/../lib/gcc/arm-none-eabi/13.3.1/../../../../arm-none-eabi/lib/thumb/v7e-m+fp/hard\libc_nano.a(libc_a-findfp.o)
                0x2000000c                __sglue
 .data._impure_ptr
                0x20000018        0x4 J:/Joel/STM/STM32CubeIDE_1.17.0/STM32CubeIDE/plugins/com.st.stm32cube.ide.mcu.externaltools.gnu-tools-for-stm32.13.3.rel1.win32_1.0.0.202411081344/tools/bin/../lib/gcc/arm-none-eabi/13.3.1/../../../../arm-none-eabi/lib/thumb/v7e-m+fp/hard\libc_nano.a(libc_a-impure.o)
                0x20000018                _impure_ptr
 .data._impure_data
                0x2000001c       0x4c J:/Joel/STM/STM32CubeIDE_1.17.0/STM32CubeIDE/plugins/com.st.stm32cube.ide.mcu.externaltools.gnu-tools-for-stm32.13.3.rel1.win32_1.0.0.202411081344/tools/bin/../lib/gcc/arm-none-eabi/13.3.1/../../../../arm-none-eabi/lib/thumb/v7e-m+fp/hard\libc_nano.a(libc_a-impure.o)
                0x2000001c                _impure_data
 *(.RamFunc)
 *(.RamFunc*)
                0x20000068                        . = ALIGN (0x4)
                0x20000068                        _edata = .

.igot.plt       0x20000068        0x0 load address 0x08003770
 .igot.plt      0x20000068        0x0 J:/Joel/STM/STM32CubeIDE_1.17.0/STM32CubeIDE/plugins/com.st.stm32cube.ide.mcu.externaltools.gnu-tools-for-stm32.13.3.rel1.win32_1.0.0.202411081344/tools/bin/../lib/gcc/arm-none-eabi/13.3.1/thumb/v7e-m+fp/hard/crtbegin.o
                0x20000068                        . = ALIGN (0x4)

.bss            0x20000068      0x1f8 load address 0x08003770
                0x20000068                        _sbss = .
                0x20000068                        __bss_start__ = _sbss
 *(.bss)
 .bss           0x20000068       0x1c J:/Joel/STM/STM32CubeIDE_1.17.0/STM32CubeIDE/plugins/com.st.stm32cube.ide.mcu.externaltools.gnu-tools-for-stm32.13.3.rel1.win32_1.0.0.202411081344/tools/bin/../lib/gcc/arm-none-eabi/13.3.1/thumb/v7e-m+fp/hard/crtbegin.o
 *(.bss*)
 .bss.huart3    0x20000084       0x88 ./Core/Src/main.o
                0x20000084                huart3
 .bss.__sbrk_heap_end
                0x2000010c        0x4 ./Core/Src/sysmem.o
 .bss.uwTick    0x20000110        0x4 ./Drivers/STM32F7xx_HAL_Driver/Src/stm32f7xx_hal.o
                0x20000110                uwTick
 .bss.__sf      0x20000114      0x138 J:/Joel/STM/STM32CubeIDE_1.17.0/STM32CubeIDE/plugins/com.st.stm32cube.ide.mcu.externaltools.gnu-tools-for-stm32.13.3.rel1.win32_1.0.0.202411081344/tools/bin/../lib/gcc/arm-none-eabi/13.3.1/../../../../arm-none-eabi/lib/thumb/v7e-m+fp/hard\libc_nano.a(libc_a-findfp.o)
                0x20000114                __sf
 .bss.__stdio_exit_handler
                0x2000024c        0x4 J:/Joel/STM/STM32CubeIDE_1.17.0/STM32CubeIDE/plugins/com.st.stm32cube.ide.mcu.externaltools.gnu-tools-for-stm32.13.3.rel1.win32_1.0.0.202411081344/tools/bin/../lib/gcc/arm-none-eabi/13.3.1/../../../../arm-none-eabi/lib/thumb/v7e-m+fp/hard\libc_nano.a(libc_a-findfp.o)
                0x2000024c                __stdio_exit_handler
 .bss.errno     0x20000250        0x4 J:/Joel/STM/STM32CubeIDE_1.17.0/STM32CubeIDE/plugins/com.st.stm32cube.ide.mcu.externaltools.gnu-tools-for-stm32.13.3.rel1.win32_1.0.0.202411081344/tools/bin/../lib/gcc/arm-none-eabi/13.3.1/../../../../arm-none-eabi/lib/thumb/v7e-m+fp/hard\libc_nano.a(libc_a-reent.o)
                0x20000250                errno
 .bss.__lock___malloc_recursive_mutex
                0x20000254        0x1 J:/Joel/STM/STM32CubeIDE_1.17.0/STM32CubeIDE/plugins/com.st.stm32cube.ide.mcu.externaltools.gnu-tools-for-stm32.13.3.rel1.win32_1.0.0.202411081344/tools/bin/../lib/gcc/arm-none-eabi/13.3.1/../../../../arm-none-eabi/lib/thumb/v7e-m+fp/hard\libc_nano.a(libc_a-lock.o)
                0x20000254                __lock___malloc_recursive_mutex
 .bss.__lock___sfp_recursive_mutex
                0x20000255        0x1 J:/Joel/STM/STM32CubeIDE_1.17.0/STM32CubeIDE/plugins/com.st.stm32cube.ide.mcu.externaltools.gnu-tools-for-stm32.13.3.rel1.win32_1.0.0.202411081344/tools/bin/../lib/gcc/arm-none-eabi/13.3.1/../../../../arm-none-eabi/lib/thumb/v7e-m+fp/hard\libc_nano.a(libc_a-lock.o)
                0x20000255                __lock___sfp_recursive_mutex
 *fill*         0x20000256        0x2 
 .bss.__malloc_sbrk_start
                0x20000258        0x4 J:/Joel/STM/STM32CubeIDE_1.17.0/STM32CubeIDE/plugins/com.st.stm32cube.ide.mcu.externaltools.gnu-tools-for-stm32.13.3.rel1.win32_1.0.0.202411081344/tools/bin/../lib/gcc/arm-none-eabi/13.3.1/../../../../arm-none-eabi/lib/thumb/v7e-m+fp/hard\libc_nano.a(libc_a-mallocr.o)
                0x20000258                __malloc_sbrk_start
 .bss.__malloc_free_list
                0x2000025c        0x4 J:/Joel/STM/STM32CubeIDE_1.17.0/STM32CubeIDE/plugins/com.st.stm32cube.ide.mcu.externaltools.gnu-tools-for-stm32.13.3.rel1.win32_1.0.0.202411081344/tools/bin/../lib/gcc/arm-none-eabi/13.3.1/../../../../arm-none-eabi/lib/thumb/v7e-m+fp/hard\libc_nano.a(libc_a-mallocr.o)
                0x2000025c                __malloc_free_list
 *(COMMON)
                0x20000260                        . = ALIGN (0x4)
                0x20000260                        _ebss = .
                0x20000260                        __bss_end__ = _ebss

._user_heap_stack
                0x20000260     0x1000 load address 0x08003770
                0x20000260                        . = ALIGN (0x8)
                [!provide]                        PROVIDE (end = .)
                0x20000260                        PROVIDE (_end = .)
                0x20000a60                        . = (. + _Min_Heap_Size)
 *fill*         0x20000260      0x800 
                0x20001260                        . = (. + _Min_Stack_Size)
 *fill*         0x20000a60      0x800 
                0x20001260                        . = ALIGN (0x8)

/DISCARD/
 libc.a(*)
 libm.a(*)
 libgcc.a(*)

.ARM.attributes
                0x00000000       0x30
 *(.ARM.attributes)
 .ARM.attributes
                0x00000000       0x22 J:/Joel/STM/STM32CubeIDE_1.17.0/STM32CubeIDE/plugins/com.st.stm32cube.ide.mcu.externaltools.gnu-tools-for-stm32.13.3.rel1.win32_1.0.0.202411081344/tools/bin/../lib/gcc/arm-none-eabi/13.3.1/thumb/v7e-m+fp/hard/crti.o
 .ARM.attributes
                0x00000022       0x34 J:/Joel/STM/STM32CubeIDE_1.17.0/STM32CubeIDE/plugins/com.st.stm32cube.ide.mcu.externaltools.gnu-tools-for-stm32.13.3.rel1.win32_1.0.0.202411081344/tools/bin/../lib/gcc/arm-none-eabi/13.3.1/thumb/v7e-m+fp/hard/crtbegin.o
 .ARM.attributes
                0x00000056       0x34 ./Core/Src/main.o
 .ARM.attributes
                0x0000008a       0x34 ./Core/Src/stm32f7xx_hal_msp.o
 .ARM.attributes
                0x000000be       0x34 ./Core/Src/stm32f7xx_it.o
 .ARM.attributes
                0x000000f2       0x34 ./Core/Src/sysmem.o
 .ARM.attributes
                0x00000126       0x34 ./Core/Src/system_stm32f7xx.o
 .ARM.attributes
                0x0000015a       0x21 ./Core/Startup/startup_stm32f723iekx.o
 .ARM.attributes
                0x0000017b       0x34 ./Drivers/STM32F7xx_HAL_Driver/Src/stm32f7xx_hal.o
 .ARM.attributes
                0x000001af       0x34 ./Drivers/STM32F7xx_HAL_Driver/Src/stm32f7xx_hal_cortex.o
 .ARM.attributes
                0x000001e3       0x34 ./Drivers/STM32F7xx_HAL_Driver/Src/stm32f7xx_hal_gpio.o
 .ARM.attributes
                0x00000217       0x34 ./Drivers/STM32F7xx_HAL_Driver/Src/stm32f7xx_hal_pwr_ex.o
 .ARM.attributes
                0x0000024b       0x34 ./Drivers/STM32F7xx_HAL_Driver/Src/stm32f7xx_hal_rcc.o
 .ARM.attributes
                0x0000027f       0x34 ./Drivers/STM32F7xx_HAL_Driver/Src/stm32f7xx_hal_rcc_ex.o
 .ARM.attributes
                0x000002b3       0x34 ./Drivers/STM32F7xx_HAL_Driver/Src/stm32f7xx_hal_uart.o
 .ARM.attributes
                0x000002e7       0x34 ./X-CUBE-AI/App/app_x-cube-ai.o
 .ARM.attributes
                0x0000031b       0x34 J:/Joel/STM/STM32CubeIDE_1.17.0/STM32CubeIDE/plugins/com.st.stm32cube.ide.mcu.externaltools.gnu-tools-for-stm32.13.3.rel1.win32_1.0.0.202411081344/tools/bin/../lib/gcc/arm-none-eabi/13.3.1/../../../../arm-none-eabi/lib/thumb/v7e-m+fp/hard\libc_nano.a(libc_a-findfp.o)
 .ARM.attributes
                0x0000034f       0x34 J:/Joel/STM/STM32CubeIDE_1.17.0/STM32CubeIDE/plugins/com.st.stm32cube.ide.mcu.externaltools.gnu-tools-for-stm32.13.3.rel1.win32_1.0.0.202411081344/tools/bin/../lib/gcc/arm-none-eabi/13.3.1/../../../../arm-none-eabi/lib/thumb/v7e-m+fp/hard\libc_nano.a(libc_a-fwalk.o)
 .ARM.attributes
                0x00000383       0x34 J:/Joel/STM/STM32CubeIDE_1.17.0/STM32CubeIDE/plugins/com.st.stm32cube.ide.mcu.externaltools.gnu-tools-for-stm32.13.3.rel1.win32_1.0.0.202411081344/tools/bin/../lib/gcc/arm-none-eabi/13.3.1/../../../../arm-none-eabi/lib/thumb/v7e-m+fp/hard\libc_nano.a(libc_a-puts.o)
 .ARM.attributes
                0x000003b7       0x34 J:/Joel/STM/STM32CubeIDE_1.17.0/STM32CubeIDE/plugins/com.st.stm32cube.ide.mcu.externaltools.gnu-tools-for-stm32.13.3.rel1.win32_1.0.0.202411081344/tools/bin/../lib/gcc/arm-none-eabi/13.3.1/../../../../arm-none-eabi/lib/thumb/v7e-m+fp/hard\libc_nano.a(libc_a-stdio.o)
 .ARM.attributes
                0x000003eb       0x34 J:/Joel/STM/STM32CubeIDE_1.17.0/STM32CubeIDE/plugins/com.st.stm32cube.ide.mcu.externaltools.gnu-tools-for-stm32.13.3.rel1.win32_1.0.0.202411081344/tools/bin/../lib/gcc/arm-none-eabi/13.3.1/../../../../arm-none-eabi/lib/thumb/v7e-m+fp/hard\libc_nano.a(libc_a-wbuf.o)
 .ARM.attributes
                0x0000041f       0x34 J:/Joel/STM/STM32CubeIDE_1.17.0/STM32CubeIDE/plugins/com.st.stm32cube.ide.mcu.externaltools.gnu-tools-for-stm32.13.3.rel1.win32_1.0.0.202411081344/tools/bin/../lib/gcc/arm-none-eabi/13.3.1/../../../../arm-none-eabi/lib/thumb/v7e-m+fp/hard\libc_nano.a(libc_a-wsetup.o)
 .ARM.attributes
                0x00000453       0x34 J:/Joel/STM/STM32CubeIDE_1.17.0/STM32CubeIDE/plugins/com.st.stm32cube.ide.mcu.externaltools.gnu-tools-for-stm32.13.3.rel1.win32_1.0.0.202411081344/tools/bin/../lib/gcc/arm-none-eabi/13.3.1/../../../../arm-none-eabi/lib/thumb/v7e-m+fp/hard\libc_nano.a(libc_a-memset.o)
 .ARM.attributes
                0x00000487       0x34 J:/Joel/STM/STM32CubeIDE_1.17.0/STM32CubeIDE/plugins/com.st.stm32cube.ide.mcu.externaltools.gnu-tools-for-stm32.13.3.rel1.win32_1.0.0.202411081344/tools/bin/../lib/gcc/arm-none-eabi/13.3.1/../../../../arm-none-eabi/lib/thumb/v7e-m+fp/hard\libc_nano.a(libc_a-closer.o)
 .ARM.attributes
                0x000004bb       0x34 J:/Joel/STM/STM32CubeIDE_1.17.0/STM32CubeIDE/plugins/com.st.stm32cube.ide.mcu.externaltools.gnu-tools-for-stm32.13.3.rel1.win32_1.0.0.202411081344/tools/bin/../lib/gcc/arm-none-eabi/13.3.1/../../../../arm-none-eabi/lib/thumb/v7e-m+fp/hard\libc_nano.a(libc_a-reent.o)
 .ARM.attributes
                0x000004ef       0x34 J:/Joel/STM/STM32CubeIDE_1.17.0/STM32CubeIDE/plugins/com.st.stm32cube.ide.mcu.externaltools.gnu-tools-for-stm32.13.3.rel1.win32_1.0.0.202411081344/tools/bin/../lib/gcc/arm-none-eabi/13.3.1/../../../../arm-none-eabi/lib/thumb/v7e-m+fp/hard\libc_nano.a(libc_a-impure.o)
 .ARM.attributes
                0x00000523       0x34 J:/Joel/STM/STM32CubeIDE_1.17.0/STM32CubeIDE/plugins/com.st.stm32cube.ide.mcu.externaltools.gnu-tools-for-stm32.13.3.rel1.win32_1.0.0.202411081344/tools/bin/../lib/gcc/arm-none-eabi/13.3.1/../../../../arm-none-eabi/lib/thumb/v7e-m+fp/hard\libc_nano.a(libc_a-lseekr.o)
 .ARM.attributes
                0x00000557       0x34 J:/Joel/STM/STM32CubeIDE_1.17.0/STM32CubeIDE/plugins/com.st.stm32cube.ide.mcu.externaltools.gnu-tools-for-stm32.13.3.rel1.win32_1.0.0.202411081344/tools/bin/../lib/gcc/arm-none-eabi/13.3.1/../../../../arm-none-eabi/lib/thumb/v7e-m+fp/hard\libc_nano.a(libc_a-readr.o)
 .ARM.attributes
                0x0000058b       0x34 J:/Joel/STM/STM32CubeIDE_1.17.0/STM32CubeIDE/plugins/com.st.stm32cube.ide.mcu.externaltools.gnu-tools-for-stm32.13.3.rel1.win32_1.0.0.202411081344/tools/bin/../lib/gcc/arm-none-eabi/13.3.1/../../../../arm-none-eabi/lib/thumb/v7e-m+fp/hard\libc_nano.a(libc_a-writer.o)
 .ARM.attributes
                0x000005bf       0x34 J:/Joel/STM/STM32CubeIDE_1.17.0/STM32CubeIDE/plugins/com.st.stm32cube.ide.mcu.externaltools.gnu-tools-for-stm32.13.3.rel1.win32_1.0.0.202411081344/tools/bin/../lib/gcc/arm-none-eabi/13.3.1/../../../../arm-none-eabi/lib/thumb/v7e-m+fp/hard\libc_nano.a(libc_a-errno.o)
 .ARM.attributes
                0x000005f3       0x34 J:/Joel/STM/STM32CubeIDE_1.17.0/STM32CubeIDE/plugins/com.st.stm32cube.ide.mcu.externaltools.gnu-tools-for-stm32.13.3.rel1.win32_1.0.0.202411081344/tools/bin/../lib/gcc/arm-none-eabi/13.3.1/../../../../arm-none-eabi/lib/thumb/v7e-m+fp/hard\libc_nano.a(libc_a-init.o)
 .ARM.attributes
                0x00000627       0x34 J:/Joel/STM/STM32CubeIDE_1.17.0/STM32CubeIDE/plugins/com.st.stm32cube.ide.mcu.externaltools.gnu-tools-for-stm32.13.3.rel1.win32_1.0.0.202411081344/tools/bin/../lib/gcc/arm-none-eabi/13.3.1/../../../../arm-none-eabi/lib/thumb/v7e-m+fp/hard\libc_nano.a(libc_a-lock.o)
 .ARM.attributes
                0x0000065b       0x34 J:/Joel/STM/STM32CubeIDE_1.17.0/STM32CubeIDE/plugins/com.st.stm32cube.ide.mcu.externaltools.gnu-tools-for-stm32.13.3.rel1.win32_1.0.0.202411081344/tools/bin/../lib/gcc/arm-none-eabi/13.3.1/../../../../arm-none-eabi/lib/thumb/v7e-m+fp/hard\libc_nano.a(libc_a-freer.o)
 .ARM.attributes
                0x0000068f       0x34 J:/Joel/STM/STM32CubeIDE_1.17.0/STM32CubeIDE/plugins/com.st.stm32cube.ide.mcu.externaltools.gnu-tools-for-stm32.13.3.rel1.win32_1.0.0.202411081344/tools/bin/../lib/gcc/arm-none-eabi/13.3.1/../../../../arm-none-eabi/lib/thumb/v7e-m+fp/hard\libc_nano.a(libc_a-mallocr.o)
 .ARM.attributes
                0x000006c3       0x34 J:/Joel/STM/STM32CubeIDE_1.17.0/STM32CubeIDE/plugins/com.st.stm32cube.ide.mcu.externaltools.gnu-tools-for-stm32.13.3.rel1.win32_1.0.0.202411081344/tools/bin/../lib/gcc/arm-none-eabi/13.3.1/../../../../arm-none-eabi/lib/thumb/v7e-m+fp/hard\libc_nano.a(libc_a-mlock.o)
 .ARM.attributes
                0x000006f7       0x34 J:/Joel/STM/STM32CubeIDE_1.17.0/STM32CubeIDE/plugins/com.st.stm32cube.ide.mcu.externaltools.gnu-tools-for-stm32.13.3.rel1.win32_1.0.0.202411081344/tools/bin/../lib/gcc/arm-none-eabi/13.3.1/../../../../arm-none-eabi/lib/thumb/v7e-m+fp/hard\libc_nano.a(libc_a-fflush.o)
 .ARM.attributes
                0x0000072b       0x34 J:/Joel/STM/STM32CubeIDE_1.17.0/STM32CubeIDE/plugins/com.st.stm32cube.ide.mcu.externaltools.gnu-tools-for-stm32.13.3.rel1.win32_1.0.0.202411081344/tools/bin/../lib/gcc/arm-none-eabi/13.3.1/../../../../arm-none-eabi/lib/thumb/v7e-m+fp/hard\libc_nano.a(libc_a-makebuf.o)
 .ARM.attributes
                0x0000075f       0x34 J:/Joel/STM/STM32CubeIDE_1.17.0/STM32CubeIDE/plugins/com.st.stm32cube.ide.mcu.externaltools.gnu-tools-for-stm32.13.3.rel1.win32_1.0.0.202411081344/tools/bin/../lib/gcc/arm-none-eabi/13.3.1/../../../../arm-none-eabi/lib/thumb/v7e-m+fp/hard\libc_nano.a(libc_a-fstatr.o)
 .ARM.attributes
                0x00000793       0x34 J:/Joel/STM/STM32CubeIDE_1.17.0/STM32CubeIDE/plugins/com.st.stm32cube.ide.mcu.externaltools.gnu-tools-for-stm32.13.3.rel1.win32_1.0.0.202411081344/tools/bin/../lib/gcc/arm-none-eabi/13.3.1/../../../../arm-none-eabi/lib/thumb/v7e-m+fp/hard\libc_nano.a(libc_a-isattyr.o)
 .ARM.attributes
                0x000007c7       0x34 J:/Joel/STM/STM32CubeIDE_1.17.0/STM32CubeIDE/plugins/com.st.stm32cube.ide.mcu.externaltools.gnu-tools-for-stm32.13.3.rel1.win32_1.0.0.202411081344/tools/bin/../lib/gcc/arm-none-eabi/13.3.1/../../../../arm-none-eabi/lib/thumb/v7e-m+fp/hard\libc_nano.a(libc_a-sbrkr.o)
 .ARM.attributes
                0x000007fb       0x22 J:/Joel/STM/STM32CubeIDE_1.17.0/STM32CubeIDE/plugins/com.st.stm32cube.ide.mcu.externaltools.gnu-tools-for-stm32.13.3.rel1.win32_1.0.0.202411081344/tools/bin/../lib/gcc/arm-none-eabi/13.3.1/thumb/v7e-m+fp/hard\libgcc.a(_aeabi_uldivmod.o)
 .ARM.attributes
                0x0000081d       0x34 J:/Joel/STM/STM32CubeIDE_1.17.0/STM32CubeIDE/plugins/com.st.stm32cube.ide.mcu.externaltools.gnu-tools-for-stm32.13.3.rel1.win32_1.0.0.202411081344/tools/bin/../lib/gcc/arm-none-eabi/13.3.1/thumb/v7e-m+fp/hard\libgcc.a(_udivmoddi4.o)
 .ARM.attributes
                0x00000851       0x22 J:/Joel/STM/STM32CubeIDE_1.17.0/STM32CubeIDE/plugins/com.st.stm32cube.ide.mcu.externaltools.gnu-tools-for-stm32.13.3.rel1.win32_1.0.0.202411081344/tools/bin/../lib/gcc/arm-none-eabi/13.3.1/thumb/v7e-m+fp/hard\libgcc.a(_dvmd_tls.o)
 .ARM.attributes
                0x00000873       0x22 J:/Joel/STM/STM32CubeIDE_1.17.0/STM32CubeIDE/plugins/com.st.stm32cube.ide.mcu.externaltools.gnu-tools-for-stm32.13.3.rel1.win32_1.0.0.202411081344/tools/bin/../lib/gcc/arm-none-eabi/13.3.1/thumb/v7e-m+fp/hard/crtn.o
OUTPUT(mcu_final.elf elf32-littlearm)
LOAD linker stubs
LOAD J:/Joel/STM/STM32CubeIDE_1.17.0/STM32CubeIDE/plugins/com.st.stm32cube.ide.mcu.externaltools.gnu-tools-for-stm32.13.3.rel1.win32_1.0.0.202411081344/tools/bin/../lib/gcc/arm-none-eabi/13.3.1/../../../../arm-none-eabi/lib/thumb/v7e-m+fp/hard\libc.a
LOAD J:/Joel/STM/STM32CubeIDE_1.17.0/STM32CubeIDE/plugins/com.st.stm32cube.ide.mcu.externaltools.gnu-tools-for-stm32.13.3.rel1.win32_1.0.0.202411081344/tools/bin/../lib/gcc/arm-none-eabi/13.3.1/../../../../arm-none-eabi/lib/thumb/v7e-m+fp/hard\libm.a
LOAD J:/Joel/STM/STM32CubeIDE_1.17.0/STM32CubeIDE/plugins/com.st.stm32cube.ide.mcu.externaltools.gnu-tools-for-stm32.13.3.rel1.win32_1.0.0.202411081344/tools/bin/../lib/gcc/arm-none-eabi/13.3.1/thumb/v7e-m+fp/hard\libgcc.a

.debug_info     0x00000000     0x9d54
 .debug_info    0x00000000     0x14c8 ./Core/Src/main.o
 .debug_info    0x000014c8      0xc53 ./Core/Src/stm32f7xx_hal_msp.o
 .debug_info    0x0000211b      0x112 ./Core/Src/stm32f7xx_it.o
 .debug_info    0x0000222d      0x168 ./Core/Src/sysmem.o
 .debug_info    0x00002395      0x6ed ./Core/Src/system_stm32f7xx.o
 .debug_info    0x00002a82       0x30 ./Core/Startup/startup_stm32f723iekx.o
 .debug_info    0x00002ab2      0x990 ./Drivers/STM32F7xx_HAL_Driver/Src/stm32f7xx_hal.o
 .debug_info    0x00003442      0xf36 ./Drivers/STM32F7xx_HAL_Driver/Src/stm32f7xx_hal_cortex.o
 .debug_info    0x00004378      0x6e7 ./Drivers/STM32F7xx_HAL_Driver/Src/stm32f7xx_hal_gpio.o
 .debug_info    0x00004a5f      0x8cd ./Drivers/STM32F7xx_HAL_Driver/Src/stm32f7xx_hal_pwr_ex.o
 .debug_info    0x0000532c      0x8e8 ./Drivers/STM32F7xx_HAL_Driver/Src/stm32f7xx_hal_rcc.o
 .debug_info    0x00005c14      0x6b2 ./Drivers/STM32F7xx_HAL_Driver/Src/stm32f7xx_hal_rcc_ex.o
 .debug_info    0x000062c6     0x39da ./Drivers/STM32F7xx_HAL_Driver/Src/stm32f7xx_hal_uart.o
 .debug_info    0x00009ca0       0xb4 ./X-CUBE-AI/App/app_x-cube-ai.o

.debug_abbrev   0x00000000     0x17ff
 .debug_abbrev  0x00000000      0x367 ./Core/Src/main.o
 .debug_abbrev  0x00000367      0x1d6 ./Core/Src/stm32f7xx_hal_msp.o
 .debug_abbrev  0x0000053d       0x73 ./Core/Src/stm32f7xx_it.o
 .debug_abbrev  0x000005b0       0xbc ./Core/Src/sysmem.o
 .debug_abbrev  0x0000066c      0x13b ./Core/Src/system_stm32f7xx.o
 .debug_abbrev  0x000007a7       0x24 ./Core/Startup/startup_stm32f723iekx.o
 .debug_abbrev  0x000007cb      0x213 ./Drivers/STM32F7xx_HAL_Driver/Src/stm32f7xx_hal.o
 .debug_abbrev  0x000009de      0x31e ./Drivers/STM32F7xx_HAL_Driver/Src/stm32f7xx_hal_cortex.o
 .debug_abbrev  0x00000cfc      0x1d4 ./Drivers/STM32F7xx_HAL_Driver/Src/stm32f7xx_hal_gpio.o
 .debug_abbrev  0x00000ed0      0x1d5 ./Drivers/STM32F7xx_HAL_Driver/Src/stm32f7xx_hal_pwr_ex.o
 .debug_abbrev  0x000010a5      0x288 ./Drivers/STM32F7xx_HAL_Driver/Src/stm32f7xx_hal_rcc.o
 .debug_abbrev  0x0000132d      0x1a5 ./Drivers/STM32F7xx_HAL_Driver/Src/stm32f7xx_hal_rcc_ex.o
 .debug_abbrev  0x000014d2      0x2e6 ./Drivers/STM32F7xx_HAL_Driver/Src/stm32f7xx_hal_uart.o
 .debug_abbrev  0x000017b8       0x47 ./X-CUBE-AI/App/app_x-cube-ai.o

.debug_aranges  0x00000000      0x7b0
 .debug_aranges
                0x00000000       0x88 ./Core/Src/main.o
 .debug_aranges
                0x00000088       0x30 ./Core/Src/stm32f7xx_hal_msp.o
 .debug_aranges
                0x000000b8       0x60 ./Core/Src/stm32f7xx_it.o
 .debug_aranges
                0x00000118       0x20 ./Core/Src/sysmem.o
 .debug_aranges
                0x00000138       0x28 ./Core/Src/system_stm32f7xx.o
 .debug_aranges
                0x00000160       0x28 ./Core/Startup/startup_stm32f723iekx.o
 .debug_aranges
                0x00000188      0x100 ./Drivers/STM32F7xx_HAL_Driver/Src/stm32f7xx_hal.o
 .debug_aranges
                0x00000288      0x128 ./Drivers/STM32F7xx_HAL_Driver/Src/stm32f7xx_hal_cortex.o
 .debug_aranges
                0x000003b0       0x58 ./Drivers/STM32F7xx_HAL_Driver/Src/stm32f7xx_hal_gpio.o
 .debug_aranges
                0x00000408       0x80 ./Drivers/STM32F7xx_HAL_Driver/Src/stm32f7xx_hal_pwr_ex.o
 .debug_aranges
                0x00000488       0x88 ./Drivers/STM32F7xx_HAL_Driver/Src/stm32f7xx_hal_rcc.o
 .debug_aranges
                0x00000510       0x50 ./Drivers/STM32F7xx_HAL_Driver/Src/stm32f7xx_hal_rcc_ex.o
 .debug_aranges
                0x00000560      0x228 ./Drivers/STM32F7xx_HAL_Driver/Src/stm32f7xx_hal_uart.o
 .debug_aranges
                0x00000788       0x28 ./X-CUBE-AI/App/app_x-cube-ai.o

.debug_rnglists
                0x00000000      0x5d5
 .debug_rnglists
                0x00000000       0x63 ./Core/Src/main.o
 .debug_rnglists
                0x00000063       0x20 ./Core/Src/stm32f7xx_hal_msp.o
 .debug_rnglists
                0x00000083       0x43 ./Core/Src/stm32f7xx_it.o
 .debug_rnglists
                0x000000c6       0x13 ./Core/Src/sysmem.o
 .debug_rnglists
                0x000000d9       0x1a ./Core/Src/system_stm32f7xx.o
 .debug_rnglists
                0x000000f3       0x19 ./Core/Startup/startup_stm32f723iekx.o
 .debug_rnglists
                0x0000010c       0xbb ./Drivers/STM32F7xx_HAL_Driver/Src/stm32f7xx_hal.o
 .debug_rnglists
                0x000001c7       0xda ./Drivers/STM32F7xx_HAL_Driver/Src/stm32f7xx_hal_cortex.o
 .debug_rnglists
                0x000002a1       0x3f ./Drivers/STM32F7xx_HAL_Driver/Src/stm32f7xx_hal_gpio.o
 .debug_rnglists
                0x000002e0       0x5f ./Drivers/STM32F7xx_HAL_Driver/Src/stm32f7xx_hal_pwr_ex.o
 .debug_rnglists
                0x0000033f       0x67 ./Drivers/STM32F7xx_HAL_Driver/Src/stm32f7xx_hal_rcc.o
 .debug_rnglists
                0x000003a6       0x3c ./Drivers/STM32F7xx_HAL_Driver/Src/stm32f7xx_hal_rcc_ex.o
 .debug_rnglists
                0x000003e2      0x1da ./Drivers/STM32F7xx_HAL_Driver/Src/stm32f7xx_hal_uart.o
 .debug_rnglists
                0x000005bc       0x19 ./X-CUBE-AI/App/app_x-cube-ai.o

.debug_macro    0x00000000    0x22a89
 .debug_macro   0x00000000      0x39a ./Core/Src/main.o
 .debug_macro   0x0000039a      0xad8 ./Core/Src/main.o
 .debug_macro   0x00000e72       0x22 ./Core/Src/main.o
 .debug_macro   0x00000e94       0x5b ./Core/Src/main.o
 .debug_macro   0x00000eef       0x2a ./Core/Src/main.o
 .debug_macro   0x00000f19       0x94 ./Core/Src/main.o
 .debug_macro   0x00000fad       0x43 ./Core/Src/main.o
 .debug_macro   0x00000ff0       0x34 ./Core/Src/main.o
 .debug_macro   0x00001024       0x16 ./Core/Src/main.o
 .debug_macro   0x0000103a       0x57 ./Core/Src/main.o
 .debug_macro   0x00001091       0x9e ./Core/Src/main.o
 .debug_macro   0x0000112f      0x370 ./Core/Src/main.o
 .debug_macro   0x0000149f      0x112 ./Core/Src/main.o
 .debug_macro   0x000015b1       0x10 ./Core/Src/main.o
 .debug_macro   0x000015c1       0x16 ./Core/Src/main.o
 .debug_macro   0x000015d7       0x4a ./Core/Src/main.o
 .debug_macro   0x00001621       0x34 ./Core/Src/main.o
 .debug_macro   0x00001655       0x10 ./Core/Src/main.o
 .debug_macro   0x00001665       0x58 ./Core/Src/main.o
 .debug_macro   0x000016bd       0x8e ./Core/Src/main.o
 .debug_macro   0x0000174b       0x1c ./Core/Src/main.o
 .debug_macro   0x00001767      0x185 ./Core/Src/main.o
 .debug_macro   0x000018ec       0x16 ./Core/Src/main.o
 .debug_macro   0x00001902       0x16 ./Core/Src/main.o
 .debug_macro   0x00001918      0x146 ./Core/Src/main.o
 .debug_macro   0x00001a5e       0x16 ./Core/Src/main.o
 .debug_macro   0x00001a74       0x3c ./Core/Src/main.o
 .debug_macro   0x00001ab0       0x10 ./Core/Src/main.o
 .debug_macro   0x00001ac0       0x10 ./Core/Src/main.o
 .debug_macro   0x00001ad0       0x10 ./Core/Src/main.o
 .debug_macro   0x00001ae0       0x6a ./Core/Src/main.o
 .debug_macro   0x00001b4a       0x1c ./Core/Src/main.o
 .debug_macro   0x00001b66       0x52 ./Core/Src/main.o
 .debug_macro   0x00001bb8       0x22 ./Core/Src/main.o
 .debug_macro   0x00001bda       0x10 ./Core/Src/main.o
 .debug_macro   0x00001bea       0x52 ./Core/Src/main.o
 .debug_macro   0x00001c3c       0xc1 ./Core/Src/main.o
 .debug_macro   0x00001cfd       0x1c ./Core/Src/main.o
 .debug_macro   0x00001d19       0x3d ./Core/Src/main.o
 .debug_macro   0x00001d56       0x35 ./Core/Src/main.o
 .debug_macro   0x00001d8b      0x12c ./Core/Src/main.o
 .debug_macro   0x00001eb7       0x22 ./Core/Src/main.o
 .debug_macro   0x00001ed9      0x103 ./Core/Src/main.o
 .debug_macro   0x00001fdc      0x1df ./Core/Src/main.o
 .debug_macro   0x000021bb       0xac ./Core/Src/main.o
 .debug_macro   0x00002267      0x28d ./Core/Src/main.o
 .debug_macro   0x000024f4       0x2e ./Core/Src/main.o
 .debug_macro   0x00002522       0x3b ./Core/Src/main.o
 .debug_macro   0x0000255d       0x1c ./Core/Src/main.o
 .debug_macro   0x00002579       0x22 ./Core/Src/main.o
 .debug_macro   0x0000259b       0xd9 ./Core/Src/main.o
 .debug_macro   0x00002674     0x12cd ./Core/Src/main.o
 .debug_macro   0x00003941      0x11f ./Core/Src/main.o
 .debug_macro   0x00003a60       0x19 ./Core/Src/main.o
 .debug_macro   0x00003a79    0x15e66 ./Core/Src/main.o
 .debug_macro   0x000198df       0x6d ./Core/Src/main.o
 .debug_macro   0x0001994c     0x3765 ./Core/Src/main.o
 .debug_macro   0x0001d0b1       0x5d ./Core/Src/main.o
 .debug_macro   0x0001d10e     0x1588 ./Core/Src/main.o
 .debug_macro   0x0001e696      0x6c4 ./Core/Src/main.o
 .debug_macro   0x0001ed5a      0x17e ./Core/Src/main.o
 .debug_macro   0x0001eed8      0x115 ./Core/Src/main.o
 .debug_macro   0x0001efed      0x1d8 ./Core/Src/main.o
 .debug_macro   0x0001f1c5       0xa5 ./Core/Src/main.o
 .debug_macro   0x0001f26a      0x24f ./Core/Src/main.o
 .debug_macro   0x0001f4b9       0x71 ./Core/Src/main.o
 .debug_macro   0x0001f52a       0x58 ./Core/Src/main.o
 .debug_macro   0x0001f582      0x236 ./Core/Src/main.o
 .debug_macro   0x0001f7b8      0x154 ./Core/Src/main.o
 .debug_macro   0x0001f90c      0x2c3 ./Core/Src/main.o
 .debug_macro   0x0001fbcf       0x12 ./Core/Src/main.o
 .debug_macro   0x0001fbe1      0x22c ./Core/Src/main.o
 .debug_macro   0x0001fe0d       0x61 ./Core/Src/main.o
 .debug_macro   0x0001fe6e       0xa5 ./Core/Src/main.o
 .debug_macro   0x0001ff13      0x12e ./Core/Src/main.o
 .debug_macro   0x00020041      0x108 ./Core/Src/main.o
 .debug_macro   0x00020149       0x35 ./Core/Src/main.o
 .debug_macro   0x0002017e      0x56d ./Core/Src/main.o
 .debug_macro   0x000206eb       0x44 ./Core/Src/main.o
 .debug_macro   0x0002072f      0x14d ./Core/Src/main.o
 .debug_macro   0x0002087c      0x1e2 ./Core/Src/stm32f7xx_hal_msp.o
 .debug_macro   0x00020a5e       0x8e ./Core/Src/stm32f7xx_hal_msp.o
 .debug_macro   0x00020aec       0x51 ./Core/Src/stm32f7xx_hal_msp.o
 .debug_macro   0x00020b3d      0x190 ./Core/Src/stm32f7xx_hal_msp.o
 .debug_macro   0x00020ccd       0x63 ./Core/Src/stm32f7xx_hal_msp.o
 .debug_macro   0x00020d30      0x1ec ./Core/Src/stm32f7xx_it.o
 .debug_macro   0x00020f1c      0x112 ./Core/Src/sysmem.o
 .debug_macro   0x0002102e       0x10 ./Core/Src/sysmem.o
 .debug_macro   0x0002103e      0x23c ./Core/Src/sysmem.o
 .debug_macro   0x0002127a      0x1ce ./Core/Src/system_stm32f7xx.o
 .debug_macro   0x00021448      0x1f2 ./Drivers/STM32F7xx_HAL_Driver/Src/stm32f7xx_hal.o
 .debug_macro   0x0002163a      0x1ce ./Drivers/STM32F7xx_HAL_Driver/Src/stm32f7xx_hal_cortex.o
 .debug_macro   0x00021808      0x1d4 ./Drivers/STM32F7xx_HAL_Driver/Src/stm32f7xx_hal_gpio.o
 .debug_macro   0x000219dc      0x1e6 ./Drivers/STM32F7xx_HAL_Driver/Src/stm32f7xx_hal_pwr_ex.o
 .debug_macro   0x00021bc2      0x1f2 ./Drivers/STM32F7xx_HAL_Driver/Src/stm32f7xx_hal_rcc.o
 .debug_macro   0x00021db4      0x1ce ./Drivers/STM32F7xx_HAL_Driver/Src/stm32f7xx_hal_rcc_ex.o
 .debug_macro   0x00021f82      0x1eb ./Drivers/STM32F7xx_HAL_Driver/Src/stm32f7xx_hal_uart.o
 .debug_macro   0x0002216d      0x1d1 ./X-CUBE-AI/App/app_x-cube-ai.o
 .debug_macro   0x0002233e       0x61 ./X-CUBE-AI/App/app_x-cube-ai.o
 .debug_macro   0x0002239f       0x16 ./X-CUBE-AI/App/app_x-cube-ai.o
 .debug_macro   0x000223b5      0x11c ./X-CUBE-AI/App/app_x-cube-ai.o
 .debug_macro   0x000224d1       0x9b ./X-CUBE-AI/App/app_x-cube-ai.o
 .debug_macro   0x0002256c       0x16 ./X-CUBE-AI/App/app_x-cube-ai.o
 .debug_macro   0x00022582       0x29 ./X-CUBE-AI/App/app_x-cube-ai.o
 .debug_macro   0x000225ab       0x1c ./X-CUBE-AI/App/app_x-cube-ai.o
 .debug_macro   0x000225c7       0x1c ./X-CUBE-AI/App/app_x-cube-ai.o
 .debug_macro   0x000225e3       0x10 ./X-CUBE-AI/App/app_x-cube-ai.o
 .debug_macro   0x000225f3      0x460 ./X-CUBE-AI/App/app_x-cube-ai.o
 .debug_macro   0x00022a53       0x16 ./X-CUBE-AI/App/app_x-cube-ai.o
 .debug_macro   0x00022a69       0x20 ./X-CUBE-AI/App/app_x-cube-ai.o

.debug_line     0x00000000     0xa80e
 .debug_line    0x00000000      0xc88 ./Core/Src/main.o
 .debug_line    0x00000c88      0x7cd ./Core/Src/stm32f7xx_hal_msp.o
 .debug_line    0x00001455      0x819 ./Core/Src/stm32f7xx_it.o
 .debug_line    0x00001c6e      0x5a6 ./Core/Src/sysmem.o
 .debug_line    0x00002214      0x7db ./Core/Src/system_stm32f7xx.o
 .debug_line    0x000029ef       0x7a ./Core/Startup/startup_stm32f723iekx.o
 .debug_line    0x00002a69      0xa7f ./Drivers/STM32F7xx_HAL_Driver/Src/stm32f7xx_hal.o
 .debug_line    0x000034e8      0xcff ./Drivers/STM32F7xx_HAL_Driver/Src/stm32f7xx_hal_cortex.o
 .debug_line    0x000041e7      0xbb1 ./Drivers/STM32F7xx_HAL_Driver/Src/stm32f7xx_hal_gpio.o
 .debug_line    0x00004d98      0xa4f ./Drivers/STM32F7xx_HAL_Driver/Src/stm32f7xx_hal_pwr_ex.o
 .debug_line    0x000057e7      0xf74 ./Drivers/STM32F7xx_HAL_Driver/Src/stm32f7xx_hal_rcc.o
 .debug_line    0x0000675b      0xe04 ./Drivers/STM32F7xx_HAL_Driver/Src/stm32f7xx_hal_rcc_ex.o
 .debug_line    0x0000755f     0x2c6e ./Drivers/STM32F7xx_HAL_Driver/Src/stm32f7xx_hal_uart.o
 .debug_line    0x0000a1cd      0x641 ./X-CUBE-AI/App/app_x-cube-ai.o

.debug_str      0x00000000    0xd4e78
 .debug_str     0x00000000    0xd4e78 ./Core/Src/main.o
                              0xd1fc4 (size before relaxing)
 .debug_str     0x000d4e78    0xcd1a6 ./Core/Src/stm32f7xx_hal_msp.o
 .debug_str     0x000d4e78    0xcc8e7 ./Core/Src/stm32f7xx_it.o
 .debug_str     0x000d4e78     0x7781 ./Core/Src/sysmem.o
 .debug_str     0x000d4e78    0xccae7 ./Core/Src/system_stm32f7xx.o
 .debug_str     0x000d4e78       0x81 ./Core/Startup/startup_stm32f723iekx.o
 .debug_str     0x000d4e78    0xcd3be ./Drivers/STM32F7xx_HAL_Driver/Src/stm32f7xx_hal.o
 .debug_str     0x000d4e78    0xcd3db ./Drivers/STM32F7xx_HAL_Driver/Src/stm32f7xx_hal_cortex.o
 .debug_str     0x000d4e78    0xccba5 ./Drivers/STM32F7xx_HAL_Driver/Src/stm32f7xx_hal_gpio.o
 .debug_str     0x000d4e78    0xccd56 ./Drivers/STM32F7xx_HAL_Driver/Src/stm32f7xx_hal_pwr_ex.o
 .debug_str     0x000d4e78    0xcce50 ./Drivers/STM32F7xx_HAL_Driver/Src/stm32f7xx_hal_rcc.o
 .debug_str     0x000d4e78    0xccd7e ./Drivers/STM32F7xx_HAL_Driver/Src/stm32f7xx_hal_rcc_ex.o
 .debug_str     0x000d4e78    0xcd796 ./Drivers/STM32F7xx_HAL_Driver/Src/stm32f7xx_hal_uart.o
 .debug_str     0x000d4e78     0x8fe0 ./X-CUBE-AI/App/app_x-cube-ai.o

.comment        0x00000000       0x43
 .comment       0x00000000       0x43 ./Core/Src/main.o
                                 0x44 (size before relaxing)
 .comment       0x00000043       0x44 ./Core/Src/stm32f7xx_hal_msp.o
 .comment       0x00000043       0x44 ./Core/Src/stm32f7xx_it.o
 .comment       0x00000043       0x44 ./Core/Src/sysmem.o
 .comment       0x00000043       0x44 ./Core/Src/system_stm32f7xx.o
 .comment       0x00000043       0x44 ./Drivers/STM32F7xx_HAL_Driver/Src/stm32f7xx_hal.o
 .comment       0x00000043       0x44 ./Drivers/STM32F7xx_HAL_Driver/Src/stm32f7xx_hal_cortex.o
 .comment       0x00000043       0x44 ./Drivers/STM32F7xx_HAL_Driver/Src/stm32f7xx_hal_gpio.o
 .comment       0x00000043       0x44 ./Drivers/STM32F7xx_HAL_Driver/Src/stm32f7xx_hal_pwr_ex.o
 .comment       0x00000043       0x44 ./Drivers/STM32F7xx_HAL_Driver/Src/stm32f7xx_hal_rcc.o
 .comment       0x00000043       0x44 ./Drivers/STM32F7xx_HAL_Driver/Src/stm32f7xx_hal_rcc_ex.o
 .comment       0x00000043       0x44 ./Drivers/STM32F7xx_HAL_Driver/Src/stm32f7xx_hal_uart.o
 .comment       0x00000043       0x44 ./X-CUBE-AI/App/app_x-cube-ai.o

.debug_frame    0x00000000     0x2410
 .debug_frame   0x00000000      0x208 ./Core/Src/main.o
 .debug_frame   0x00000208       0x84 ./Core/Src/stm32f7xx_hal_msp.o
 .debug_frame   0x0000028c      0x104 ./Core/Src/stm32f7xx_it.o
 .debug_frame   0x00000390       0x34 ./Core/Src/sysmem.o
 .debug_frame   0x000003c4       0x58 ./Core/Src/system_stm32f7xx.o
 .debug_frame   0x0000041c      0x3b4 ./Drivers/STM32F7xx_HAL_Driver/Src/stm32f7xx_hal.o
 .debug_frame   0x000007d0      0x4e8 ./Drivers/STM32F7xx_HAL_Driver/Src/stm32f7xx_hal_cortex.o
 .debug_frame   0x00000cb8      0x14c ./Drivers/STM32F7xx_HAL_Driver/Src/stm32f7xx_hal_gpio.o
 .debug_frame   0x00000e04      0x1c8 ./Drivers/STM32F7xx_HAL_Driver/Src/stm32f7xx_hal_pwr_ex.o
 .debug_frame   0x00000fcc      0x1f8 ./Drivers/STM32F7xx_HAL_Driver/Src/stm32f7xx_hal_rcc.o
 .debug_frame   0x000011c4      0x118 ./Drivers/STM32F7xx_HAL_Driver/Src/stm32f7xx_hal_rcc_ex.o
 .debug_frame   0x000012dc      0x9e8 ./Drivers/STM32F7xx_HAL_Driver/Src/stm32f7xx_hal_uart.o
 .debug_frame   0x00001cc4       0x50 ./X-CUBE-AI/App/app_x-cube-ai.o
 .debug_frame   0x00001d14      0x144 J:/Joel/STM/STM32CubeIDE_1.17.0/STM32CubeIDE/plugins/com.st.stm32cube.ide.mcu.externaltools.gnu-tools-for-stm32.13.3.rel1.win32_1.0.0.202411081344/tools/bin/../lib/gcc/arm-none-eabi/13.3.1/../../../../arm-none-eabi/lib/thumb/v7e-m+fp/hard\libc_nano.a(libc_a-findfp.o)
 .debug_frame   0x00001e58       0x34 J:/Joel/STM/STM32CubeIDE_1.17.0/STM32CubeIDE/plugins/com.st.stm32cube.ide.mcu.externaltools.gnu-tools-for-stm32.13.3.rel1.win32_1.0.0.202411081344/tools/bin/../lib/gcc/arm-none-eabi/13.3.1/../../../../arm-none-eabi/lib/thumb/v7e-m+fp/hard\libc_nano.a(libc_a-fwalk.o)
 .debug_frame   0x00001e8c       0x3c J:/Joel/STM/STM32CubeIDE_1.17.0/STM32CubeIDE/plugins/com.st.stm32cube.ide.mcu.externaltools.gnu-tools-for-stm32.13.3.rel1.win32_1.0.0.202411081344/tools/bin/../lib/gcc/arm-none-eabi/13.3.1/../../../../arm-none-eabi/lib/thumb/v7e-m+fp/hard\libc_nano.a(libc_a-puts.o)
 .debug_frame   0x00001ec8       0x88 J:/Joel/STM/STM32CubeIDE_1.17.0/STM32CubeIDE/plugins/com.st.stm32cube.ide.mcu.externaltools.gnu-tools-for-stm32.13.3.rel1.win32_1.0.0.202411081344/tools/bin/../lib/gcc/arm-none-eabi/13.3.1/../../../../arm-none-eabi/lib/thumb/v7e-m+fp/hard\libc_nano.a(libc_a-stdio.o)
 .debug_frame   0x00001f50       0x40 J:/Joel/STM/STM32CubeIDE_1.17.0/STM32CubeIDE/plugins/com.st.stm32cube.ide.mcu.externaltools.gnu-tools-for-stm32.13.3.rel1.win32_1.0.0.202411081344/tools/bin/../lib/gcc/arm-none-eabi/13.3.1/../../../../arm-none-eabi/lib/thumb/v7e-m+fp/hard\libc_nano.a(libc_a-wbuf.o)
 .debug_frame   0x00001f90       0x2c J:/Joel/STM/STM32CubeIDE_1.17.0/STM32CubeIDE/plugins/com.st.stm32cube.ide.mcu.externaltools.gnu-tools-for-stm32.13.3.rel1.win32_1.0.0.202411081344/tools/bin/../lib/gcc/arm-none-eabi/13.3.1/../../../../arm-none-eabi/lib/thumb/v7e-m+fp/hard\libc_nano.a(libc_a-wsetup.o)
 .debug_frame   0x00001fbc       0x20 J:/Joel/STM/STM32CubeIDE_1.17.0/STM32CubeIDE/plugins/com.st.stm32cube.ide.mcu.externaltools.gnu-tools-for-stm32.13.3.rel1.win32_1.0.0.202411081344/tools/bin/../lib/gcc/arm-none-eabi/13.3.1/../../../../arm-none-eabi/lib/thumb/v7e-m+fp/hard\libc_nano.a(libc_a-memset.o)
 .debug_frame   0x00001fdc       0x2c J:/Joel/STM/STM32CubeIDE_1.17.0/STM32CubeIDE/plugins/com.st.stm32cube.ide.mcu.externaltools.gnu-tools-for-stm32.13.3.rel1.win32_1.0.0.202411081344/tools/bin/../lib/gcc/arm-none-eabi/13.3.1/../../../../arm-none-eabi/lib/thumb/v7e-m+fp/hard\libc_nano.a(libc_a-closer.o)
 .debug_frame   0x00002008       0x38 J:/Joel/STM/STM32CubeIDE_1.17.0/STM32CubeIDE/plugins/com.st.stm32cube.ide.mcu.externaltools.gnu-tools-for-stm32.13.3.rel1.win32_1.0.0.202411081344/tools/bin/../lib/gcc/arm-none-eabi/13.3.1/../../../../arm-none-eabi/lib/thumb/v7e-m+fp/hard\libc_nano.a(libc_a-reent.o)
 .debug_frame   0x00002040       0x2c J:/Joel/STM/STM32CubeIDE_1.17.0/STM32CubeIDE/plugins/com.st.stm32cube.ide.mcu.externaltools.gnu-tools-for-stm32.13.3.rel1.win32_1.0.0.202411081344/tools/bin/../lib/gcc/arm-none-eabi/13.3.1/../../../../arm-none-eabi/lib/thumb/v7e-m+fp/hard\libc_nano.a(libc_a-lseekr.o)
 .debug_frame   0x0000206c       0x2c J:/Joel/STM/STM32CubeIDE_1.17.0/STM32CubeIDE/plugins/com.st.stm32cube.ide.mcu.externaltools.gnu-tools-for-stm32.13.3.rel1.win32_1.0.0.202411081344/tools/bin/../lib/gcc/arm-none-eabi/13.3.1/../../../../arm-none-eabi/lib/thumb/v7e-m+fp/hard\libc_nano.a(libc_a-readr.o)
 .debug_frame   0x00002098       0x2c J:/Joel/STM/STM32CubeIDE_1.17.0/STM32CubeIDE/plugins/com.st.stm32cube.ide.mcu.externaltools.gnu-tools-for-stm32.13.3.rel1.win32_1.0.0.202411081344/tools/bin/../lib/gcc/arm-none-eabi/13.3.1/../../../../arm-none-eabi/lib/thumb/v7e-m+fp/hard\libc_nano.a(libc_a-writer.o)
 .debug_frame   0x000020c4       0x20 J:/Joel/STM/STM32CubeIDE_1.17.0/STM32CubeIDE/plugins/com.st.stm32cube.ide.mcu.externaltools.gnu-tools-for-stm32.13.3.rel1.win32_1.0.0.202411081344/tools/bin/../lib/gcc/arm-none-eabi/13.3.1/../../../../arm-none-eabi/lib/thumb/v7e-m+fp/hard\libc_nano.a(libc_a-errno.o)
 .debug_frame   0x000020e4       0x2c J:/Joel/STM/STM32CubeIDE_1.17.0/STM32CubeIDE/plugins/com.st.stm32cube.ide.mcu.externaltools.gnu-tools-for-stm32.13.3.rel1.win32_1.0.0.202411081344/tools/bin/../lib/gcc/arm-none-eabi/13.3.1/../../../../arm-none-eabi/lib/thumb/v7e-m+fp/hard\libc_nano.a(libc_a-init.o)
 .debug_frame   0x00002110       0xb0 J:/Joel/STM/STM32CubeIDE_1.17.0/STM32CubeIDE/plugins/com.st.stm32cube.ide.mcu.externaltools.gnu-tools-for-stm32.13.3.rel1.win32_1.0.0.202411081344/tools/bin/../lib/gcc/arm-none-eabi/13.3.1/../../../../arm-none-eabi/lib/thumb/v7e-m+fp/hard\libc_nano.a(libc_a-lock.o)
 .debug_frame   0x000021c0       0x38 J:/Joel/STM/STM32CubeIDE_1.17.0/STM32CubeIDE/plugins/com.st.stm32cube.ide.mcu.externaltools.gnu-tools-for-stm32.13.3.rel1.win32_1.0.0.202411081344/tools/bin/../lib/gcc/arm-none-eabi/13.3.1/../../../../arm-none-eabi/lib/thumb/v7e-m+fp/hard\libc_nano.a(libc_a-freer.o)
 .debug_frame   0x000021f8       0x50 J:/Joel/STM/STM32CubeIDE_1.17.0/STM32CubeIDE/plugins/com.st.stm32cube.ide.mcu.externaltools.gnu-tools-for-stm32.13.3.rel1.win32_1.0.0.202411081344/tools/bin/../lib/gcc/arm-none-eabi/13.3.1/../../../../arm-none-eabi/lib/thumb/v7e-m+fp/hard\libc_nano.a(libc_a-mallocr.o)
 .debug_frame   0x00002248       0x30 J:/Joel/STM/STM32CubeIDE_1.17.0/STM32CubeIDE/plugins/com.st.stm32cube.ide.mcu.externaltools.gnu-tools-for-stm32.13.3.rel1.win32_1.0.0.202411081344/tools/bin/../lib/gcc/arm-none-eabi/13.3.1/../../../../arm-none-eabi/lib/thumb/v7e-m+fp/hard\libc_nano.a(libc_a-mlock.o)
 .debug_frame   0x00002278       0x5c J:/Joel/STM/STM32CubeIDE_1.17.0/STM32CubeIDE/plugins/com.st.stm32cube.ide.mcu.externaltools.gnu-tools-for-stm32.13.3.rel1.win32_1.0.0.202411081344/tools/bin/../lib/gcc/arm-none-eabi/13.3.1/../../../../arm-none-eabi/lib/thumb/v7e-m+fp/hard\libc_nano.a(libc_a-fflush.o)
 .debug_frame   0x000022d4       0x58 J:/Joel/STM/STM32CubeIDE_1.17.0/STM32CubeIDE/plugins/com.st.stm32cube.ide.mcu.externaltools.gnu-tools-for-stm32.13.3.rel1.win32_1.0.0.202411081344/tools/bin/../lib/gcc/arm-none-eabi/13.3.1/../../../../arm-none-eabi/lib/thumb/v7e-m+fp/hard\libc_nano.a(libc_a-makebuf.o)
 .debug_frame   0x0000232c       0x2c J:/Joel/STM/STM32CubeIDE_1.17.0/STM32CubeIDE/plugins/com.st.stm32cube.ide.mcu.externaltools.gnu-tools-for-stm32.13.3.rel1.win32_1.0.0.202411081344/tools/bin/../lib/gcc/arm-none-eabi/13.3.1/../../../../arm-none-eabi/lib/thumb/v7e-m+fp/hard\libc_nano.a(libc_a-fstatr.o)
 .debug_frame   0x00002358       0x2c J:/Joel/STM/STM32CubeIDE_1.17.0/STM32CubeIDE/plugins/com.st.stm32cube.ide.mcu.externaltools.gnu-tools-for-stm32.13.3.rel1.win32_1.0.0.202411081344/tools/bin/../lib/gcc/arm-none-eabi/13.3.1/../../../../arm-none-eabi/lib/thumb/v7e-m+fp/hard\libc_nano.a(libc_a-isattyr.o)
 .debug_frame   0x00002384       0x2c J:/Joel/STM/STM32CubeIDE_1.17.0/STM32CubeIDE/plugins/com.st.stm32cube.ide.mcu.externaltools.gnu-tools-for-stm32.13.3.rel1.win32_1.0.0.202411081344/tools/bin/../lib/gcc/arm-none-eabi/13.3.1/../../../../arm-none-eabi/lib/thumb/v7e-m+fp/hard\libc_nano.a(libc_a-sbrkr.o)
 .debug_frame   0x000023b0       0x2c J:/Joel/STM/STM32CubeIDE_1.17.0/STM32CubeIDE/plugins/com.st.stm32cube.ide.mcu.externaltools.gnu-tools-for-stm32.13.3.rel1.win32_1.0.0.202411081344/tools/bin/../lib/gcc/arm-none-eabi/13.3.1/thumb/v7e-m+fp/hard\libgcc.a(_aeabi_uldivmod.o)
 .debug_frame   0x000023dc       0x34 J:/Joel/STM/STM32CubeIDE_1.17.0/STM32CubeIDE/plugins/com.st.stm32cube.ide.mcu.externaltools.gnu-tools-for-stm32.13.3.rel1.win32_1.0.0.202411081344/tools/bin/../lib/gcc/arm-none-eabi/13.3.1/thumb/v7e-m+fp/hard\libgcc.a(_udivmoddi4.o)

.debug_line_str
                0x00000000       0x65
 .debug_line_str
                0x00000000       0x65 ./Core/Startup/startup_stm32f723iekx.o
