23:32:44 **** Build of configuration Debug for project MCU ****
make -j16 all 
arm-none-eabi-gcc "../USB_HOST/Target/usbh_conf.c" -mcpu=cortex-m7 -std=gnu11 -g3 -DDEBUG -DUSE_HAL_DRIVER -DSTM32F723xx -c -I../USB_HOST/App -I-I../Middlewares/Third_Party/tflite-micro -I../Middlewares/Third_Party/tflite-micro -I../Middlewares/Third_Party/tflite-micro/tensorflow -I../Middlewares/Third_Party/tflite-micro/tensorflow/lite -I../Middlewares/Third_Party/tflite-micro/tensorflow/lite/micro -I../USB_HOST/Target -I../Core/Inc -I../Drivers/STM32F7xx_HAL_Driver/Inc -I../Drivers/STM32F7xx_HAL_Driver/Inc/Legacy -I../Middlewares/ST/STM32_USB_Host_Library/Core/Inc -I../Middlewares/ST/STM32_USB_Host_Library/Class/AUDIO/Inc -I../Middlewares/ST/STM32_USB_Host_Library/Class/MSC/Inc -I../Drivers/CMSIS/Device/ST/STM32F7xx/Include -I../Drivers/CMSIS/Include -I../X-CUBE-AI/App -I../X-CUBE-AI -I../X-CUBE-AI/Target -O0 -ffunction-sections -fdata-sections -Wall -std=gnu11 -fstack-usage -fcyclomatic-complexity -MMD -MP -MF"USB_HOST/Target/usbh_conf.d" -MT"USB_HOST/Target/usbh_conf.o" --specs=nano.specs -mfpu=fpv5-sp-d16 -mfloat-abi=hard -mthumb -o "USB_HOST/Target/usbh_conf.o"
arm-none-eabi-gcc "../USB_HOST/Target/usbh_platform.c" -mcpu=cortex-m7 -std=gnu11 -g3 -DDEBUG -DUSE_HAL_DRIVER -DSTM32F723xx -c -I../USB_HOST/App -I-I../Middlewares/Third_Party/tflite-micro -I../Middlewares/Third_Party/tflite-micro -I../Middlewares/Third_Party/tflite-micro/tensorflow -I../Middlewares/Third_Party/tflite-micro/tensorflow/lite -I../Middlewares/Third_Party/tflite-micro/tensorflow/lite/micro -I../USB_HOST/Target -I../Core/Inc -I../Drivers/STM32F7xx_HAL_Driver/Inc -I../Drivers/STM32F7xx_HAL_Driver/Inc/Legacy -I../Middlewares/ST/STM32_USB_Host_Library/Core/Inc -I../Middlewares/ST/STM32_USB_Host_Library/Class/AUDIO/Inc -I../Middlewares/ST/STM32_USB_Host_Library/Class/MSC/Inc -I../Drivers/CMSIS/Device/ST/STM32F7xx/Include -I../Drivers/CMSIS/Include -I../X-CUBE-AI/App -I../X-CUBE-AI -I../X-CUBE-AI/Target -O0 -ffunction-sections -fdata-sections -Wall -std=gnu11 -fstack-usage -fcyclomatic-complexity -MMD -MP -MF"USB_HOST/Target/usbh_platform.d" -MT"USB_HOST/Target/usbh_platform.o" --specs=nano.specs -mfpu=fpv5-sp-d16 -mfloat-abi=hard -mthumb -o "USB_HOST/Target/usbh_platform.o"
arm-none-eabi-gcc "../USB_HOST/App/usb_host.c" -mcpu=cortex-m7 -std=gnu11 -g3 -DDEBUG -DUSE_HAL_DRIVER -DSTM32F723xx -c -I../USB_HOST/App -I-I../Middlewares/Third_Party/tflite-micro -I../Middlewares/Third_Party/tflite-micro -I../Middlewares/Third_Party/tflite-micro/tensorflow -I../Middlewares/Third_Party/tflite-micro/tensorflow/lite -I../Middlewares/Third_Party/tflite-micro/tensorflow/lite/micro -I../USB_HOST/Target -I../Core/Inc -I../Drivers/STM32F7xx_HAL_Driver/Inc -I../Drivers/STM32F7xx_HAL_Driver/Inc/Legacy -I../Middlewares/ST/STM32_USB_Host_Library/Core/Inc -I../Middlewares/ST/STM32_USB_Host_Library/Class/AUDIO/Inc -I../Middlewares/ST/STM32_USB_Host_Library/Class/MSC/Inc -I../Drivers/CMSIS/Device/ST/STM32F7xx/Include -I../Drivers/CMSIS/Include -I../X-CUBE-AI/App -I../X-CUBE-AI -I../X-CUBE-AI/Target -O0 -ffunction-sections -fdata-sections -Wall -std=gnu11 -fstack-usage -fcyclomatic-complexity -MMD -MP -MF"USB_HOST/App/usb_host.d" -MT"USB_HOST/App/usb_host.o" --specs=nano.specs -mfpu=fpv5-sp-d16 -mfloat-abi=hard -mthumb -o "USB_HOST/App/usb_host.o"
arm-none-eabi-gcc "../Middlewares/Third_Party/tflite-micro/tensorflow/lite/experimental/microfrontend/lib/fft_io.c" -mcpu=cortex-m7 -std=gnu11 -g3 -DDEBUG -DUSE_HAL_DRIVER -DSTM32F723xx -c -I../USB_HOST/App -I-I../Middlewares/Third_Party/tflite-micro -I../Middlewares/Third_Party/tflite-micro -I../Middlewares/Third_Party/tflite-micro/tensorflow -I../Middlewares/Third_Party/tflite-micro/tensorflow/lite -I../Middlewares/Third_Party/tflite-micro/tensorflow/lite/micro -I../USB_HOST/Target -I../Core/Inc -I../Drivers/STM32F7xx_HAL_Driver/Inc -I../Drivers/STM32F7xx_HAL_Driver/Inc/Legacy -I../Middlewares/ST/STM32_USB_Host_Library/Core/Inc -I../Middlewares/ST/STM32_USB_Host_Library/Class/AUDIO/Inc -I../Middlewares/ST/STM32_USB_Host_Library/Class/MSC/Inc -I../Drivers/CMSIS/Device/ST/STM32F7xx/Include -I../Drivers/CMSIS/Include -I../X-CUBE-AI/App -I../X-CUBE-AI -I../X-CUBE-AI/Target -O0 -ffunction-sections -fdata-sections -Wall -std=gnu11 -fstack-usage -fcyclomatic-complexity -MMD -MP -MF"Middlewares/Third_Party/tflite-micro/tensorflow/lite/experimental/microfrontend/lib/fft_io.d" -MT"Middlewares/Third_Party/tflite-micro/tensorflow/lite/experimental/microfrontend/lib/fft_io.o" --specs=nano.specs -mfpu=fpv5-sp-d16 -mfloat-abi=hard -mthumb -o "Middlewares/Third_Party/tflite-micro/tensorflow/lite/experimental/microfrontend/lib/fft_io.o"
arm-none-eabi-gcc "../Middlewares/Third_Party/tflite-micro/tensorflow/lite/experimental/microfrontend/lib/filterbank.c" -mcpu=cortex-m7 -std=gnu11 -g3 -DDEBUG -DUSE_HAL_DRIVER -DSTM32F723xx -c -I../USB_HOST/App -I-I../Middlewares/Third_Party/tflite-micro -I../Middlewares/Third_Party/tflite-micro -I../Middlewares/Third_Party/tflite-micro/tensorflow -I../Middlewares/Third_Party/tflite-micro/tensorflow/lite -I../Middlewares/Third_Party/tflite-micro/tensorflow/lite/micro -I../USB_HOST/Target -I../Core/Inc -I../Drivers/STM32F7xx_HAL_Driver/Inc -I../Drivers/STM32F7xx_HAL_Driver/Inc/Legacy -I../Middlewares/ST/STM32_USB_Host_Library/Core/Inc -I../Middlewares/ST/STM32_USB_Host_Library/Class/AUDIO/Inc -I../Middlewares/ST/STM32_USB_Host_Library/Class/MSC/Inc -I../Drivers/CMSIS/Device/ST/STM32F7xx/Include -I../Drivers/CMSIS/Include -I../X-CUBE-AI/App -I../X-CUBE-AI -I../X-CUBE-AI/Target -O0 -ffunction-sections -fdata-sections -Wall -std=gnu11 -fstack-usage -fcyclomatic-complexity -MMD -MP -MF"Middlewares/Third_Party/tflite-micro/tensorflow/lite/experimental/microfrontend/lib/filterbank.d" -MT"Middlewares/Third_Party/tflite-micro/tensorflow/lite/experimental/microfrontend/lib/filterbank.o" --specs=nano.specs -mfpu=fpv5-sp-d16 -mfloat-abi=hard -mthumb -o "Middlewares/Third_Party/tflite-micro/tensorflow/lite/experimental/microfrontend/lib/filterbank.o"
arm-none-eabi-gcc "../Middlewares/Third_Party/tflite-micro/tensorflow/lite/experimental/microfrontend/lib/filterbank_io.c" -mcpu=cortex-m7 -std=gnu11 -g3 -DDEBUG -DUSE_HAL_DRIVER -DSTM32F723xx -c -I../USB_HOST/App -I-I../Middlewares/Third_Party/tflite-micro -I../Middlewares/Third_Party/tflite-micro -I../Middlewares/Third_Party/tflite-micro/tensorflow -I../Middlewares/Third_Party/tflite-micro/tensorflow/lite -I../Middlewares/Third_Party/tflite-micro/tensorflow/lite/micro -I../USB_HOST/Target -I../Core/Inc -I../Drivers/STM32F7xx_HAL_Driver/Inc -I../Drivers/STM32F7xx_HAL_Driver/Inc/Legacy -I../Middlewares/ST/STM32_USB_Host_Library/Core/Inc -I../Middlewares/ST/STM32_USB_Host_Library/Class/AUDIO/Inc -I../Middlewares/ST/STM32_USB_Host_Library/Class/MSC/Inc -I../Drivers/CMSIS/Device/ST/STM32F7xx/Include -I../Drivers/CMSIS/Include -I../X-CUBE-AI/App -I../X-CUBE-AI -I../X-CUBE-AI/Target -O0 -ffunction-sections -fdata-sections -Wall -std=gnu11 -fstack-usage -fcyclomatic-complexity -MMD -MP -MF"Middlewares/Third_Party/tflite-micro/tensorflow/lite/experimental/microfrontend/lib/filterbank_io.d" -MT"Middlewares/Third_Party/tflite-micro/tensorflow/lite/experimental/microfrontend/lib/filterbank_io.o" --specs=nano.specs -mfpu=fpv5-sp-d16 -mfloat-abi=hard -mthumb -o "Middlewares/Third_Party/tflite-micro/tensorflow/lite/experimental/microfrontend/lib/filterbank_io.o"
arm-none-eabi-gcc "../Middlewares/Third_Party/tflite-micro/tensorflow/lite/experimental/microfrontend/lib/filterbank_util.c" -mcpu=cortex-m7 -std=gnu11 -g3 -DDEBUG -DUSE_HAL_DRIVER -DSTM32F723xx -c -I../USB_HOST/App -I-I../Middlewares/Third_Party/tflite-micro -I../Middlewares/Third_Party/tflite-micro -I../Middlewares/Third_Party/tflite-micro/tensorflow -I../Middlewares/Third_Party/tflite-micro/tensorflow/lite -I../Middlewares/Third_Party/tflite-micro/tensorflow/lite/micro -I../USB_HOST/Target -I../Core/Inc -I../Drivers/STM32F7xx_HAL_Driver/Inc -I../Drivers/STM32F7xx_HAL_Driver/Inc/Legacy -I../Middlewares/ST/STM32_USB_Host_Library/Core/Inc -I../Middlewares/ST/STM32_USB_Host_Library/Class/AUDIO/Inc -I../Middlewares/ST/STM32_USB_Host_Library/Class/MSC/Inc -I../Drivers/CMSIS/Device/ST/STM32F7xx/Include -I../Drivers/CMSIS/Include -I../X-CUBE-AI/App -I../X-CUBE-AI -I../X-CUBE-AI/Target -O0 -ffunction-sections -fdata-sections -Wall -std=gnu11 -fstack-usage -fcyclomatic-complexity -MMD -MP -MF"Middlewares/Third_Party/tflite-micro/tensorflow/lite/experimental/microfrontend/lib/filterbank_util.d" -MT"Middlewares/Third_Party/tflite-micro/tensorflow/lite/experimental/microfrontend/lib/filterbank_util.o" --specs=nano.specs -mfpu=fpv5-sp-d16 -mfloat-abi=hard -mthumb -o "Middlewares/Third_Party/tflite-micro/tensorflow/lite/experimental/microfrontend/lib/filterbank_util.o"
arm-none-eabi-gcc "../Middlewares/Third_Party/tflite-micro/tensorflow/lite/experimental/microfrontend/lib/frontend.c" -mcpu=cortex-m7 -std=gnu11 -g3 -DDEBUG -DUSE_HAL_DRIVER -DSTM32F723xx -c -I../USB_HOST/App -I-I../Middlewares/Third_Party/tflite-micro -I../Middlewares/Third_Party/tflite-micro -I../Middlewares/Third_Party/tflite-micro/tensorflow -I../Middlewares/Third_Party/tflite-micro/tensorflow/lite -I../Middlewares/Third_Party/tflite-micro/tensorflow/lite/micro -I../USB_HOST/Target -I../Core/Inc -I../Drivers/STM32F7xx_HAL_Driver/Inc -I../Drivers/STM32F7xx_HAL_Driver/Inc/Legacy -I../Middlewares/ST/STM32_USB_Host_Library/Core/Inc -I../Middlewares/ST/STM32_USB_Host_Library/Class/AUDIO/Inc -I../Middlewares/ST/STM32_USB_Host_Library/Class/MSC/Inc -I../Drivers/CMSIS/Device/ST/STM32F7xx/Include -I../Drivers/CMSIS/Include -I../X-CUBE-AI/App -I../X-CUBE-AI -I../X-CUBE-AI/Target -O0 -ffunction-sections -fdata-sections -Wall -std=gnu11 -fstack-usage -fcyclomatic-complexity -MMD -MP -MF"Middlewares/Third_Party/tflite-micro/tensorflow/lite/experimental/microfrontend/lib/frontend.d" -MT"Middlewares/Third_Party/tflite-micro/tensorflow/lite/experimental/microfrontend/lib/frontend.o" --specs=nano.specs -mfpu=fpv5-sp-d16 -mfloat-abi=hard -mthumb -o "Middlewares/Third_Party/tflite-micro/tensorflow/lite/experimental/microfrontend/lib/frontend.o"
arm-none-eabi-gcc "../Middlewares/Third_Party/tflite-micro/tensorflow/lite/experimental/microfrontend/lib/frontend_io.c" -mcpu=cortex-m7 -std=gnu11 -g3 -DDEBUG -DUSE_HAL_DRIVER -DSTM32F723xx -c -I../USB_HOST/App -I-I../Middlewares/Third_Party/tflite-micro -I../Middlewares/Third_Party/tflite-micro -I../Middlewares/Third_Party/tflite-micro/tensorflow -I../Middlewares/Third_Party/tflite-micro/tensorflow/lite -I../Middlewares/Third_Party/tflite-micro/tensorflow/lite/micro -I../USB_HOST/Target -I../Core/Inc -I../Drivers/STM32F7xx_HAL_Driver/Inc -I../Drivers/STM32F7xx_HAL_Driver/Inc/Legacy -I../Middlewares/ST/STM32_USB_Host_Library/Core/Inc -I../Middlewares/ST/STM32_USB_Host_Library/Class/AUDIO/Inc -I../Middlewares/ST/STM32_USB_Host_Library/Class/MSC/Inc -I../Drivers/CMSIS/Device/ST/STM32F7xx/Include -I../Drivers/CMSIS/Include -I../X-CUBE-AI/App -I../X-CUBE-AI -I../X-CUBE-AI/Target -O0 -ffunction-sections -fdata-sections -Wall -std=gnu11 -fstack-usage -fcyclomatic-complexity -MMD -MP -MF"Middlewares/Third_Party/tflite-micro/tensorflow/lite/experimental/microfrontend/lib/frontend_io.d" -MT"Middlewares/Third_Party/tflite-micro/tensorflow/lite/experimental/microfrontend/lib/frontend_io.o" --specs=nano.specs -mfpu=fpv5-sp-d16 -mfloat-abi=hard -mthumb -o "Middlewares/Third_Party/tflite-micro/tensorflow/lite/experimental/microfrontend/lib/frontend_io.o"
arm-none-eabi-gcc "../Middlewares/Third_Party/tflite-micro/tensorflow/lite/experimental/microfrontend/lib/frontend_main.c" -mcpu=cortex-m7 -std=gnu11 -g3 -DDEBUG -DUSE_HAL_DRIVER -DSTM32F723xx -c -I../USB_HOST/App -I-I../Middlewares/Third_Party/tflite-micro -I../Middlewares/Third_Party/tflite-micro -I../Middlewares/Third_Party/tflite-micro/tensorflow -I../Middlewares/Third_Party/tflite-micro/tensorflow/lite -I../Middlewares/Third_Party/tflite-micro/tensorflow/lite/micro -I../USB_HOST/Target -I../Core/Inc -I../Drivers/STM32F7xx_HAL_Driver/Inc -I../Drivers/STM32F7xx_HAL_Driver/Inc/Legacy -I../Middlewares/ST/STM32_USB_Host_Library/Core/Inc -I../Middlewares/ST/STM32_USB_Host_Library/Class/AUDIO/Inc -I../Middlewares/ST/STM32_USB_Host_Library/Class/MSC/Inc -I../Drivers/CMSIS/Device/ST/STM32F7xx/Include -I../Drivers/CMSIS/Include -I../X-CUBE-AI/App -I../X-CUBE-AI -I../X-CUBE-AI/Target -O0 -ffunction-sections -fdata-sections -Wall -std=gnu11 -fstack-usage -fcyclomatic-complexity -MMD -MP -MF"Middlewares/Third_Party/tflite-micro/tensorflow/lite/experimental/microfrontend/lib/frontend_main.d" -MT"Middlewares/Third_Party/tflite-micro/tensorflow/lite/experimental/microfrontend/lib/frontend_main.o" --specs=nano.specs -mfpu=fpv5-sp-d16 -mfloat-abi=hard -mthumb -o "Middlewares/Third_Party/tflite-micro/tensorflow/lite/experimental/microfrontend/lib/frontend_main.o"
arm-none-eabi-gcc "../Middlewares/Third_Party/tflite-micro/tensorflow/lite/experimental/microfrontend/lib/frontend_memmap_generator.c" -mcpu=cortex-m7 -std=gnu11 -g3 -DDEBUG -DUSE_HAL_DRIVER -DSTM32F723xx -c -I../USB_HOST/App -I-I../Middlewares/Third_Party/tflite-micro -I../Middlewares/Third_Party/tflite-micro -I../Middlewares/Third_Party/tflite-micro/tensorflow -I../Middlewares/Third_Party/tflite-micro/tensorflow/lite -I../Middlewares/Third_Party/tflite-micro/tensorflow/lite/micro -I../USB_HOST/Target -I../Core/Inc -I../Drivers/STM32F7xx_HAL_Driver/Inc -I../Drivers/STM32F7xx_HAL_Driver/Inc/Legacy -I../Middlewares/ST/STM32_USB_Host_Library/Core/Inc -I../Middlewares/ST/STM32_USB_Host_Library/Class/AUDIO/Inc -I../Middlewares/ST/STM32_USB_Host_Library/Class/MSC/Inc -I../Drivers/CMSIS/Device/ST/STM32F7xx/Include -I../Drivers/CMSIS/Include -I../X-CUBE-AI/App -I../X-CUBE-AI -I../X-CUBE-AI/Target -O0 -ffunction-sections -fdata-sections -Wall -std=gnu11 -fstack-usage -fcyclomatic-complexity -MMD -MP -MF"Middlewares/Third_Party/tflite-micro/tensorflow/lite/experimental/microfrontend/lib/frontend_memmap_generator.d" -MT"Middlewares/Third_Party/tflite-micro/tensorflow/lite/experimental/microfrontend/lib/frontend_memmap_generator.o" --specs=nano.specs -mfpu=fpv5-sp-d16 -mfloat-abi=hard -mthumb -o "Middlewares/Third_Party/tflite-micro/tensorflow/lite/experimental/microfrontend/lib/frontend_memmap_generator.o"
arm-none-eabi-gcc "../Middlewares/Third_Party/tflite-micro/tensorflow/lite/experimental/microfrontend/lib/frontend_util.c" -mcpu=cortex-m7 -std=gnu11 -g3 -DDEBUG -DUSE_HAL_DRIVER -DSTM32F723xx -c -I../USB_HOST/App -I-I../Middlewares/Third_Party/tflite-micro -I../Middlewares/Third_Party/tflite-micro -I../Middlewares/Third_Party/tflite-micro/tensorflow -I../Middlewares/Third_Party/tflite-micro/tensorflow/lite -I../Middlewares/Third_Party/tflite-micro/tensorflow/lite/micro -I../USB_HOST/Target -I../Core/Inc -I../Drivers/STM32F7xx_HAL_Driver/Inc -I../Drivers/STM32F7xx_HAL_Driver/Inc/Legacy -I../Middlewares/ST/STM32_USB_Host_Library/Core/Inc -I../Middlewares/ST/STM32_USB_Host_Library/Class/AUDIO/Inc -I../Middlewares/ST/STM32_USB_Host_Library/Class/MSC/Inc -I../Drivers/CMSIS/Device/ST/STM32F7xx/Include -I../Drivers/CMSIS/Include -I../X-CUBE-AI/App -I../X-CUBE-AI -I../X-CUBE-AI/Target -O0 -ffunction-sections -fdata-sections -Wall -std=gnu11 -fstack-usage -fcyclomatic-complexity -MMD -MP -MF"Middlewares/Third_Party/tflite-micro/tensorflow/lite/experimental/microfrontend/lib/frontend_util.d" -MT"Middlewares/Third_Party/tflite-micro/tensorflow/lite/experimental/microfrontend/lib/frontend_util.o" --specs=nano.specs -mfpu=fpv5-sp-d16 -mfloat-abi=hard -mthumb -o "Middlewares/Third_Party/tflite-micro/tensorflow/lite/experimental/microfrontend/lib/frontend_util.o"
arm-none-eabi-gcc "../Middlewares/Third_Party/tflite-micro/tensorflow/lite/experimental/microfrontend/lib/log_lut.c" -mcpu=cortex-m7 -std=gnu11 -g3 -DDEBUG -DUSE_HAL_DRIVER -DSTM32F723xx -c -I../USB_HOST/App -I-I../Middlewares/Third_Party/tflite-micro -I../Middlewares/Third_Party/tflite-micro -I../Middlewares/Third_Party/tflite-micro/tensorflow -I../Middlewares/Third_Party/tflite-micro/tensorflow/lite -I../Middlewares/Third_Party/tflite-micro/tensorflow/lite/micro -I../USB_HOST/Target -I../Core/Inc -I../Drivers/STM32F7xx_HAL_Driver/Inc -I../Drivers/STM32F7xx_HAL_Driver/Inc/Legacy -I../Middlewares/ST/STM32_USB_Host_Library/Core/Inc -I../Middlewares/ST/STM32_USB_Host_Library/Class/AUDIO/Inc -I../Middlewares/ST/STM32_USB_Host_Library/Class/MSC/Inc -I../Drivers/CMSIS/Device/ST/STM32F7xx/Include -I../Drivers/CMSIS/Include -I../X-CUBE-AI/App -I../X-CUBE-AI -I../X-CUBE-AI/Target -O0 -ffunction-sections -fdata-sections -Wall -std=gnu11 -fstack-usage -fcyclomatic-complexity -MMD -MP -MF"Middlewares/Third_Party/tflite-micro/tensorflow/lite/experimental/microfrontend/lib/log_lut.d" -MT"Middlewares/Third_Party/tflite-micro/tensorflow/lite/experimental/microfrontend/lib/log_lut.o" --specs=nano.specs -mfpu=fpv5-sp-d16 -mfloat-abi=hard -mthumb -o "Middlewares/Third_Party/tflite-micro/tensorflow/lite/experimental/microfrontend/lib/log_lut.o"
arm-none-eabi-gcc "../Middlewares/Third_Party/tflite-micro/tensorflow/lite/experimental/microfrontend/lib/log_scale.c" -mcpu=cortex-m7 -std=gnu11 -g3 -DDEBUG -DUSE_HAL_DRIVER -DSTM32F723xx -c -I../USB_HOST/App -I-I../Middlewares/Third_Party/tflite-micro -I../Middlewares/Third_Party/tflite-micro -I../Middlewares/Third_Party/tflite-micro/tensorflow -I../Middlewares/Third_Party/tflite-micro/tensorflow/lite -I../Middlewares/Third_Party/tflite-micro/tensorflow/lite/micro -I../USB_HOST/Target -I../Core/Inc -I../Drivers/STM32F7xx_HAL_Driver/Inc -I../Drivers/STM32F7xx_HAL_Driver/Inc/Legacy -I../Middlewares/ST/STM32_USB_Host_Library/Core/Inc -I../Middlewares/ST/STM32_USB_Host_Library/Class/AUDIO/Inc -I../Middlewares/ST/STM32_USB_Host_Library/Class/MSC/Inc -I../Drivers/CMSIS/Device/ST/STM32F7xx/Include -I../Drivers/CMSIS/Include -I../X-CUBE-AI/App -I../X-CUBE-AI -I../X-CUBE-AI/Target -O0 -ffunction-sections -fdata-sections -Wall -std=gnu11 -fstack-usage -fcyclomatic-complexity -MMD -MP -MF"Middlewares/Third_Party/tflite-micro/tensorflow/lite/experimental/microfrontend/lib/log_scale.d" -MT"Middlewares/Third_Party/tflite-micro/tensorflow/lite/experimental/microfrontend/lib/log_scale.o" --specs=nano.specs -mfpu=fpv5-sp-d16 -mfloat-abi=hard -mthumb -o "Middlewares/Third_Party/tflite-micro/tensorflow/lite/experimental/microfrontend/lib/log_scale.o"
arm-none-eabi-gcc "../Middlewares/Third_Party/tflite-micro/tensorflow/lite/experimental/microfrontend/lib/log_scale_io.c" -mcpu=cortex-m7 -std=gnu11 -g3 -DDEBUG -DUSE_HAL_DRIVER -DSTM32F723xx -c -I../USB_HOST/App -I-I../Middlewares/Third_Party/tflite-micro -I../Middlewares/Third_Party/tflite-micro -I../Middlewares/Third_Party/tflite-micro/tensorflow -I../Middlewares/Third_Party/tflite-micro/tensorflow/lite -I../Middlewares/Third_Party/tflite-micro/tensorflow/lite/micro -I../USB_HOST/Target -I../Core/Inc -I../Drivers/STM32F7xx_HAL_Driver/Inc -I../Drivers/STM32F7xx_HAL_Driver/Inc/Legacy -I../Middlewares/ST/STM32_USB_Host_Library/Core/Inc -I../Middlewares/ST/STM32_USB_Host_Library/Class/AUDIO/Inc -I../Middlewares/ST/STM32_USB_Host_Library/Class/MSC/Inc -I../Drivers/CMSIS/Device/ST/STM32F7xx/Include -I../Drivers/CMSIS/Include -I../X-CUBE-AI/App -I../X-CUBE-AI -I../X-CUBE-AI/Target -O0 -ffunction-sections -fdata-sections -Wall -std=gnu11 -fstack-usage -fcyclomatic-complexity -MMD -MP -MF"Middlewares/Third_Party/tflite-micro/tensorflow/lite/experimental/microfrontend/lib/log_scale_io.d" -MT"Middlewares/Third_Party/tflite-micro/tensorflow/lite/experimental/microfrontend/lib/log_scale_io.o" --specs=nano.specs -mfpu=fpv5-sp-d16 -mfloat-abi=hard -mthumb -o "Middlewares/Third_Party/tflite-micro/tensorflow/lite/experimental/microfrontend/lib/log_scale_io.o"
arm-none-eabi-gcc "../Middlewares/Third_Party/tflite-micro/tensorflow/lite/experimental/microfrontend/lib/log_scale_util.c" -mcpu=cortex-m7 -std=gnu11 -g3 -DDEBUG -DUSE_HAL_DRIVER -DSTM32F723xx -c -I../USB_HOST/App -I-I../Middlewares/Third_Party/tflite-micro -I../Middlewares/Third_Party/tflite-micro -I../Middlewares/Third_Party/tflite-micro/tensorflow -I../Middlewares/Third_Party/tflite-micro/tensorflow/lite -I../Middlewares/Third_Party/tflite-micro/tensorflow/lite/micro -I../USB_HOST/Target -I../Core/Inc -I../Drivers/STM32F7xx_HAL_Driver/Inc -I../Drivers/STM32F7xx_HAL_Driver/Inc/Legacy -I../Middlewares/ST/STM32_USB_Host_Library/Core/Inc -I../Middlewares/ST/STM32_USB_Host_Library/Class/AUDIO/Inc -I../Middlewares/ST/STM32_USB_Host_Library/Class/MSC/Inc -I../Drivers/CMSIS/Device/ST/STM32F7xx/Include -I../Drivers/CMSIS/Include -I../X-CUBE-AI/App -I../X-CUBE-AI -I../X-CUBE-AI/Target -O0 -ffunction-sections -fdata-sections -Wall -std=gnu11 -fstack-usage -fcyclomatic-complexity -MMD -MP -MF"Middlewares/Third_Party/tflite-micro/tensorflow/lite/experimental/microfrontend/lib/log_scale_util.d" -MT"Middlewares/Third_Party/tflite-micro/tensorflow/lite/experimental/microfrontend/lib/log_scale_util.o" --specs=nano.specs -mfpu=fpv5-sp-d16 -mfloat-abi=hard -mthumb -o "Middlewares/Third_Party/tflite-micro/tensorflow/lite/experimental/microfrontend/lib/log_scale_util.o"
arm-none-eabi-gcc "../Middlewares/Third_Party/tflite-micro/tensorflow/lite/experimental/microfrontend/lib/noise_reduction.c" -mcpu=cortex-m7 -std=gnu11 -g3 -DDEBUG -DUSE_HAL_DRIVER -DSTM32F723xx -c -I../USB_HOST/App -I-I../Middlewares/Third_Party/tflite-micro -I../Middlewares/Third_Party/tflite-micro -I../Middlewares/Third_Party/tflite-micro/tensorflow -I../Middlewares/Third_Party/tflite-micro/tensorflow/lite -I../Middlewares/Third_Party/tflite-micro/tensorflow/lite/micro -I../USB_HOST/Target -I../Core/Inc -I../Drivers/STM32F7xx_HAL_Driver/Inc -I../Drivers/STM32F7xx_HAL_Driver/Inc/Legacy -I../Middlewares/ST/STM32_USB_Host_Library/Core/Inc -I../Middlewares/ST/STM32_USB_Host_Library/Class/AUDIO/Inc -I../Middlewares/ST/STM32_USB_Host_Library/Class/MSC/Inc -I../Drivers/CMSIS/Device/ST/STM32F7xx/Include -I../Drivers/CMSIS/Include -I../X-CUBE-AI/App -I../X-CUBE-AI -I../X-CUBE-AI/Target -O0 -ffunction-sections -fdata-sections -Wall -std=gnu11 -fstack-usage -fcyclomatic-complexity -MMD -MP -MF"Middlewares/Third_Party/tflite-micro/tensorflow/lite/experimental/microfrontend/lib/noise_reduction.d" -MT"Middlewares/Third_Party/tflite-micro/tensorflow/lite/experimental/microfrontend/lib/noise_reduction.o" --specs=nano.specs -mfpu=fpv5-sp-d16 -mfloat-abi=hard -mthumb -o "Middlewares/Third_Party/tflite-micro/tensorflow/lite/experimental/microfrontend/lib/noise_reduction.o"
arm-none-eabi-gcc "../Middlewares/Third_Party/tflite-micro/tensorflow/lite/experimental/microfrontend/lib/noise_reduction_io.c" -mcpu=cortex-m7 -std=gnu11 -g3 -DDEBUG -DUSE_HAL_DRIVER -DSTM32F723xx -c -I../USB_HOST/App -I-I../Middlewares/Third_Party/tflite-micro -I../Middlewares/Third_Party/tflite-micro -I../Middlewares/Third_Party/tflite-micro/tensorflow -I../Middlewares/Third_Party/tflite-micro/tensorflow/lite -I../Middlewares/Third_Party/tflite-micro/tensorflow/lite/micro -I../USB_HOST/Target -I../Core/Inc -I../Drivers/STM32F7xx_HAL_Driver/Inc -I../Drivers/STM32F7xx_HAL_Driver/Inc/Legacy -I../Middlewares/ST/STM32_USB_Host_Library/Core/Inc -I../Middlewares/ST/STM32_USB_Host_Library/Class/AUDIO/Inc -I../Middlewares/ST/STM32_USB_Host_Library/Class/MSC/Inc -I../Drivers/CMSIS/Device/ST/STM32F7xx/Include -I../Drivers/CMSIS/Include -I../X-CUBE-AI/App -I../X-CUBE-AI -I../X-CUBE-AI/Target -O0 -ffunction-sections -fdata-sections -Wall -std=gnu11 -fstack-usage -fcyclomatic-complexity -MMD -MP -MF"Middlewares/Third_Party/tflite-micro/tensorflow/lite/experimental/microfrontend/lib/noise_reduction_io.d" -MT"Middlewares/Third_Party/tflite-micro/tensorflow/lite/experimental/microfrontend/lib/noise_reduction_io.o" --specs=nano.specs -mfpu=fpv5-sp-d16 -mfloat-abi=hard -mthumb -o "Middlewares/Third_Party/tflite-micro/tensorflow/lite/experimental/microfrontend/lib/noise_reduction_io.o"
arm-none-eabi-gcc "../Middlewares/Third_Party/tflite-micro/tensorflow/lite/experimental/microfrontend/lib/noise_reduction_util.c" -mcpu=cortex-m7 -std=gnu11 -g3 -DDEBUG -DUSE_HAL_DRIVER -DSTM32F723xx -c -I../USB_HOST/App -I-I../Middlewares/Third_Party/tflite-micro -I../Middlewares/Third_Party/tflite-micro -I../Middlewares/Third_Party/tflite-micro/tensorflow -I../Middlewares/Third_Party/tflite-micro/tensorflow/lite -I../Middlewares/Third_Party/tflite-micro/tensorflow/lite/micro -I../USB_HOST/Target -I../Core/Inc -I../Drivers/STM32F7xx_HAL_Driver/Inc -I../Drivers/STM32F7xx_HAL_Driver/Inc/Legacy -I../Middlewares/ST/STM32_USB_Host_Library/Core/Inc -I../Middlewares/ST/STM32_USB_Host_Library/Class/AUDIO/Inc -I../Middlewares/ST/STM32_USB_Host_Library/Class/MSC/Inc -I../Drivers/CMSIS/Device/ST/STM32F7xx/Include -I../Drivers/CMSIS/Include -I../X-CUBE-AI/App -I../X-CUBE-AI -I../X-CUBE-AI/Target -O0 -ffunction-sections -fdata-sections -Wall -std=gnu11 -fstack-usage -fcyclomatic-complexity -MMD -MP -MF"Middlewares/Third_Party/tflite-micro/tensorflow/lite/experimental/microfrontend/lib/noise_reduction_util.d" -MT"Middlewares/Third_Party/tflite-micro/tensorflow/lite/experimental/microfrontend/lib/noise_reduction_util.o" --specs=nano.specs -mfpu=fpv5-sp-d16 -mfloat-abi=hard -mthumb -o "Middlewares/Third_Party/tflite-micro/tensorflow/lite/experimental/microfrontend/lib/noise_reduction_util.o"
arm-none-eabi-gcc "../Middlewares/Third_Party/tflite-micro/tensorflow/lite/experimental/microfrontend/lib/pcan_gain_control.c" -mcpu=cortex-m7 -std=gnu11 -g3 -DDEBUG -DUSE_HAL_DRIVER -DSTM32F723xx -c -I../USB_HOST/App -I-I../Middlewares/Third_Party/tflite-micro -I../Middlewares/Third_Party/tflite-micro -I../Middlewares/Third_Party/tflite-micro/tensorflow -I../Middlewares/Third_Party/tflite-micro/tensorflow/lite -I../Middlewares/Third_Party/tflite-micro/tensorflow/lite/micro -I../USB_HOST/Target -I../Core/Inc -I../Drivers/STM32F7xx_HAL_Driver/Inc -I../Drivers/STM32F7xx_HAL_Driver/Inc/Legacy -I../Middlewares/ST/STM32_USB_Host_Library/Core/Inc -I../Middlewares/ST/STM32_USB_Host_Library/Class/AUDIO/Inc -I../Middlewares/ST/STM32_USB_Host_Library/Class/MSC/Inc -I../Drivers/CMSIS/Device/ST/STM32F7xx/Include -I../Drivers/CMSIS/Include -I../X-CUBE-AI/App -I../X-CUBE-AI -I../X-CUBE-AI/Target -O0 -ffunction-sections -fdata-sections -Wall -std=gnu11 -fstack-usage -fcyclomatic-complexity -MMD -MP -MF"Middlewares/Third_Party/tflite-micro/tensorflow/lite/experimental/microfrontend/lib/pcan_gain_control.d" -MT"Middlewares/Third_Party/tflite-micro/tensorflow/lite/experimental/microfrontend/lib/pcan_gain_control.o" --specs=nano.specs -mfpu=fpv5-sp-d16 -mfloat-abi=hard -mthumb -o "Middlewares/Third_Party/tflite-micro/tensorflow/lite/experimental/microfrontend/lib/pcan_gain_control.o"
arm-none-eabi-gcc "../Middlewares/Third_Party/tflite-micro/tensorflow/lite/experimental/microfrontend/lib/pcan_gain_control_util.c" -mcpu=cortex-m7 -std=gnu11 -g3 -DDEBUG -DUSE_HAL_DRIVER -DSTM32F723xx -c -I../USB_HOST/App -I-I../Middlewares/Third_Party/tflite-micro -I../Middlewares/Third_Party/tflite-micro -I../Middlewares/Third_Party/tflite-micro/tensorflow -I../Middlewares/Third_Party/tflite-micro/tensorflow/lite -I../Middlewares/Third_Party/tflite-micro/tensorflow/lite/micro -I../USB_HOST/Target -I../Core/Inc -I../Drivers/STM32F7xx_HAL_Driver/Inc -I../Drivers/STM32F7xx_HAL_Driver/Inc/Legacy -I../Middlewares/ST/STM32_USB_Host_Library/Core/Inc -I../Middlewares/ST/STM32_USB_Host_Library/Class/AUDIO/Inc -I../Middlewares/ST/STM32_USB_Host_Library/Class/MSC/Inc -I../Drivers/CMSIS/Device/ST/STM32F7xx/Include -I../Drivers/CMSIS/Include -I../X-CUBE-AI/App -I../X-CUBE-AI -I../X-CUBE-AI/Target -O0 -ffunction-sections -fdata-sections -Wall -std=gnu11 -fstack-usage -fcyclomatic-complexity -MMD -MP -MF"Middlewares/Third_Party/tflite-micro/tensorflow/lite/experimental/microfrontend/lib/pcan_gain_control_util.d" -MT"Middlewares/Third_Party/tflite-micro/tensorflow/lite/experimental/microfrontend/lib/pcan_gain_control_util.o" --specs=nano.specs -mfpu=fpv5-sp-d16 -mfloat-abi=hard -mthumb -o "Middlewares/Third_Party/tflite-micro/tensorflow/lite/experimental/microfrontend/lib/pcan_gain_control_util.o"
arm-none-eabi-gcc "../Middlewares/Third_Party/tflite-micro/tensorflow/lite/experimental/microfrontend/lib/window.c" -mcpu=cortex-m7 -std=gnu11 -g3 -DDEBUG -DUSE_HAL_DRIVER -DSTM32F723xx -c -I../USB_HOST/App -I-I../Middlewares/Third_Party/tflite-micro -I../Middlewares/Third_Party/tflite-micro -I../Middlewares/Third_Party/tflite-micro/tensorflow -I../Middlewares/Third_Party/tflite-micro/tensorflow/lite -I../Middlewares/Third_Party/tflite-micro/tensorflow/lite/micro -I../USB_HOST/Target -I../Core/Inc -I../Drivers/STM32F7xx_HAL_Driver/Inc -I../Drivers/STM32F7xx_HAL_Driver/Inc/Legacy -I../Middlewares/ST/STM32_USB_Host_Library/Core/Inc -I../Middlewares/ST/STM32_USB_Host_Library/Class/AUDIO/Inc -I../Middlewares/ST/STM32_USB_Host_Library/Class/MSC/Inc -I../Drivers/CMSIS/Device/ST/STM32F7xx/Include -I../Drivers/CMSIS/Include -I../X-CUBE-AI/App -I../X-CUBE-AI -I../X-CUBE-AI/Target -O0 -ffunction-sections -fdata-sections -Wall -std=gnu11 -fstack-usage -fcyclomatic-complexity -MMD -MP -MF"Middlewares/Third_Party/tflite-micro/tensorflow/lite/experimental/microfrontend/lib/window.d" -MT"Middlewares/Third_Party/tflite-micro/tensorflow/lite/experimental/microfrontend/lib/window.o" --specs=nano.specs -mfpu=fpv5-sp-d16 -mfloat-abi=hard -mthumb -o "Middlewares/Third_Party/tflite-micro/tensorflow/lite/experimental/microfrontend/lib/window.o"
arm-none-eabi-gcc "../Middlewares/Third_Party/tflite-micro/tensorflow/lite/experimental/microfrontend/lib/window_io.c" -mcpu=cortex-m7 -std=gnu11 -g3 -DDEBUG -DUSE_HAL_DRIVER -DSTM32F723xx -c -I../USB_HOST/App -I-I../Middlewares/Third_Party/tflite-micro -I../Middlewares/Third_Party/tflite-micro -I../Middlewares/Third_Party/tflite-micro/tensorflow -I../Middlewares/Third_Party/tflite-micro/tensorflow/lite -I../Middlewares/Third_Party/tflite-micro/tensorflow/lite/micro -I../USB_HOST/Target -I../Core/Inc -I../Drivers/STM32F7xx_HAL_Driver/Inc -I../Drivers/STM32F7xx_HAL_Driver/Inc/Legacy -I../Middlewares/ST/STM32_USB_Host_Library/Core/Inc -I../Middlewares/ST/STM32_USB_Host_Library/Class/AUDIO/Inc -I../Middlewares/ST/STM32_USB_Host_Library/Class/MSC/Inc -I../Drivers/CMSIS/Device/ST/STM32F7xx/Include -I../Drivers/CMSIS/Include -I../X-CUBE-AI/App -I../X-CUBE-AI -I../X-CUBE-AI/Target -O0 -ffunction-sections -fdata-sections -Wall -std=gnu11 -fstack-usage -fcyclomatic-complexity -MMD -MP -MF"Middlewares/Third_Party/tflite-micro/tensorflow/lite/experimental/microfrontend/lib/window_io.d" -MT"Middlewares/Third_Party/tflite-micro/tensorflow/lite/experimental/microfrontend/lib/window_io.o" --specs=nano.specs -mfpu=fpv5-sp-d16 -mfloat-abi=hard -mthumb -o "Middlewares/Third_Party/tflite-micro/tensorflow/lite/experimental/microfrontend/lib/window_io.o"
arm-none-eabi-gcc "../Middlewares/Third_Party/tflite-micro/tensorflow/lite/experimental/microfrontend/lib/window_util.c" -mcpu=cortex-m7 -std=gnu11 -g3 -DDEBUG -DUSE_HAL_DRIVER -DSTM32F723xx -c -I../USB_HOST/App -I-I../Middlewares/Third_Party/tflite-micro -I../Middlewares/Third_Party/tflite-micro -I../Middlewares/Third_Party/tflite-micro/tensorflow -I../Middlewares/Third_Party/tflite-micro/tensorflow/lite -I../Middlewares/Third_Party/tflite-micro/tensorflow/lite/micro -I../USB_HOST/Target -I../Core/Inc -I../Drivers/STM32F7xx_HAL_Driver/Inc -I../Drivers/STM32F7xx_HAL_Driver/Inc/Legacy -I../Middlewares/ST/STM32_USB_Host_Library/Core/Inc -I../Middlewares/ST/STM32_USB_Host_Library/Class/AUDIO/Inc -I../Middlewares/ST/STM32_USB_Host_Library/Class/MSC/Inc -I../Drivers/CMSIS/Device/ST/STM32F7xx/Include -I../Drivers/CMSIS/Include -I../X-CUBE-AI/App -I../X-CUBE-AI -I../X-CUBE-AI/Target -O0 -ffunction-sections -fdata-sections -Wall -std=gnu11 -fstack-usage -fcyclomatic-complexity -MMD -MP -MF"Middlewares/Third_Party/tflite-micro/tensorflow/lite/experimental/microfrontend/lib/window_util.d" -MT"Middlewares/Third_Party/tflite-micro/tensorflow/lite/experimental/microfrontend/lib/window_util.o" --specs=nano.specs -mfpu=fpv5-sp-d16 -mfloat-abi=hard -mthumb -o "Middlewares/Third_Party/tflite-micro/tensorflow/lite/experimental/microfrontend/lib/window_util.o"
arm-none-eabi-gcc "../Middlewares/ST/STM32_USB_Host_Library/Core/Src/usbh_core.c" -mcpu=cortex-m7 -std=gnu11 -g3 -DDEBUG -DUSE_HAL_DRIVER -DSTM32F723xx -c -I../USB_HOST/App -I-I../Middlewares/Third_Party/tflite-micro -I../Middlewares/Third_Party/tflite-micro -I../Middlewares/Third_Party/tflite-micro/tensorflow -I../Middlewares/Third_Party/tflite-micro/tensorflow/lite -I../Middlewares/Third_Party/tflite-micro/tensorflow/lite/micro -I../USB_HOST/Target -I../Core/Inc -I../Drivers/STM32F7xx_HAL_Driver/Inc -I../Drivers/STM32F7xx_HAL_Driver/Inc/Legacy -I../Middlewares/ST/STM32_USB_Host_Library/Core/Inc -I../Middlewares/ST/STM32_USB_Host_Library/Class/AUDIO/Inc -I../Middlewares/ST/STM32_USB_Host_Library/Class/MSC/Inc -I../Drivers/CMSIS/Device/ST/STM32F7xx/Include -I../Drivers/CMSIS/Include -I../X-CUBE-AI/App -I../X-CUBE-AI -I../X-CUBE-AI/Target -O0 -ffunction-sections -fdata-sections -Wall -std=gnu11 -fstack-usage -fcyclomatic-complexity -MMD -MP -MF"Middlewares/ST/STM32_USB_Host_Library/Core/Src/usbh_core.d" -MT"Middlewares/ST/STM32_USB_Host_Library/Core/Src/usbh_core.o" --specs=nano.specs -mfpu=fpv5-sp-d16 -mfloat-abi=hard -mthumb -o "Middlewares/ST/STM32_USB_Host_Library/Core/Src/usbh_core.o"
arm-none-eabi-gcc "../Middlewares/ST/STM32_USB_Host_Library/Core/Src/usbh_ctlreq.c" -mcpu=cortex-m7 -std=gnu11 -g3 -DDEBUG -DUSE_HAL_DRIVER -DSTM32F723xx -c -I../USB_HOST/App -I-I../Middlewares/Third_Party/tflite-micro -I../Middlewares/Third_Party/tflite-micro -I../Middlewares/Third_Party/tflite-micro/tensorflow -I../Middlewares/Third_Party/tflite-micro/tensorflow/lite -I../Middlewares/Third_Party/tflite-micro/tensorflow/lite/micro -I../USB_HOST/Target -I../Core/Inc -I../Drivers/STM32F7xx_HAL_Driver/Inc -I../Drivers/STM32F7xx_HAL_Driver/Inc/Legacy -I../Middlewares/ST/STM32_USB_Host_Library/Core/Inc -I../Middlewares/ST/STM32_USB_Host_Library/Class/AUDIO/Inc -I../Middlewares/ST/STM32_USB_Host_Library/Class/MSC/Inc -I../Drivers/CMSIS/Device/ST/STM32F7xx/Include -I../Drivers/CMSIS/Include -I../X-CUBE-AI/App -I../X-CUBE-AI -I../X-CUBE-AI/Target -O0 -ffunction-sections -fdata-sections -Wall -std=gnu11 -fstack-usage -fcyclomatic-complexity -MMD -MP -MF"Middlewares/ST/STM32_USB_Host_Library/Core/Src/usbh_ctlreq.d" -MT"Middlewares/ST/STM32_USB_Host_Library/Core/Src/usbh_ctlreq.o" --specs=nano.specs -mfpu=fpv5-sp-d16 -mfloat-abi=hard -mthumb -o "Middlewares/ST/STM32_USB_Host_Library/Core/Src/usbh_ctlreq.o"
arm-none-eabi-gcc "../Middlewares/ST/STM32_USB_Host_Library/Core/Src/usbh_ioreq.c" -mcpu=cortex-m7 -std=gnu11 -g3 -DDEBUG -DUSE_HAL_DRIVER -DSTM32F723xx -c -I../USB_HOST/App -I-I../Middlewares/Third_Party/tflite-micro -I../Middlewares/Third_Party/tflite-micro -I../Middlewares/Third_Party/tflite-micro/tensorflow -I../Middlewares/Third_Party/tflite-micro/tensorflow/lite -I../Middlewares/Third_Party/tflite-micro/tensorflow/lite/micro -I../USB_HOST/Target -I../Core/Inc -I../Drivers/STM32F7xx_HAL_Driver/Inc -I../Drivers/STM32F7xx_HAL_Driver/Inc/Legacy -I../Middlewares/ST/STM32_USB_Host_Library/Core/Inc -I../Middlewares/ST/STM32_USB_Host_Library/Class/AUDIO/Inc -I../Middlewares/ST/STM32_USB_Host_Library/Class/MSC/Inc -I../Drivers/CMSIS/Device/ST/STM32F7xx/Include -I../Drivers/CMSIS/Include -I../X-CUBE-AI/App -I../X-CUBE-AI -I../X-CUBE-AI/Target -O0 -ffunction-sections -fdata-sections -Wall -std=gnu11 -fstack-usage -fcyclomatic-complexity -MMD -MP -MF"Middlewares/ST/STM32_USB_Host_Library/Core/Src/usbh_ioreq.d" -MT"Middlewares/ST/STM32_USB_Host_Library/Core/Src/usbh_ioreq.o" --specs=nano.specs -mfpu=fpv5-sp-d16 -mfloat-abi=hard -mthumb -o "Middlewares/ST/STM32_USB_Host_Library/Core/Src/usbh_ioreq.o"
arm-none-eabi-gcc "../Middlewares/ST/STM32_USB_Host_Library/Core/Src/usbh_pipes.c" -mcpu=cortex-m7 -std=gnu11 -g3 -DDEBUG -DUSE_HAL_DRIVER -DSTM32F723xx -c -I../USB_HOST/App -I-I../Middlewares/Third_Party/tflite-micro -I../Middlewares/Third_Party/tflite-micro -I../Middlewares/Third_Party/tflite-micro/tensorflow -I../Middlewares/Third_Party/tflite-micro/tensorflow/lite -I../Middlewares/Third_Party/tflite-micro/tensorflow/lite/micro -I../USB_HOST/Target -I../Core/Inc -I../Drivers/STM32F7xx_HAL_Driver/Inc -I../Drivers/STM32F7xx_HAL_Driver/Inc/Legacy -I../Middlewares/ST/STM32_USB_Host_Library/Core/Inc -I../Middlewares/ST/STM32_USB_Host_Library/Class/AUDIO/Inc -I../Middlewares/ST/STM32_USB_Host_Library/Class/MSC/Inc -I../Drivers/CMSIS/Device/ST/STM32F7xx/Include -I../Drivers/CMSIS/Include -I../X-CUBE-AI/App -I../X-CUBE-AI -I../X-CUBE-AI/Target -O0 -ffunction-sections -fdata-sections -Wall -std=gnu11 -fstack-usage -fcyclomatic-complexity -MMD -MP -MF"Middlewares/ST/STM32_USB_Host_Library/Core/Src/usbh_pipes.d" -MT"Middlewares/ST/STM32_USB_Host_Library/Core/Src/usbh_pipes.o" --specs=nano.specs -mfpu=fpv5-sp-d16 -mfloat-abi=hard -mthumb -o "Middlewares/ST/STM32_USB_Host_Library/Core/Src/usbh_pipes.o"
arm-none-eabi-gcc "../Middlewares/ST/STM32_USB_Host_Library/Class/MSC/Src/usbh_msc.c" -mcpu=cortex-m7 -std=gnu11 -g3 -DDEBUG -DUSE_HAL_DRIVER -DSTM32F723xx -c -I../USB_HOST/App -I-I../Middlewares/Third_Party/tflite-micro -I../Middlewares/Third_Party/tflite-micro -I../Middlewares/Third_Party/tflite-micro/tensorflow -I../Middlewares/Third_Party/tflite-micro/tensorflow/lite -I../Middlewares/Third_Party/tflite-micro/tensorflow/lite/micro -I../USB_HOST/Target -I../Core/Inc -I../Drivers/STM32F7xx_HAL_Driver/Inc -I../Drivers/STM32F7xx_HAL_Driver/Inc/Legacy -I../Middlewares/ST/STM32_USB_Host_Library/Core/Inc -I../Middlewares/ST/STM32_USB_Host_Library/Class/AUDIO/Inc -I../Middlewares/ST/STM32_USB_Host_Library/Class/MSC/Inc -I../Drivers/CMSIS/Device/ST/STM32F7xx/Include -I../Drivers/CMSIS/Include -I../X-CUBE-AI/App -I../X-CUBE-AI -I../X-CUBE-AI/Target -O0 -ffunction-sections -fdata-sections -Wall -std=gnu11 -fstack-usage -fcyclomatic-complexity -MMD -MP -MF"Middlewares/ST/STM32_USB_Host_Library/Class/MSC/Src/usbh_msc.d" -MT"Middlewares/ST/STM32_USB_Host_Library/Class/MSC/Src/usbh_msc.o" --specs=nano.specs -mfpu=fpv5-sp-d16 -mfloat-abi=hard -mthumb -o "Middlewares/ST/STM32_USB_Host_Library/Class/MSC/Src/usbh_msc.o"
arm-none-eabi-gcc "../Middlewares/ST/STM32_USB_Host_Library/Class/MSC/Src/usbh_msc_bot.c" -mcpu=cortex-m7 -std=gnu11 -g3 -DDEBUG -DUSE_HAL_DRIVER -DSTM32F723xx -c -I../USB_HOST/App -I-I../Middlewares/Third_Party/tflite-micro -I../Middlewares/Third_Party/tflite-micro -I../Middlewares/Third_Party/tflite-micro/tensorflow -I../Middlewares/Third_Party/tflite-micro/tensorflow/lite -I../Middlewares/Third_Party/tflite-micro/tensorflow/lite/micro -I../USB_HOST/Target -I../Core/Inc -I../Drivers/STM32F7xx_HAL_Driver/Inc -I../Drivers/STM32F7xx_HAL_Driver/Inc/Legacy -I../Middlewares/ST/STM32_USB_Host_Library/Core/Inc -I../Middlewares/ST/STM32_USB_Host_Library/Class/AUDIO/Inc -I../Middlewares/ST/STM32_USB_Host_Library/Class/MSC/Inc -I../Drivers/CMSIS/Device/ST/STM32F7xx/Include -I../Drivers/CMSIS/Include -I../X-CUBE-AI/App -I../X-CUBE-AI -I../X-CUBE-AI/Target -O0 -ffunction-sections -fdata-sections -Wall -std=gnu11 -fstack-usage -fcyclomatic-complexity -MMD -MP -MF"Middlewares/ST/STM32_USB_Host_Library/Class/MSC/Src/usbh_msc_bot.d" -MT"Middlewares/ST/STM32_USB_Host_Library/Class/MSC/Src/usbh_msc_bot.o" --specs=nano.specs -mfpu=fpv5-sp-d16 -mfloat-abi=hard -mthumb -o "Middlewares/ST/STM32_USB_Host_Library/Class/MSC/Src/usbh_msc_bot.o"
arm-none-eabi-gcc "../Middlewares/ST/STM32_USB_Host_Library/Class/MSC/Src/usbh_msc_scsi.c" -mcpu=cortex-m7 -std=gnu11 -g3 -DDEBUG -DUSE_HAL_DRIVER -DSTM32F723xx -c -I../USB_HOST/App -I-I../Middlewares/Third_Party/tflite-micro -I../Middlewares/Third_Party/tflite-micro -I../Middlewares/Third_Party/tflite-micro/tensorflow -I../Middlewares/Third_Party/tflite-micro/tensorflow/lite -I../Middlewares/Third_Party/tflite-micro/tensorflow/lite/micro -I../USB_HOST/Target -I../Core/Inc -I../Drivers/STM32F7xx_HAL_Driver/Inc -I../Drivers/STM32F7xx_HAL_Driver/Inc/Legacy -I../Middlewares/ST/STM32_USB_Host_Library/Core/Inc -I../Middlewares/ST/STM32_USB_Host_Library/Class/AUDIO/Inc -I../Middlewares/ST/STM32_USB_Host_Library/Class/MSC/Inc -I../Drivers/CMSIS/Device/ST/STM32F7xx/Include -I../Drivers/CMSIS/Include -I../X-CUBE-AI/App -I../X-CUBE-AI -I../X-CUBE-AI/Target -O0 -ffunction-sections -fdata-sections -Wall -std=gnu11 -fstack-usage -fcyclomatic-complexity -MMD -MP -MF"Middlewares/ST/STM32_USB_Host_Library/Class/MSC/Src/usbh_msc_scsi.d" -MT"Middlewares/ST/STM32_USB_Host_Library/Class/MSC/Src/usbh_msc_scsi.o" --specs=nano.specs -mfpu=fpv5-sp-d16 -mfloat-abi=hard -mthumb -o "Middlewares/ST/STM32_USB_Host_Library/Class/MSC/Src/usbh_msc_scsi.o"
arm-none-eabi-gcc "../Middlewares/ST/STM32_USB_Host_Library/Class/AUDIO/Src/usbh_audio.c" -mcpu=cortex-m7 -std=gnu11 -g3 -DDEBUG -DUSE_HAL_DRIVER -DSTM32F723xx -c -I../USB_HOST/App -I-I../Middlewares/Third_Party/tflite-micro -I../Middlewares/Third_Party/tflite-micro -I../Middlewares/Third_Party/tflite-micro/tensorflow -I../Middlewares/Third_Party/tflite-micro/tensorflow/lite -I../Middlewares/Third_Party/tflite-micro/tensorflow/lite/micro -I../USB_HOST/Target -I../Core/Inc -I../Drivers/STM32F7xx_HAL_Driver/Inc -I../Drivers/STM32F7xx_HAL_Driver/Inc/Legacy -I../Middlewares/ST/STM32_USB_Host_Library/Core/Inc -I../Middlewares/ST/STM32_USB_Host_Library/Class/AUDIO/Inc -I../Middlewares/ST/STM32_USB_Host_Library/Class/MSC/Inc -I../Drivers/CMSIS/Device/ST/STM32F7xx/Include -I../Drivers/CMSIS/Include -I../X-CUBE-AI/App -I../X-CUBE-AI -I../X-CUBE-AI/Target -O0 -ffunction-sections -fdata-sections -Wall -std=gnu11 -fstack-usage -fcyclomatic-complexity -MMD -MP -MF"Middlewares/ST/STM32_USB_Host_Library/Class/AUDIO/Src/usbh_audio.d" -MT"Middlewares/ST/STM32_USB_Host_Library/Class/AUDIO/Src/usbh_audio.o" --specs=nano.specs -mfpu=fpv5-sp-d16 -mfloat-abi=hard -mthumb -o "Middlewares/ST/STM32_USB_Host_Library/Class/AUDIO/Src/usbh_audio.o"
arm-none-eabi-gcc "../Drivers/STM32F7xx_HAL_Driver/Src/stm32f7xx_hal.c" -mcpu=cortex-m7 -std=gnu11 -g3 -DDEBUG -DUSE_HAL_DRIVER -DSTM32F723xx -c -I../USB_HOST/App -I-I../Middlewares/Third_Party/tflite-micro -I../Middlewares/Third_Party/tflite-micro -I../Middlewares/Third_Party/tflite-micro/tensorflow -I../Middlewares/Third_Party/tflite-micro/tensorflow/lite -I../Middlewares/Third_Party/tflite-micro/tensorflow/lite/micro -I../USB_HOST/Target -I../Core/Inc -I../Drivers/STM32F7xx_HAL_Driver/Inc -I../Drivers/STM32F7xx_HAL_Driver/Inc/Legacy -I../Middlewares/ST/STM32_USB_Host_Library/Core/Inc -I../Middlewares/ST/STM32_USB_Host_Library/Class/AUDIO/Inc -I../Middlewares/ST/STM32_USB_Host_Library/Class/MSC/Inc -I../Drivers/CMSIS/Device/ST/STM32F7xx/Include -I../Drivers/CMSIS/Include -I../X-CUBE-AI/App -I../X-CUBE-AI -I../X-CUBE-AI/Target -O0 -ffunction-sections -fdata-sections -Wall -std=gnu11 -fstack-usage -fcyclomatic-complexity -MMD -MP -MF"Drivers/STM32F7xx_HAL_Driver/Src/stm32f7xx_hal.d" -MT"Drivers/STM32F7xx_HAL_Driver/Src/stm32f7xx_hal.o" --specs=nano.specs -mfpu=fpv5-sp-d16 -mfloat-abi=hard -mthumb -o "Drivers/STM32F7xx_HAL_Driver/Src/stm32f7xx_hal.o"
arm-none-eabi-gcc "../Drivers/STM32F7xx_HAL_Driver/Src/stm32f7xx_hal_adc.c" -mcpu=cortex-m7 -std=gnu11 -g3 -DDEBUG -DUSE_HAL_DRIVER -DSTM32F723xx -c -I../USB_HOST/App -I-I../Middlewares/Third_Party/tflite-micro -I../Middlewares/Third_Party/tflite-micro -I../Middlewares/Third_Party/tflite-micro/tensorflow -I../Middlewares/Third_Party/tflite-micro/tensorflow/lite -I../Middlewares/Third_Party/tflite-micro/tensorflow/lite/micro -I../USB_HOST/Target -I../Core/Inc -I../Drivers/STM32F7xx_HAL_Driver/Inc -I../Drivers/STM32F7xx_HAL_Driver/Inc/Legacy -I../Middlewares/ST/STM32_USB_Host_Library/Core/Inc -I../Middlewares/ST/STM32_USB_Host_Library/Class/AUDIO/Inc -I../Middlewares/ST/STM32_USB_Host_Library/Class/MSC/Inc -I../Drivers/CMSIS/Device/ST/STM32F7xx/Include -I../Drivers/CMSIS/Include -I../X-CUBE-AI/App -I../X-CUBE-AI -I../X-CUBE-AI/Target -O0 -ffunction-sections -fdata-sections -Wall -std=gnu11 -fstack-usage -fcyclomatic-complexity -MMD -MP -MF"Drivers/STM32F7xx_HAL_Driver/Src/stm32f7xx_hal_adc.d" -MT"Drivers/STM32F7xx_HAL_Driver/Src/stm32f7xx_hal_adc.o" --specs=nano.specs -mfpu=fpv5-sp-d16 -mfloat-abi=hard -mthumb -o "Drivers/STM32F7xx_HAL_Driver/Src/stm32f7xx_hal_adc.o"
arm-none-eabi-gcc "../Drivers/STM32F7xx_HAL_Driver/Src/stm32f7xx_hal_adc_ex.c" -mcpu=cortex-m7 -std=gnu11 -g3 -DDEBUG -DUSE_HAL_DRIVER -DSTM32F723xx -c -I../USB_HOST/App -I-I../Middlewares/Third_Party/tflite-micro -I../Middlewares/Third_Party/tflite-micro -I../Middlewares/Third_Party/tflite-micro/tensorflow -I../Middlewares/Third_Party/tflite-micro/tensorflow/lite -I../Middlewares/Third_Party/tflite-micro/tensorflow/lite/micro -I../USB_HOST/Target -I../Core/Inc -I../Drivers/STM32F7xx_HAL_Driver/Inc -I../Drivers/STM32F7xx_HAL_Driver/Inc/Legacy -I../Middlewares/ST/STM32_USB_Host_Library/Core/Inc -I../Middlewares/ST/STM32_USB_Host_Library/Class/AUDIO/Inc -I../Middlewares/ST/STM32_USB_Host_Library/Class/MSC/Inc -I../Drivers/CMSIS/Device/ST/STM32F7xx/Include -I../Drivers/CMSIS/Include -I../X-CUBE-AI/App -I../X-CUBE-AI -I../X-CUBE-AI/Target -O0 -ffunction-sections -fdata-sections -Wall -std=gnu11 -fstack-usage -fcyclomatic-complexity -MMD -MP -MF"Drivers/STM32F7xx_HAL_Driver/Src/stm32f7xx_hal_adc_ex.d" -MT"Drivers/STM32F7xx_HAL_Driver/Src/stm32f7xx_hal_adc_ex.o" --specs=nano.specs -mfpu=fpv5-sp-d16 -mfloat-abi=hard -mthumb -o "Drivers/STM32F7xx_HAL_Driver/Src/stm32f7xx_hal_adc_ex.o"
arm-none-eabi-gcc "../Drivers/STM32F7xx_HAL_Driver/Src/stm32f7xx_hal_cortex.c" -mcpu=cortex-m7 -std=gnu11 -g3 -DDEBUG -DUSE_HAL_DRIVER -DSTM32F723xx -c -I../USB_HOST/App -I-I../Middlewares/Third_Party/tflite-micro -I../Middlewares/Third_Party/tflite-micro -I../Middlewares/Third_Party/tflite-micro/tensorflow -I../Middlewares/Third_Party/tflite-micro/tensorflow/lite -I../Middlewares/Third_Party/tflite-micro/tensorflow/lite/micro -I../USB_HOST/Target -I../Core/Inc -I../Drivers/STM32F7xx_HAL_Driver/Inc -I../Drivers/STM32F7xx_HAL_Driver/Inc/Legacy -I../Middlewares/ST/STM32_USB_Host_Library/Core/Inc -I../Middlewares/ST/STM32_USB_Host_Library/Class/AUDIO/Inc -I../Middlewares/ST/STM32_USB_Host_Library/Class/MSC/Inc -I../Drivers/CMSIS/Device/ST/STM32F7xx/Include -I../Drivers/CMSIS/Include -I../X-CUBE-AI/App -I../X-CUBE-AI -I../X-CUBE-AI/Target -O0 -ffunction-sections -fdata-sections -Wall -std=gnu11 -fstack-usage -fcyclomatic-complexity -MMD -MP -MF"Drivers/STM32F7xx_HAL_Driver/Src/stm32f7xx_hal_cortex.d" -MT"Drivers/STM32F7xx_HAL_Driver/Src/stm32f7xx_hal_cortex.o" --specs=nano.specs -mfpu=fpv5-sp-d16 -mfloat-abi=hard -mthumb -o "Drivers/STM32F7xx_HAL_Driver/Src/stm32f7xx_hal_cortex.o"
arm-none-eabi-gcc "../Drivers/STM32F7xx_HAL_Driver/Src/stm32f7xx_hal_dma.c" -mcpu=cortex-m7 -std=gnu11 -g3 -DDEBUG -DUSE_HAL_DRIVER -DSTM32F723xx -c -I../USB_HOST/App -I-I../Middlewares/Third_Party/tflite-micro -I../Middlewares/Third_Party/tflite-micro -I../Middlewares/Third_Party/tflite-micro/tensorflow -I../Middlewares/Third_Party/tflite-micro/tensorflow/lite -I../Middlewares/Third_Party/tflite-micro/tensorflow/lite/micro -I../USB_HOST/Target -I../Core/Inc -I../Drivers/STM32F7xx_HAL_Driver/Inc -I../Drivers/STM32F7xx_HAL_Driver/Inc/Legacy -I../Middlewares/ST/STM32_USB_Host_Library/Core/Inc -I../Middlewares/ST/STM32_USB_Host_Library/Class/AUDIO/Inc -I../Middlewares/ST/STM32_USB_Host_Library/Class/MSC/Inc -I../Drivers/CMSIS/Device/ST/STM32F7xx/Include -I../Drivers/CMSIS/Include -I../X-CUBE-AI/App -I../X-CUBE-AI -I../X-CUBE-AI/Target -O0 -ffunction-sections -fdata-sections -Wall -std=gnu11 -fstack-usage -fcyclomatic-complexity -MMD -MP -MF"Drivers/STM32F7xx_HAL_Driver/Src/stm32f7xx_hal_dma.d" -MT"Drivers/STM32F7xx_HAL_Driver/Src/stm32f7xx_hal_dma.o" --specs=nano.specs -mfpu=fpv5-sp-d16 -mfloat-abi=hard -mthumb -o "Drivers/STM32F7xx_HAL_Driver/Src/stm32f7xx_hal_dma.o"
arm-none-eabi-gcc "../Drivers/STM32F7xx_HAL_Driver/Src/stm32f7xx_hal_dma_ex.c" -mcpu=cortex-m7 -std=gnu11 -g3 -DDEBUG -DUSE_HAL_DRIVER -DSTM32F723xx -c -I../USB_HOST/App -I-I../Middlewares/Third_Party/tflite-micro -I../Middlewares/Third_Party/tflite-micro -I../Middlewares/Third_Party/tflite-micro/tensorflow -I../Middlewares/Third_Party/tflite-micro/tensorflow/lite -I../Middlewares/Third_Party/tflite-micro/tensorflow/lite/micro -I../USB_HOST/Target -I../Core/Inc -I../Drivers/STM32F7xx_HAL_Driver/Inc -I../Drivers/STM32F7xx_HAL_Driver/Inc/Legacy -I../Middlewares/ST/STM32_USB_Host_Library/Core/Inc -I../Middlewares/ST/STM32_USB_Host_Library/Class/AUDIO/Inc -I../Middlewares/ST/STM32_USB_Host_Library/Class/MSC/Inc -I../Drivers/CMSIS/Device/ST/STM32F7xx/Include -I../Drivers/CMSIS/Include -I../X-CUBE-AI/App -I../X-CUBE-AI -I../X-CUBE-AI/Target -O0 -ffunction-sections -fdata-sections -Wall -std=gnu11 -fstack-usage -fcyclomatic-complexity -MMD -MP -MF"Drivers/STM32F7xx_HAL_Driver/Src/stm32f7xx_hal_dma_ex.d" -MT"Drivers/STM32F7xx_HAL_Driver/Src/stm32f7xx_hal_dma_ex.o" --specs=nano.specs -mfpu=fpv5-sp-d16 -mfloat-abi=hard -mthumb -o "Drivers/STM32F7xx_HAL_Driver/Src/stm32f7xx_hal_dma_ex.o"
arm-none-eabi-gcc "../Drivers/STM32F7xx_HAL_Driver/Src/stm32f7xx_hal_exti.c" -mcpu=cortex-m7 -std=gnu11 -g3 -DDEBUG -DUSE_HAL_DRIVER -DSTM32F723xx -c -I../USB_HOST/App -I-I../Middlewares/Third_Party/tflite-micro -I../Middlewares/Third_Party/tflite-micro -I../Middlewares/Third_Party/tflite-micro/tensorflow -I../Middlewares/Third_Party/tflite-micro/tensorflow/lite -I../Middlewares/Third_Party/tflite-micro/tensorflow/lite/micro -I../USB_HOST/Target -I../Core/Inc -I../Drivers/STM32F7xx_HAL_Driver/Inc -I../Drivers/STM32F7xx_HAL_Driver/Inc/Legacy -I../Middlewares/ST/STM32_USB_Host_Library/Core/Inc -I../Middlewares/ST/STM32_USB_Host_Library/Class/AUDIO/Inc -I../Middlewares/ST/STM32_USB_Host_Library/Class/MSC/Inc -I../Drivers/CMSIS/Device/ST/STM32F7xx/Include -I../Drivers/CMSIS/Include -I../X-CUBE-AI/App -I../X-CUBE-AI -I../X-CUBE-AI/Target -O0 -ffunction-sections -fdata-sections -Wall -std=gnu11 -fstack-usage -fcyclomatic-complexity -MMD -MP -MF"Drivers/STM32F7xx_HAL_Driver/Src/stm32f7xx_hal_exti.d" -MT"Drivers/STM32F7xx_HAL_Driver/Src/stm32f7xx_hal_exti.o" --specs=nano.specs -mfpu=fpv5-sp-d16 -mfloat-abi=hard -mthumb -o "Drivers/STM32F7xx_HAL_Driver/Src/stm32f7xx_hal_exti.o"
arm-none-eabi-gcc "../Drivers/STM32F7xx_HAL_Driver/Src/stm32f7xx_hal_flash.c" -mcpu=cortex-m7 -std=gnu11 -g3 -DDEBUG -DUSE_HAL_DRIVER -DSTM32F723xx -c -I../USB_HOST/App -I-I../Middlewares/Third_Party/tflite-micro -I../Middlewares/Third_Party/tflite-micro -I../Middlewares/Third_Party/tflite-micro/tensorflow -I../Middlewares/Third_Party/tflite-micro/tensorflow/lite -I../Middlewares/Third_Party/tflite-micro/tensorflow/lite/micro -I../USB_HOST/Target -I../Core/Inc -I../Drivers/STM32F7xx_HAL_Driver/Inc -I../Drivers/STM32F7xx_HAL_Driver/Inc/Legacy -I../Middlewares/ST/STM32_USB_Host_Library/Core/Inc -I../Middlewares/ST/STM32_USB_Host_Library/Class/AUDIO/Inc -I../Middlewares/ST/STM32_USB_Host_Library/Class/MSC/Inc -I../Drivers/CMSIS/Device/ST/STM32F7xx/Include -I../Drivers/CMSIS/Include -I../X-CUBE-AI/App -I../X-CUBE-AI -I../X-CUBE-AI/Target -O0 -ffunction-sections -fdata-sections -Wall -std=gnu11 -fstack-usage -fcyclomatic-complexity -MMD -MP -MF"Drivers/STM32F7xx_HAL_Driver/Src/stm32f7xx_hal_flash.d" -MT"Drivers/STM32F7xx_HAL_Driver/Src/stm32f7xx_hal_flash.o" --specs=nano.specs -mfpu=fpv5-sp-d16 -mfloat-abi=hard -mthumb -o "Drivers/STM32F7xx_HAL_Driver/Src/stm32f7xx_hal_flash.o"
arm-none-eabi-gcc "../Drivers/STM32F7xx_HAL_Driver/Src/stm32f7xx_hal_flash_ex.c" -mcpu=cortex-m7 -std=gnu11 -g3 -DDEBUG -DUSE_HAL_DRIVER -DSTM32F723xx -c -I../USB_HOST/App -I-I../Middlewares/Third_Party/tflite-micro -I../Middlewares/Third_Party/tflite-micro -I../Middlewares/Third_Party/tflite-micro/tensorflow -I../Middlewares/Third_Party/tflite-micro/tensorflow/lite -I../Middlewares/Third_Party/tflite-micro/tensorflow/lite/micro -I../USB_HOST/Target -I../Core/Inc -I../Drivers/STM32F7xx_HAL_Driver/Inc -I../Drivers/STM32F7xx_HAL_Driver/Inc/Legacy -I../Middlewares/ST/STM32_USB_Host_Library/Core/Inc -I../Middlewares/ST/STM32_USB_Host_Library/Class/AUDIO/Inc -I../Middlewares/ST/STM32_USB_Host_Library/Class/MSC/Inc -I../Drivers/CMSIS/Device/ST/STM32F7xx/Include -I../Drivers/CMSIS/Include -I../X-CUBE-AI/App -I../X-CUBE-AI -I../X-CUBE-AI/Target -O0 -ffunction-sections -fdata-sections -Wall -std=gnu11 -fstack-usage -fcyclomatic-complexity -MMD -MP -MF"Drivers/STM32F7xx_HAL_Driver/Src/stm32f7xx_hal_flash_ex.d" -MT"Drivers/STM32F7xx_HAL_Driver/Src/stm32f7xx_hal_flash_ex.o" --specs=nano.specs -mfpu=fpv5-sp-d16 -mfloat-abi=hard -mthumb -o "Drivers/STM32F7xx_HAL_Driver/Src/stm32f7xx_hal_flash_ex.o"
arm-none-eabi-gcc "../Drivers/STM32F7xx_HAL_Driver/Src/stm32f7xx_hal_gpio.c" -mcpu=cortex-m7 -std=gnu11 -g3 -DDEBUG -DUSE_HAL_DRIVER -DSTM32F723xx -c -I../USB_HOST/App -I-I../Middlewares/Third_Party/tflite-micro -I../Middlewares/Third_Party/tflite-micro -I../Middlewares/Third_Party/tflite-micro/tensorflow -I../Middlewares/Third_Party/tflite-micro/tensorflow/lite -I../Middlewares/Third_Party/tflite-micro/tensorflow/lite/micro -I../USB_HOST/Target -I../Core/Inc -I../Drivers/STM32F7xx_HAL_Driver/Inc -I../Drivers/STM32F7xx_HAL_Driver/Inc/Legacy -I../Middlewares/ST/STM32_USB_Host_Library/Core/Inc -I../Middlewares/ST/STM32_USB_Host_Library/Class/AUDIO/Inc -I../Middlewares/ST/STM32_USB_Host_Library/Class/MSC/Inc -I../Drivers/CMSIS/Device/ST/STM32F7xx/Include -I../Drivers/CMSIS/Include -I../X-CUBE-AI/App -I../X-CUBE-AI -I../X-CUBE-AI/Target -O0 -ffunction-sections -fdata-sections -Wall -std=gnu11 -fstack-usage -fcyclomatic-complexity -MMD -MP -MF"Drivers/STM32F7xx_HAL_Driver/Src/stm32f7xx_hal_gpio.d" -MT"Drivers/STM32F7xx_HAL_Driver/Src/stm32f7xx_hal_gpio.o" --specs=nano.specs -mfpu=fpv5-sp-d16 -mfloat-abi=hard -mthumb -o "Drivers/STM32F7xx_HAL_Driver/Src/stm32f7xx_hal_gpio.o"
arm-none-eabi-gcc "../Drivers/STM32F7xx_HAL_Driver/Src/stm32f7xx_hal_hcd.c" -mcpu=cortex-m7 -std=gnu11 -g3 -DDEBUG -DUSE_HAL_DRIVER -DSTM32F723xx -c -I../USB_HOST/App -I-I../Middlewares/Third_Party/tflite-micro -I../Middlewares/Third_Party/tflite-micro -I../Middlewares/Third_Party/tflite-micro/tensorflow -I../Middlewares/Third_Party/tflite-micro/tensorflow/lite -I../Middlewares/Third_Party/tflite-micro/tensorflow/lite/micro -I../USB_HOST/Target -I../Core/Inc -I../Drivers/STM32F7xx_HAL_Driver/Inc -I../Drivers/STM32F7xx_HAL_Driver/Inc/Legacy -I../Middlewares/ST/STM32_USB_Host_Library/Core/Inc -I../Middlewares/ST/STM32_USB_Host_Library/Class/AUDIO/Inc -I../Middlewares/ST/STM32_USB_Host_Library/Class/MSC/Inc -I../Drivers/CMSIS/Device/ST/STM32F7xx/Include -I../Drivers/CMSIS/Include -I../X-CUBE-AI/App -I../X-CUBE-AI -I../X-CUBE-AI/Target -O0 -ffunction-sections -fdata-sections -Wall -std=gnu11 -fstack-usage -fcyclomatic-complexity -MMD -MP -MF"Drivers/STM32F7xx_HAL_Driver/Src/stm32f7xx_hal_hcd.d" -MT"Drivers/STM32F7xx_HAL_Driver/Src/stm32f7xx_hal_hcd.o" --specs=nano.specs -mfpu=fpv5-sp-d16 -mfloat-abi=hard -mthumb -o "Drivers/STM32F7xx_HAL_Driver/Src/stm32f7xx_hal_hcd.o"
arm-none-eabi-gcc "../Drivers/STM32F7xx_HAL_Driver/Src/stm32f7xx_hal_i2c.c" -mcpu=cortex-m7 -std=gnu11 -g3 -DDEBUG -DUSE_HAL_DRIVER -DSTM32F723xx -c -I../USB_HOST/App -I-I../Middlewares/Third_Party/tflite-micro -I../Middlewares/Third_Party/tflite-micro -I../Middlewares/Third_Party/tflite-micro/tensorflow -I../Middlewares/Third_Party/tflite-micro/tensorflow/lite -I../Middlewares/Third_Party/tflite-micro/tensorflow/lite/micro -I../USB_HOST/Target -I../Core/Inc -I../Drivers/STM32F7xx_HAL_Driver/Inc -I../Drivers/STM32F7xx_HAL_Driver/Inc/Legacy -I../Middlewares/ST/STM32_USB_Host_Library/Core/Inc -I../Middlewares/ST/STM32_USB_Host_Library/Class/AUDIO/Inc -I../Middlewares/ST/STM32_USB_Host_Library/Class/MSC/Inc -I../Drivers/CMSIS/Device/ST/STM32F7xx/Include -I../Drivers/CMSIS/Include -I../X-CUBE-AI/App -I../X-CUBE-AI -I../X-CUBE-AI/Target -O0 -ffunction-sections -fdata-sections -Wall -std=gnu11 -fstack-usage -fcyclomatic-complexity -MMD -MP -MF"Drivers/STM32F7xx_HAL_Driver/Src/stm32f7xx_hal_i2c.d" -MT"Drivers/STM32F7xx_HAL_Driver/Src/stm32f7xx_hal_i2c.o" --specs=nano.specs -mfpu=fpv5-sp-d16 -mfloat-abi=hard -mthumb -o "Drivers/STM32F7xx_HAL_Driver/Src/stm32f7xx_hal_i2c.o"
arm-none-eabi-gcc "../Drivers/STM32F7xx_HAL_Driver/Src/stm32f7xx_hal_i2c_ex.c" -mcpu=cortex-m7 -std=gnu11 -g3 -DDEBUG -DUSE_HAL_DRIVER -DSTM32F723xx -c -I../USB_HOST/App -I-I../Middlewares/Third_Party/tflite-micro -I../Middlewares/Third_Party/tflite-micro -I../Middlewares/Third_Party/tflite-micro/tensorflow -I../Middlewares/Third_Party/tflite-micro/tensorflow/lite -I../Middlewares/Third_Party/tflite-micro/tensorflow/lite/micro -I../USB_HOST/Target -I../Core/Inc -I../Drivers/STM32F7xx_HAL_Driver/Inc -I../Drivers/STM32F7xx_HAL_Driver/Inc/Legacy -I../Middlewares/ST/STM32_USB_Host_Library/Core/Inc -I../Middlewares/ST/STM32_USB_Host_Library/Class/AUDIO/Inc -I../Middlewares/ST/STM32_USB_Host_Library/Class/MSC/Inc -I../Drivers/CMSIS/Device/ST/STM32F7xx/Include -I../Drivers/CMSIS/Include -I../X-CUBE-AI/App -I../X-CUBE-AI -I../X-CUBE-AI/Target -O0 -ffunction-sections -fdata-sections -Wall -std=gnu11 -fstack-usage -fcyclomatic-complexity -MMD -MP -MF"Drivers/STM32F7xx_HAL_Driver/Src/stm32f7xx_hal_i2c_ex.d" -MT"Drivers/STM32F7xx_HAL_Driver/Src/stm32f7xx_hal_i2c_ex.o" --specs=nano.specs -mfpu=fpv5-sp-d16 -mfloat-abi=hard -mthumb -o "Drivers/STM32F7xx_HAL_Driver/Src/stm32f7xx_hal_i2c_ex.o"
arm-none-eabi-gcc "../Drivers/STM32F7xx_HAL_Driver/Src/stm32f7xx_hal_nand.c" -mcpu=cortex-m7 -std=gnu11 -g3 -DDEBUG -DUSE_HAL_DRIVER -DSTM32F723xx -c -I../USB_HOST/App -I-I../Middlewares/Third_Party/tflite-micro -I../Middlewares/Third_Party/tflite-micro -I../Middlewares/Third_Party/tflite-micro/tensorflow -I../Middlewares/Third_Party/tflite-micro/tensorflow/lite -I../Middlewares/Third_Party/tflite-micro/tensorflow/lite/micro -I../USB_HOST/Target -I../Core/Inc -I../Drivers/STM32F7xx_HAL_Driver/Inc -I../Drivers/STM32F7xx_HAL_Driver/Inc/Legacy -I../Middlewares/ST/STM32_USB_Host_Library/Core/Inc -I../Middlewares/ST/STM32_USB_Host_Library/Class/AUDIO/Inc -I../Middlewares/ST/STM32_USB_Host_Library/Class/MSC/Inc -I../Drivers/CMSIS/Device/ST/STM32F7xx/Include -I../Drivers/CMSIS/Include -I../X-CUBE-AI/App -I../X-CUBE-AI -I../X-CUBE-AI/Target -O0 -ffunction-sections -fdata-sections -Wall -std=gnu11 -fstack-usage -fcyclomatic-complexity -MMD -MP -MF"Drivers/STM32F7xx_HAL_Driver/Src/stm32f7xx_hal_nand.d" -MT"Drivers/STM32F7xx_HAL_Driver/Src/stm32f7xx_hal_nand.o" --specs=nano.specs -mfpu=fpv5-sp-d16 -mfloat-abi=hard -mthumb -o "Drivers/STM32F7xx_HAL_Driver/Src/stm32f7xx_hal_nand.o"
arm-none-eabi-gcc "../Drivers/STM32F7xx_HAL_Driver/Src/stm32f7xx_hal_nor.c" -mcpu=cortex-m7 -std=gnu11 -g3 -DDEBUG -DUSE_HAL_DRIVER -DSTM32F723xx -c -I../USB_HOST/App -I-I../Middlewares/Third_Party/tflite-micro -I../Middlewares/Third_Party/tflite-micro -I../Middlewares/Third_Party/tflite-micro/tensorflow -I../Middlewares/Third_Party/tflite-micro/tensorflow/lite -I../Middlewares/Third_Party/tflite-micro/tensorflow/lite/micro -I../USB_HOST/Target -I../Core/Inc -I../Drivers/STM32F7xx_HAL_Driver/Inc -I../Drivers/STM32F7xx_HAL_Driver/Inc/Legacy -I../Middlewares/ST/STM32_USB_Host_Library/Core/Inc -I../Middlewares/ST/STM32_USB_Host_Library/Class/AUDIO/Inc -I../Middlewares/ST/STM32_USB_Host_Library/Class/MSC/Inc -I../Drivers/CMSIS/Device/ST/STM32F7xx/Include -I../Drivers/CMSIS/Include -I../X-CUBE-AI/App -I../X-CUBE-AI -I../X-CUBE-AI/Target -O0 -ffunction-sections -fdata-sections -Wall -std=gnu11 -fstack-usage -fcyclomatic-complexity -MMD -MP -MF"Drivers/STM32F7xx_HAL_Driver/Src/stm32f7xx_hal_nor.d" -MT"Drivers/STM32F7xx_HAL_Driver/Src/stm32f7xx_hal_nor.o" --specs=nano.specs -mfpu=fpv5-sp-d16 -mfloat-abi=hard -mthumb -o "Drivers/STM32F7xx_HAL_Driver/Src/stm32f7xx_hal_nor.o"
arm-none-eabi-gcc "../Drivers/STM32F7xx_HAL_Driver/Src/stm32f7xx_hal_pwr.c" -mcpu=cortex-m7 -std=gnu11 -g3 -DDEBUG -DUSE_HAL_DRIVER -DSTM32F723xx -c -I../USB_HOST/App -I-I../Middlewares/Third_Party/tflite-micro -I../Middlewares/Third_Party/tflite-micro -I../Middlewares/Third_Party/tflite-micro/tensorflow -I../Middlewares/Third_Party/tflite-micro/tensorflow/lite -I../Middlewares/Third_Party/tflite-micro/tensorflow/lite/micro -I../USB_HOST/Target -I../Core/Inc -I../Drivers/STM32F7xx_HAL_Driver/Inc -I../Drivers/STM32F7xx_HAL_Driver/Inc/Legacy -I../Middlewares/ST/STM32_USB_Host_Library/Core/Inc -I../Middlewares/ST/STM32_USB_Host_Library/Class/AUDIO/Inc -I../Middlewares/ST/STM32_USB_Host_Library/Class/MSC/Inc -I../Drivers/CMSIS/Device/ST/STM32F7xx/Include -I../Drivers/CMSIS/Include -I../X-CUBE-AI/App -I../X-CUBE-AI -I../X-CUBE-AI/Target -O0 -ffunction-sections -fdata-sections -Wall -std=gnu11 -fstack-usage -fcyclomatic-complexity -MMD -MP -MF"Drivers/STM32F7xx_HAL_Driver/Src/stm32f7xx_hal_pwr.d" -MT"Drivers/STM32F7xx_HAL_Driver/Src/stm32f7xx_hal_pwr.o" --specs=nano.specs -mfpu=fpv5-sp-d16 -mfloat-abi=hard -mthumb -o "Drivers/STM32F7xx_HAL_Driver/Src/stm32f7xx_hal_pwr.o"
arm-none-eabi-gcc "../Drivers/STM32F7xx_HAL_Driver/Src/stm32f7xx_hal_pwr_ex.c" -mcpu=cortex-m7 -std=gnu11 -g3 -DDEBUG -DUSE_HAL_DRIVER -DSTM32F723xx -c -I../USB_HOST/App -I-I../Middlewares/Third_Party/tflite-micro -I../Middlewares/Third_Party/tflite-micro -I../Middlewares/Third_Party/tflite-micro/tensorflow -I../Middlewares/Third_Party/tflite-micro/tensorflow/lite -I../Middlewares/Third_Party/tflite-micro/tensorflow/lite/micro -I../USB_HOST/Target -I../Core/Inc -I../Drivers/STM32F7xx_HAL_Driver/Inc -I../Drivers/STM32F7xx_HAL_Driver/Inc/Legacy -I../Middlewares/ST/STM32_USB_Host_Library/Core/Inc -I../Middlewares/ST/STM32_USB_Host_Library/Class/AUDIO/Inc -I../Middlewares/ST/STM32_USB_Host_Library/Class/MSC/Inc -I../Drivers/CMSIS/Device/ST/STM32F7xx/Include -I../Drivers/CMSIS/Include -I../X-CUBE-AI/App -I../X-CUBE-AI -I../X-CUBE-AI/Target -O0 -ffunction-sections -fdata-sections -Wall -std=gnu11 -fstack-usage -fcyclomatic-complexity -MMD -MP -MF"Drivers/STM32F7xx_HAL_Driver/Src/stm32f7xx_hal_pwr_ex.d" -MT"Drivers/STM32F7xx_HAL_Driver/Src/stm32f7xx_hal_pwr_ex.o" --specs=nano.specs -mfpu=fpv5-sp-d16 -mfloat-abi=hard -mthumb -o "Drivers/STM32F7xx_HAL_Driver/Src/stm32f7xx_hal_pwr_ex.o"
arm-none-eabi-gcc "../Drivers/STM32F7xx_HAL_Driver/Src/stm32f7xx_hal_qspi.c" -mcpu=cortex-m7 -std=gnu11 -g3 -DDEBUG -DUSE_HAL_DRIVER -DSTM32F723xx -c -I../USB_HOST/App -I-I../Middlewares/Third_Party/tflite-micro -I../Middlewares/Third_Party/tflite-micro -I../Middlewares/Third_Party/tflite-micro/tensorflow -I../Middlewares/Third_Party/tflite-micro/tensorflow/lite -I../Middlewares/Third_Party/tflite-micro/tensorflow/lite/micro -I../USB_HOST/Target -I../Core/Inc -I../Drivers/STM32F7xx_HAL_Driver/Inc -I../Drivers/STM32F7xx_HAL_Driver/Inc/Legacy -I../Middlewares/ST/STM32_USB_Host_Library/Core/Inc -I../Middlewares/ST/STM32_USB_Host_Library/Class/AUDIO/Inc -I../Middlewares/ST/STM32_USB_Host_Library/Class/MSC/Inc -I../Drivers/CMSIS/Device/ST/STM32F7xx/Include -I../Drivers/CMSIS/Include -I../X-CUBE-AI/App -I../X-CUBE-AI -I../X-CUBE-AI/Target -O0 -ffunction-sections -fdata-sections -Wall -std=gnu11 -fstack-usage -fcyclomatic-complexity -MMD -MP -MF"Drivers/STM32F7xx_HAL_Driver/Src/stm32f7xx_hal_qspi.d" -MT"Drivers/STM32F7xx_HAL_Driver/Src/stm32f7xx_hal_qspi.o" --specs=nano.specs -mfpu=fpv5-sp-d16 -mfloat-abi=hard -mthumb -o "Drivers/STM32F7xx_HAL_Driver/Src/stm32f7xx_hal_qspi.o"
arm-none-eabi-gcc "../Drivers/STM32F7xx_HAL_Driver/Src/stm32f7xx_hal_rcc.c" -mcpu=cortex-m7 -std=gnu11 -g3 -DDEBUG -DUSE_HAL_DRIVER -DSTM32F723xx -c -I../USB_HOST/App -I-I../Middlewares/Third_Party/tflite-micro -I../Middlewares/Third_Party/tflite-micro -I../Middlewares/Third_Party/tflite-micro/tensorflow -I../Middlewares/Third_Party/tflite-micro/tensorflow/lite -I../Middlewares/Third_Party/tflite-micro/tensorflow/lite/micro -I../USB_HOST/Target -I../Core/Inc -I../Drivers/STM32F7xx_HAL_Driver/Inc -I../Drivers/STM32F7xx_HAL_Driver/Inc/Legacy -I../Middlewares/ST/STM32_USB_Host_Library/Core/Inc -I../Middlewares/ST/STM32_USB_Host_Library/Class/AUDIO/Inc -I../Middlewares/ST/STM32_USB_Host_Library/Class/MSC/Inc -I../Drivers/CMSIS/Device/ST/STM32F7xx/Include -I../Drivers/CMSIS/Include -I../X-CUBE-AI/App -I../X-CUBE-AI -I../X-CUBE-AI/Target -O0 -ffunction-sections -fdata-sections -Wall -std=gnu11 -fstack-usage -fcyclomatic-complexity -MMD -MP -MF"Drivers/STM32F7xx_HAL_Driver/Src/stm32f7xx_hal_rcc.d" -MT"Drivers/STM32F7xx_HAL_Driver/Src/stm32f7xx_hal_rcc.o" --specs=nano.specs -mfpu=fpv5-sp-d16 -mfloat-abi=hard -mthumb -o "Drivers/STM32F7xx_HAL_Driver/Src/stm32f7xx_hal_rcc.o"
arm-none-eabi-gcc "../Drivers/STM32F7xx_HAL_Driver/Src/stm32f7xx_hal_rcc_ex.c" -mcpu=cortex-m7 -std=gnu11 -g3 -DDEBUG -DUSE_HAL_DRIVER -DSTM32F723xx -c -I../USB_HOST/App -I-I../Middlewares/Third_Party/tflite-micro -I../Middlewares/Third_Party/tflite-micro -I../Middlewares/Third_Party/tflite-micro/tensorflow -I../Middlewares/Third_Party/tflite-micro/tensorflow/lite -I../Middlewares/Third_Party/tflite-micro/tensorflow/lite/micro -I../USB_HOST/Target -I../Core/Inc -I../Drivers/STM32F7xx_HAL_Driver/Inc -I../Drivers/STM32F7xx_HAL_Driver/Inc/Legacy -I../Middlewares/ST/STM32_USB_Host_Library/Core/Inc -I../Middlewares/ST/STM32_USB_Host_Library/Class/AUDIO/Inc -I../Middlewares/ST/STM32_USB_Host_Library/Class/MSC/Inc -I../Drivers/CMSIS/Device/ST/STM32F7xx/Include -I../Drivers/CMSIS/Include -I../X-CUBE-AI/App -I../X-CUBE-AI -I../X-CUBE-AI/Target -O0 -ffunction-sections -fdata-sections -Wall -std=gnu11 -fstack-usage -fcyclomatic-complexity -MMD -MP -MF"Drivers/STM32F7xx_HAL_Driver/Src/stm32f7xx_hal_rcc_ex.d" -MT"Drivers/STM32F7xx_HAL_Driver/Src/stm32f7xx_hal_rcc_ex.o" --specs=nano.specs -mfpu=fpv5-sp-d16 -mfloat-abi=hard -mthumb -o "Drivers/STM32F7xx_HAL_Driver/Src/stm32f7xx_hal_rcc_ex.o"
arm-none-eabi-gcc "../Drivers/STM32F7xx_HAL_Driver/Src/stm32f7xx_hal_sai.c" -mcpu=cortex-m7 -std=gnu11 -g3 -DDEBUG -DUSE_HAL_DRIVER -DSTM32F723xx -c -I../USB_HOST/App -I-I../Middlewares/Third_Party/tflite-micro -I../Middlewares/Third_Party/tflite-micro -I../Middlewares/Third_Party/tflite-micro/tensorflow -I../Middlewares/Third_Party/tflite-micro/tensorflow/lite -I../Middlewares/Third_Party/tflite-micro/tensorflow/lite/micro -I../USB_HOST/Target -I../Core/Inc -I../Drivers/STM32F7xx_HAL_Driver/Inc -I../Drivers/STM32F7xx_HAL_Driver/Inc/Legacy -I../Middlewares/ST/STM32_USB_Host_Library/Core/Inc -I../Middlewares/ST/STM32_USB_Host_Library/Class/AUDIO/Inc -I../Middlewares/ST/STM32_USB_Host_Library/Class/MSC/Inc -I../Drivers/CMSIS/Device/ST/STM32F7xx/Include -I../Drivers/CMSIS/Include -I../X-CUBE-AI/App -I../X-CUBE-AI -I../X-CUBE-AI/Target -O0 -ffunction-sections -fdata-sections -Wall -std=gnu11 -fstack-usage -fcyclomatic-complexity -MMD -MP -MF"Drivers/STM32F7xx_HAL_Driver/Src/stm32f7xx_hal_sai.d" -MT"Drivers/STM32F7xx_HAL_Driver/Src/stm32f7xx_hal_sai.o" --specs=nano.specs -mfpu=fpv5-sp-d16 -mfloat-abi=hard -mthumb -o "Drivers/STM32F7xx_HAL_Driver/Src/stm32f7xx_hal_sai.o"
arm-none-eabi-gcc "../Drivers/STM32F7xx_HAL_Driver/Src/stm32f7xx_hal_sai_ex.c" -mcpu=cortex-m7 -std=gnu11 -g3 -DDEBUG -DUSE_HAL_DRIVER -DSTM32F723xx -c -I../USB_HOST/App -I-I../Middlewares/Third_Party/tflite-micro -I../Middlewares/Third_Party/tflite-micro -I../Middlewares/Third_Party/tflite-micro/tensorflow -I../Middlewares/Third_Party/tflite-micro/tensorflow/lite -I../Middlewares/Third_Party/tflite-micro/tensorflow/lite/micro -I../USB_HOST/Target -I../Core/Inc -I../Drivers/STM32F7xx_HAL_Driver/Inc -I../Drivers/STM32F7xx_HAL_Driver/Inc/Legacy -I../Middlewares/ST/STM32_USB_Host_Library/Core/Inc -I../Middlewares/ST/STM32_USB_Host_Library/Class/AUDIO/Inc -I../Middlewares/ST/STM32_USB_Host_Library/Class/MSC/Inc -I../Drivers/CMSIS/Device/ST/STM32F7xx/Include -I../Drivers/CMSIS/Include -I../X-CUBE-AI/App -I../X-CUBE-AI -I../X-CUBE-AI/Target -O0 -ffunction-sections -fdata-sections -Wall -std=gnu11 -fstack-usage -fcyclomatic-complexity -MMD -MP -MF"Drivers/STM32F7xx_HAL_Driver/Src/stm32f7xx_hal_sai_ex.d" -MT"Drivers/STM32F7xx_HAL_Driver/Src/stm32f7xx_hal_sai_ex.o" --specs=nano.specs -mfpu=fpv5-sp-d16 -mfloat-abi=hard -mthumb -o "Drivers/STM32F7xx_HAL_Driver/Src/stm32f7xx_hal_sai_ex.o"
arm-none-eabi-gcc "../Drivers/STM32F7xx_HAL_Driver/Src/stm32f7xx_hal_sdram.c" -mcpu=cortex-m7 -std=gnu11 -g3 -DDEBUG -DUSE_HAL_DRIVER -DSTM32F723xx -c -I../USB_HOST/App -I-I../Middlewares/Third_Party/tflite-micro -I../Middlewares/Third_Party/tflite-micro -I../Middlewares/Third_Party/tflite-micro/tensorflow -I../Middlewares/Third_Party/tflite-micro/tensorflow/lite -I../Middlewares/Third_Party/tflite-micro/tensorflow/lite/micro -I../USB_HOST/Target -I../Core/Inc -I../Drivers/STM32F7xx_HAL_Driver/Inc -I../Drivers/STM32F7xx_HAL_Driver/Inc/Legacy -I../Middlewares/ST/STM32_USB_Host_Library/Core/Inc -I../Middlewares/ST/STM32_USB_Host_Library/Class/AUDIO/Inc -I../Middlewares/ST/STM32_USB_Host_Library/Class/MSC/Inc -I../Drivers/CMSIS/Device/ST/STM32F7xx/Include -I../Drivers/CMSIS/Include -I../X-CUBE-AI/App -I../X-CUBE-AI -I../X-CUBE-AI/Target -O0 -ffunction-sections -fdata-sections -Wall -std=gnu11 -fstack-usage -fcyclomatic-complexity -MMD -MP -MF"Drivers/STM32F7xx_HAL_Driver/Src/stm32f7xx_hal_sdram.d" -MT"Drivers/STM32F7xx_HAL_Driver/Src/stm32f7xx_hal_sdram.o" --specs=nano.specs -mfpu=fpv5-sp-d16 -mfloat-abi=hard -mthumb -o "Drivers/STM32F7xx_HAL_Driver/Src/stm32f7xx_hal_sdram.o"
arm-none-eabi-gcc "../Drivers/STM32F7xx_HAL_Driver/Src/stm32f7xx_hal_spi.c" -mcpu=cortex-m7 -std=gnu11 -g3 -DDEBUG -DUSE_HAL_DRIVER -DSTM32F723xx -c -I../USB_HOST/App -I-I../Middlewares/Third_Party/tflite-micro -I../Middlewares/Third_Party/tflite-micro -I../Middlewares/Third_Party/tflite-micro/tensorflow -I../Middlewares/Third_Party/tflite-micro/tensorflow/lite -I../Middlewares/Third_Party/tflite-micro/tensorflow/lite/micro -I../USB_HOST/Target -I../Core/Inc -I../Drivers/STM32F7xx_HAL_Driver/Inc -I../Drivers/STM32F7xx_HAL_Driver/Inc/Legacy -I../Middlewares/ST/STM32_USB_Host_Library/Core/Inc -I../Middlewares/ST/STM32_USB_Host_Library/Class/AUDIO/Inc -I../Middlewares/ST/STM32_USB_Host_Library/Class/MSC/Inc -I../Drivers/CMSIS/Device/ST/STM32F7xx/Include -I../Drivers/CMSIS/Include -I../X-CUBE-AI/App -I../X-CUBE-AI -I../X-CUBE-AI/Target -O0 -ffunction-sections -fdata-sections -Wall -std=gnu11 -fstack-usage -fcyclomatic-complexity -MMD -MP -MF"Drivers/STM32F7xx_HAL_Driver/Src/stm32f7xx_hal_spi.d" -MT"Drivers/STM32F7xx_HAL_Driver/Src/stm32f7xx_hal_spi.o" --specs=nano.specs -mfpu=fpv5-sp-d16 -mfloat-abi=hard -mthumb -o "Drivers/STM32F7xx_HAL_Driver/Src/stm32f7xx_hal_spi.o"
arm-none-eabi-gcc "../Drivers/STM32F7xx_HAL_Driver/Src/stm32f7xx_hal_spi_ex.c" -mcpu=cortex-m7 -std=gnu11 -g3 -DDEBUG -DUSE_HAL_DRIVER -DSTM32F723xx -c -I../USB_HOST/App -I-I../Middlewares/Third_Party/tflite-micro -I../Middlewares/Third_Party/tflite-micro -I../Middlewares/Third_Party/tflite-micro/tensorflow -I../Middlewares/Third_Party/tflite-micro/tensorflow/lite -I../Middlewares/Third_Party/tflite-micro/tensorflow/lite/micro -I../USB_HOST/Target -I../Core/Inc -I../Drivers/STM32F7xx_HAL_Driver/Inc -I../Drivers/STM32F7xx_HAL_Driver/Inc/Legacy -I../Middlewares/ST/STM32_USB_Host_Library/Core/Inc -I../Middlewares/ST/STM32_USB_Host_Library/Class/AUDIO/Inc -I../Middlewares/ST/STM32_USB_Host_Library/Class/MSC/Inc -I../Drivers/CMSIS/Device/ST/STM32F7xx/Include -I../Drivers/CMSIS/Include -I../X-CUBE-AI/App -I../X-CUBE-AI -I../X-CUBE-AI/Target -O0 -ffunction-sections -fdata-sections -Wall -std=gnu11 -fstack-usage -fcyclomatic-complexity -MMD -MP -MF"Drivers/STM32F7xx_HAL_Driver/Src/stm32f7xx_hal_spi_ex.d" -MT"Drivers/STM32F7xx_HAL_Driver/Src/stm32f7xx_hal_spi_ex.o" --specs=nano.specs -mfpu=fpv5-sp-d16 -mfloat-abi=hard -mthumb -o "Drivers/STM32F7xx_HAL_Driver/Src/stm32f7xx_hal_spi_ex.o"
arm-none-eabi-gcc "../Drivers/STM32F7xx_HAL_Driver/Src/stm32f7xx_hal_sram.c" -mcpu=cortex-m7 -std=gnu11 -g3 -DDEBUG -DUSE_HAL_DRIVER -DSTM32F723xx -c -I../USB_HOST/App -I-I../Middlewares/Third_Party/tflite-micro -I../Middlewares/Third_Party/tflite-micro -I../Middlewares/Third_Party/tflite-micro/tensorflow -I../Middlewares/Third_Party/tflite-micro/tensorflow/lite -I../Middlewares/Third_Party/tflite-micro/tensorflow/lite/micro -I../USB_HOST/Target -I../Core/Inc -I../Drivers/STM32F7xx_HAL_Driver/Inc -I../Drivers/STM32F7xx_HAL_Driver/Inc/Legacy -I../Middlewares/ST/STM32_USB_Host_Library/Core/Inc -I../Middlewares/ST/STM32_USB_Host_Library/Class/AUDIO/Inc -I../Middlewares/ST/STM32_USB_Host_Library/Class/MSC/Inc -I../Drivers/CMSIS/Device/ST/STM32F7xx/Include -I../Drivers/CMSIS/Include -I../X-CUBE-AI/App -I../X-CUBE-AI -I../X-CUBE-AI/Target -O0 -ffunction-sections -fdata-sections -Wall -std=gnu11 -fstack-usage -fcyclomatic-complexity -MMD -MP -MF"Drivers/STM32F7xx_HAL_Driver/Src/stm32f7xx_hal_sram.d" -MT"Drivers/STM32F7xx_HAL_Driver/Src/stm32f7xx_hal_sram.o" --specs=nano.specs -mfpu=fpv5-sp-d16 -mfloat-abi=hard -mthumb -o "Drivers/STM32F7xx_HAL_Driver/Src/stm32f7xx_hal_sram.o"
arm-none-eabi-gcc "../Drivers/STM32F7xx_HAL_Driver/Src/stm32f7xx_hal_tim.c" -mcpu=cortex-m7 -std=gnu11 -g3 -DDEBUG -DUSE_HAL_DRIVER -DSTM32F723xx -c -I../USB_HOST/App -I-I../Middlewares/Third_Party/tflite-micro -I../Middlewares/Third_Party/tflite-micro -I../Middlewares/Third_Party/tflite-micro/tensorflow -I../Middlewares/Third_Party/tflite-micro/tensorflow/lite -I../Middlewares/Third_Party/tflite-micro/tensorflow/lite/micro -I../USB_HOST/Target -I../Core/Inc -I../Drivers/STM32F7xx_HAL_Driver/Inc -I../Drivers/STM32F7xx_HAL_Driver/Inc/Legacy -I../Middlewares/ST/STM32_USB_Host_Library/Core/Inc -I../Middlewares/ST/STM32_USB_Host_Library/Class/AUDIO/Inc -I../Middlewares/ST/STM32_USB_Host_Library/Class/MSC/Inc -I../Drivers/CMSIS/Device/ST/STM32F7xx/Include -I../Drivers/CMSIS/Include -I../X-CUBE-AI/App -I../X-CUBE-AI -I../X-CUBE-AI/Target -O0 -ffunction-sections -fdata-sections -Wall -std=gnu11 -fstack-usage -fcyclomatic-complexity -MMD -MP -MF"Drivers/STM32F7xx_HAL_Driver/Src/stm32f7xx_hal_tim.d" -MT"Drivers/STM32F7xx_HAL_Driver/Src/stm32f7xx_hal_tim.o" --specs=nano.specs -mfpu=fpv5-sp-d16 -mfloat-abi=hard -mthumb -o "Drivers/STM32F7xx_HAL_Driver/Src/stm32f7xx_hal_tim.o"
arm-none-eabi-gcc "../Drivers/STM32F7xx_HAL_Driver/Src/stm32f7xx_hal_tim_ex.c" -mcpu=cortex-m7 -std=gnu11 -g3 -DDEBUG -DUSE_HAL_DRIVER -DSTM32F723xx -c -I../USB_HOST/App -I-I../Middlewares/Third_Party/tflite-micro -I../Middlewares/Third_Party/tflite-micro -I../Middlewares/Third_Party/tflite-micro/tensorflow -I../Middlewares/Third_Party/tflite-micro/tensorflow/lite -I../Middlewares/Third_Party/tflite-micro/tensorflow/lite/micro -I../USB_HOST/Target -I../Core/Inc -I../Drivers/STM32F7xx_HAL_Driver/Inc -I../Drivers/STM32F7xx_HAL_Driver/Inc/Legacy -I../Middlewares/ST/STM32_USB_Host_Library/Core/Inc -I../Middlewares/ST/STM32_USB_Host_Library/Class/AUDIO/Inc -I../Middlewares/ST/STM32_USB_Host_Library/Class/MSC/Inc -I../Drivers/CMSIS/Device/ST/STM32F7xx/Include -I../Drivers/CMSIS/Include -I../X-CUBE-AI/App -I../X-CUBE-AI -I../X-CUBE-AI/Target -O0 -ffunction-sections -fdata-sections -Wall -std=gnu11 -fstack-usage -fcyclomatic-complexity -MMD -MP -MF"Drivers/STM32F7xx_HAL_Driver/Src/stm32f7xx_hal_tim_ex.d" -MT"Drivers/STM32F7xx_HAL_Driver/Src/stm32f7xx_hal_tim_ex.o" --specs=nano.specs -mfpu=fpv5-sp-d16 -mfloat-abi=hard -mthumb -o "Drivers/STM32F7xx_HAL_Driver/Src/stm32f7xx_hal_tim_ex.o"
arm-none-eabi-gcc "../Drivers/STM32F7xx_HAL_Driver/Src/stm32f7xx_hal_uart.c" -mcpu=cortex-m7 -std=gnu11 -g3 -DDEBUG -DUSE_HAL_DRIVER -DSTM32F723xx -c -I../USB_HOST/App -I-I../Middlewares/Third_Party/tflite-micro -I../Middlewares/Third_Party/tflite-micro -I../Middlewares/Third_Party/tflite-micro/tensorflow -I../Middlewares/Third_Party/tflite-micro/tensorflow/lite -I../Middlewares/Third_Party/tflite-micro/tensorflow/lite/micro -I../USB_HOST/Target -I../Core/Inc -I../Drivers/STM32F7xx_HAL_Driver/Inc -I../Drivers/STM32F7xx_HAL_Driver/Inc/Legacy -I../Middlewares/ST/STM32_USB_Host_Library/Core/Inc -I../Middlewares/ST/STM32_USB_Host_Library/Class/AUDIO/Inc -I../Middlewares/ST/STM32_USB_Host_Library/Class/MSC/Inc -I../Drivers/CMSIS/Device/ST/STM32F7xx/Include -I../Drivers/CMSIS/Include -I../X-CUBE-AI/App -I../X-CUBE-AI -I../X-CUBE-AI/Target -O0 -ffunction-sections -fdata-sections -Wall -std=gnu11 -fstack-usage -fcyclomatic-complexity -MMD -MP -MF"Drivers/STM32F7xx_HAL_Driver/Src/stm32f7xx_hal_uart.d" -MT"Drivers/STM32F7xx_HAL_Driver/Src/stm32f7xx_hal_uart.o" --specs=nano.specs -mfpu=fpv5-sp-d16 -mfloat-abi=hard -mthumb -o "Drivers/STM32F7xx_HAL_Driver/Src/stm32f7xx_hal_uart.o"
arm-none-eabi-gcc "../Drivers/STM32F7xx_HAL_Driver/Src/stm32f7xx_hal_uart_ex.c" -mcpu=cortex-m7 -std=gnu11 -g3 -DDEBUG -DUSE_HAL_DRIVER -DSTM32F723xx -c -I../USB_HOST/App -I-I../Middlewares/Third_Party/tflite-micro -I../Middlewares/Third_Party/tflite-micro -I../Middlewares/Third_Party/tflite-micro/tensorflow -I../Middlewares/Third_Party/tflite-micro/tensorflow/lite -I../Middlewares/Third_Party/tflite-micro/tensorflow/lite/micro -I../USB_HOST/Target -I../Core/Inc -I../Drivers/STM32F7xx_HAL_Driver/Inc -I../Drivers/STM32F7xx_HAL_Driver/Inc/Legacy -I../Middlewares/ST/STM32_USB_Host_Library/Core/Inc -I../Middlewares/ST/STM32_USB_Host_Library/Class/AUDIO/Inc -I../Middlewares/ST/STM32_USB_Host_Library/Class/MSC/Inc -I../Drivers/CMSIS/Device/ST/STM32F7xx/Include -I../Drivers/CMSIS/Include -I../X-CUBE-AI/App -I../X-CUBE-AI -I../X-CUBE-AI/Target -O0 -ffunction-sections -fdata-sections -Wall -std=gnu11 -fstack-usage -fcyclomatic-complexity -MMD -MP -MF"Drivers/STM32F7xx_HAL_Driver/Src/stm32f7xx_hal_uart_ex.d" -MT"Drivers/STM32F7xx_HAL_Driver/Src/stm32f7xx_hal_uart_ex.o" --specs=nano.specs -mfpu=fpv5-sp-d16 -mfloat-abi=hard -mthumb -o "Drivers/STM32F7xx_HAL_Driver/Src/stm32f7xx_hal_uart_ex.o"
arm-none-eabi-gcc "../Drivers/STM32F7xx_HAL_Driver/Src/stm32f7xx_ll_fmc.c" -mcpu=cortex-m7 -std=gnu11 -g3 -DDEBUG -DUSE_HAL_DRIVER -DSTM32F723xx -c -I../USB_HOST/App -I-I../Middlewares/Third_Party/tflite-micro -I../Middlewares/Third_Party/tflite-micro -I../Middlewares/Third_Party/tflite-micro/tensorflow -I../Middlewares/Third_Party/tflite-micro/tensorflow/lite -I../Middlewares/Third_Party/tflite-micro/tensorflow/lite/micro -I../USB_HOST/Target -I../Core/Inc -I../Drivers/STM32F7xx_HAL_Driver/Inc -I../Drivers/STM32F7xx_HAL_Driver/Inc/Legacy -I../Middlewares/ST/STM32_USB_Host_Library/Core/Inc -I../Middlewares/ST/STM32_USB_Host_Library/Class/AUDIO/Inc -I../Middlewares/ST/STM32_USB_Host_Library/Class/MSC/Inc -I../Drivers/CMSIS/Device/ST/STM32F7xx/Include -I../Drivers/CMSIS/Include -I../X-CUBE-AI/App -I../X-CUBE-AI -I../X-CUBE-AI/Target -O0 -ffunction-sections -fdata-sections -Wall -std=gnu11 -fstack-usage -fcyclomatic-complexity -MMD -MP -MF"Drivers/STM32F7xx_HAL_Driver/Src/stm32f7xx_ll_fmc.d" -MT"Drivers/STM32F7xx_HAL_Driver/Src/stm32f7xx_ll_fmc.o" --specs=nano.specs -mfpu=fpv5-sp-d16 -mfloat-abi=hard -mthumb -o "Drivers/STM32F7xx_HAL_Driver/Src/stm32f7xx_ll_fmc.o"
arm-none-eabi-gcc "../Drivers/STM32F7xx_HAL_Driver/Src/stm32f7xx_ll_usb.c" -mcpu=cortex-m7 -std=gnu11 -g3 -DDEBUG -DUSE_HAL_DRIVER -DSTM32F723xx -c -I../USB_HOST/App -I-I../Middlewares/Third_Party/tflite-micro -I../Middlewares/Third_Party/tflite-micro -I../Middlewares/Third_Party/tflite-micro/tensorflow -I../Middlewares/Third_Party/tflite-micro/tensorflow/lite -I../Middlewares/Third_Party/tflite-micro/tensorflow/lite/micro -I../USB_HOST/Target -I../Core/Inc -I../Drivers/STM32F7xx_HAL_Driver/Inc -I../Drivers/STM32F7xx_HAL_Driver/Inc/Legacy -I../Middlewares/ST/STM32_USB_Host_Library/Core/Inc -I../Middlewares/ST/STM32_USB_Host_Library/Class/AUDIO/Inc -I../Middlewares/ST/STM32_USB_Host_Library/Class/MSC/Inc -I../Drivers/CMSIS/Device/ST/STM32F7xx/Include -I../Drivers/CMSIS/Include -I../X-CUBE-AI/App -I../X-CUBE-AI -I../X-CUBE-AI/Target -O0 -ffunction-sections -fdata-sections -Wall -std=gnu11 -fstack-usage -fcyclomatic-complexity -MMD -MP -MF"Drivers/STM32F7xx_HAL_Driver/Src/stm32f7xx_ll_usb.d" -MT"Drivers/STM32F7xx_HAL_Driver/Src/stm32f7xx_ll_usb.o" --specs=nano.specs -mfpu=fpv5-sp-d16 -mfloat-abi=hard -mthumb -o "Drivers/STM32F7xx_HAL_Driver/Src/stm32f7xx_ll_usb.o"
[...]
arm-none-eabi-gcc "../Core/Src/stm32f7xx_it.c" -mcpu=cortex-m7 -std=gnu11 -g3 -DDEBUG -DUSE_HAL_DRIVER -DSTM32F723xx -c -I../USB_HOST/App -I-I../Middlewares/Third_Party/tflite-micro -I../Middlewares/Third_Party/tflite-micro -I../Middlewares/Third_Party/tflite-micro/tensorflow -I../Middlewares/Third_Party/tflite-micro/tensorflow/lite -I../Middlewares/Third_Party/tflite-micro/tensorflow/lite/micro -I../USB_HOST/Target -I../Core/Inc -I../Drivers/STM32F7xx_HAL_Driver/Inc -I../Drivers/STM32F7xx_HAL_Driver/Inc/Legacy -I../Middlewares/ST/STM32_USB_Host_Library/Core/Inc -I../Middlewares/ST/STM32_USB_Host_Library/Class/AUDIO/Inc -I../Middlewares/ST/STM32_USB_Host_Library/Class/MSC/Inc -I../Drivers/CMSIS/Device/ST/STM32F7xx/Include -I../Drivers/CMSIS/Include -I../X-CUBE-AI/App -I../X-CUBE-AI -I../X-CUBE-AI/Target -O0 -ffunction-sections -fdata-sections -Wall -std=gnu11 -fstack-usage -fcyclomatic-complexity -MMD -MP -MF"Core/Src/stm32f7xx_it.d" -MT"Core/Src/stm32f7xx_it.o" --specs=nano.specs -mfpu=fpv5-sp-d16 -mfloat-abi=hard -mthumb -o "Core/Src/stm32f7xx_it.o"
arm-none-eabi-gcc "../Core/Src/syscalls.c" -mcpu=cortex-m7 -std=gnu11 -g3 -DDEBUG -DUSE_HAL_DRIVER -DSTM32F723xx -c -I../USB_HOST/App -I-I../Middlewares/Third_Party/tflite-micro -I../Middlewares/Third_Party/tflite-micro -I../Middlewares/Third_Party/tflite-micro/tensorflow -I../Middlewares/Third_Party/tflite-micro/tensorflow/lite -I../Middlewares/Third_Party/tflite-micro/tensorflow/lite/micro -I../USB_HOST/Target -I../Core/Inc -I../Drivers/STM32F7xx_HAL_Driver/Inc -I../Drivers/STM32F7xx_HAL_Driver/Inc/Legacy -I../Middlewares/ST/STM32_USB_Host_Library/Core/Inc -I../Middlewares/ST/STM32_USB_Host_Library/Class/AUDIO/Inc -I../Middlewares/ST/STM32_USB_Host_Library/Class/MSC/Inc -I../Drivers/CMSIS/Device/ST/STM32F7xx/Include -I../Drivers/CMSIS/Include -I../X-CUBE-AI/App -I../X-CUBE-AI -I../X-CUBE-AI/Target -O0 -ffunction-sections -fdata-sections -Wall -std=gnu11 -fstack-usage -fcyclomatic-complexity -MMD -MP -MF"Core/Src/syscalls.d" -MT"Core/Src/syscalls.o" --specs=nano.specs -mfpu=fpv5-sp-d16 -mfloat-abi=hard -mthumb -o "Core/Src/syscalls.o"
arm-none-eabi-gcc "../Core/Src/sysmem.c" -mcpu=cortex-m7 -std=gnu11 -g3 -DDEBUG -DUSE_HAL_DRIVER -DSTM32F723xx -c -I../USB_HOST/App -I-I../Middlewares/Third_Party/tflite-micro -I../Middlewares/Third_Party/tflite-micro -I../Middlewares/Third_Party/tflite-micro/tensorflow -I../Middlewares/Third_Party/tflite-micro/tensorflow/lite -I../Middlewares/Third_Party/tflite-micro/tensorflow/lite/micro -I../USB_HOST/Target -I../Core/Inc -I../Drivers/STM32F7xx_HAL_Driver/Inc -I../Drivers/STM32F7xx_HAL_Driver/Inc/Legacy -I../Middlewares/ST/STM32_USB_Host_Library/Core/Inc -I../Middlewares/ST/STM32_USB_Host_Library/Class/AUDIO/Inc -I../Middlewares/ST/STM32_USB_Host_Library/Class/MSC/Inc -I../Drivers/CMSIS/Device/ST/STM32F7xx/Include -I../Drivers/CMSIS/Include -I../X-CUBE-AI/App -I../X-CUBE-AI -I../X-CUBE-AI/Target -O0 -ffunction-sections -fdata-sections -Wall -std=gnu11 -fstack-usage -fcyclomatic-complexity -MMD -MP -MF"Core/Src/sysmem.d" -MT"Core/Src/sysmem.o" --specs=nano.specs -mfpu=fpv5-sp-d16 -mfloat-abi=hard -mthumb -o "Core/Src/sysmem.o"
arm-none-eabi-gcc "../Core/Src/system_stm32f7xx.c" -mcpu=cortex-m7 -std=gnu11 -g3 -DDEBUG -DUSE_HAL_DRIVER -DSTM32F723xx -c -I../USB_HOST/App -I-I../Middlewares/Third_Party/tflite-micro -I../Middlewares/Third_Party/tflite-micro -I../Middlewares/Third_Party/tflite-micro/tensorflow -I../Middlewares/Third_Party/tflite-micro/tensorflow/lite -I../Middlewares/Third_Party/tflite-micro/tensorflow/lite/micro -I../USB_HOST/Target -I../Core/Inc -I../Drivers/STM32F7xx_HAL_Driver/Inc -I../Drivers/STM32F7xx_HAL_Driver/Inc/Legacy -I../Middlewares/ST/STM32_USB_Host_Library/Core/Inc -I../Middlewares/ST/STM32_USB_Host_Library/Class/AUDIO/Inc -I../Middlewares/ST/STM32_USB_Host_Library/Class/MSC/Inc -I../Drivers/CMSIS/Device/ST/STM32F7xx/Include -I../Drivers/CMSIS/Include -I../X-CUBE-AI/App -I../X-CUBE-AI -I../X-CUBE-AI/Target -O0 -ffunction-sections -fdata-sections -Wall -std=gnu11 -fstack-usage -fcyclomatic-complexity -MMD -MP -MF"Core/Src/system_stm32f7xx.d" -MT"Core/Src/system_stm32f7xx.o" --specs=nano.specs -mfpu=fpv5-sp-d16 -mfloat-abi=hard -mthumb -o "Core/Src/system_stm32f7xx.o"
arm-none-eabi-gcc "../Core/Src/tflite_model.c" -mcpu=cortex-m7 -std=gnu11 -g3 -DDEBUG -DUSE_HAL_DRIVER -DSTM32F723xx -c -I../USB_HOST/App -I-I../Middlewares/Third_Party/tflite-micro -I../Middlewares/Third_Party/tflite-micro -I../Middlewares/Third_Party/tflite-micro/tensorflow -I../Middlewares/Third_Party/tflite-micro/tensorflow/lite -I../Middlewares/Third_Party/tflite-micro/tensorflow/lite/micro -I../USB_HOST/Target -I../Core/Inc -I../Drivers/STM32F7xx_HAL_Driver/Inc -I../Drivers/STM32F7xx_HAL_Driver/Inc/Legacy -I../Middlewares/ST/STM32_USB_Host_Library/Core/Inc -I../Middlewares/ST/STM32_USB_Host_Library/Class/AUDIO/Inc -I../Middlewares/ST/STM32_USB_Host_Library/Class/MSC/Inc -I../Drivers/CMSIS/Device/ST/STM32F7xx/Include -I../Drivers/CMSIS/Include -I../X-CUBE-AI/App -I../X-CUBE-AI -I../X-CUBE-AI/Target -O0 -ffunction-sections -fdata-sections -Wall -std=gnu11 -fstack-usage -fcyclomatic-complexity -MMD -MP -MF"Core/Src/tflite_model.d" -MT"Core/Src/tflite_model.o" --specs=nano.specs -mfpu=fpv5-sp-d16 -mfloat-abi=hard -mthumb -o "Core/Src/tflite_model.o"
arm-none-eabi-gcc "../Core/Src/usart.c" -mcpu=cortex-m7 -std=gnu11 -g3 -DDEBUG -DUSE_HAL_DRIVER -DSTM32F723xx -c -I../USB_HOST/App -I-I../Middlewares/Third_Party/tflite-micro -I../Middlewares/Third_Party/tflite-micro -I../Middlewares/Third_Party/tflite-micro/tensorflow -I../Middlewares/Third_Party/tflite-micro/tensorflow/lite -I../Middlewares/Third_Party/tflite-micro/tensorflow/lite/micro -I../USB_HOST/Target -I../Core/Inc -I../Drivers/STM32F7xx_HAL_Driver/Inc -I../Drivers/STM32F7xx_HAL_Driver/Inc/Legacy -I../Middlewares/ST/STM32_USB_Host_Library/Core/Inc -I../Middlewares/ST/STM32_USB_Host_Library/Class/AUDIO/Inc -I../Middlewares/ST/STM32_USB_Host_Library/Class/MSC/Inc -I../Drivers/CMSIS/Device/ST/STM32F7xx/Include -I../Drivers/CMSIS/Include -I../X-CUBE-AI/App -I../X-CUBE-AI -I../X-CUBE-AI/Target -O0 -ffunction-sections -fdata-sections -Wall -std=gnu11 -fstack-usage -fcyclomatic-complexity -MMD -MP -MF"Core/Src/usart.d" -MT"Core/Src/usart.o" --specs=nano.specs -mfpu=fpv5-sp-d16 -mfloat-abi=hard -mthumb -o "Core/Src/usart.o"
cc    -c -o ../USB_HOST/Target/usbh_conf.o ../USB_HOST/Target/usbh_conf.c
make: *** [<builtin>: ../USB_HOST/Target/usbh_conf.o] Error -1
make: *** Waiting for unfinished jobs....
"make -j16 all" terminated with exit code 2. Build might be incomplete.
13:53:36 **** Incremental Build of configuration Debug for project MCU ****
make -j16 all 
arm-none-eabi-gcc "../USB_HOST/Target/usbh_conf.c" -mcpu=cortex-m7 -std=gnu11 -g3 -DDEBUG -DUSE_HAL_DRIVER -DSTM32F723xx -c -I../USB_HOST/App -I-I../Middlewares/Third_Party/tflite-micro -I../Middlewares/Third_Party/tflite-micro -I../Middlewares/Third_Party/tflite-micro/tensorflow -I../Middlewares/Third_Party/tflite-micro/tensorflow/lite -I../Middlewares/Third_Party/tflite-micro/tensorflow/lite/micro -I../USB_HOST/Target -I../Core/Inc -I../Drivers/STM32F7xx_HAL_Driver/Inc -I../Drivers/STM32F7xx_HAL_Driver/Inc/Legacy -I../Middlewares/ST/STM32_USB_Host_Library/Core/Inc -I../Middlewares/ST/STM32_USB_Host_Library/Class/AUDIO/Inc -I../Middlewares/ST/STM32_USB_Host_Library/Class/MSC/Inc -I../Drivers/CMSIS/Device/ST/STM32F7xx/Include -I../Drivers/CMSIS/Include -I../X-CUBE-AI/App -I../X-CUBE-AI -I../X-CUBE-AI/Target -O0 -ffunction-sections -fdata-sections -Wall -std=gnu11 -fstack-usage -fcyclomatic-complexity -MMD -MP -MF"USB_HOST/Target/usbh_conf.d" -MT"USB_HOST/Target/usbh_conf.o" --specs=nano.specs -mfpu=fpv5-sp-d16 -mfloat-abi=hard -mthumb -o "USB_HOST/Target/usbh_conf.o"
cc    -c -o ../USB_HOST/Target/usbh_conf.o ../USB_HOST/Target/usbh_conf.c
make: *** [<builtin>: ../USB_HOST/Target/usbh_conf.o] Error -1
make: *** Waiting for unfinished jobs....
"make -j16 all" terminated with exit code 2. Build might be incomplete.
13:53:47 **** Incremental Build of configuration Debug for project MCU ****
make -j16 all 
arm-none-eabi-gcc "../USB_HOST/Target/usbh_conf.c" -mcpu=cortex-m7 -std=gnu11 -g3 -DDEBUG -DUSE_HAL_DRIVER -DSTM32F723xx -c -I../USB_HOST/App -I-I../Middlewares/Third_Party/tflite-micro -I../Middlewares/Third_Party/tflite-micro -I../Middlewares/Third_Party/tflite-micro/tensorflow -I../Middlewares/Third_Party/tflite-micro/tensorflow/lite -I../Middlewares/Third_Party/tflite-micro/tensorflow/lite/micro -I../USB_HOST/Target -I../Core/Inc -I../Drivers/STM32F7xx_HAL_Driver/Inc -I../Drivers/STM32F7xx_HAL_Driver/Inc/Legacy -I../Middlewares/ST/STM32_USB_Host_Library/Core/Inc -I../Middlewares/ST/STM32_USB_Host_Library/Class/AUDIO/Inc -I../Middlewares/ST/STM32_USB_Host_Library/Class/MSC/Inc -I../Drivers/CMSIS/Device/ST/STM32F7xx/Include -I../Drivers/CMSIS/Include -I../X-CUBE-AI/App -I../X-CUBE-AI -I../X-CUBE-AI/Target -O0 -ffunction-sections -fdata-sections -Wall -std=gnu11 -fstack-usage -fcyclomatic-complexity -MMD -MP -MF"USB_HOST/Target/usbh_conf.d" -MT"USB_HOST/Target/usbh_conf.o" --specs=nano.specs -mfpu=fpv5-sp-d16 -mfloat-abi=hard -mthumb -o "USB_HOST/Target/usbh_conf.o"
cc    -c -o ../USB_HOST/Target/usbh_conf.o ../USB_HOST/Target/usbh_conf.c
make: *** [<builtin>: ../USB_HOST/Target/usbh_conf.o] Error -1
make: *** Waiting for unfinished jobs....
"make -j16 all" terminated with exit code 2. Build might be incomplete.
13:54:11 **** Incremental Build of configuration Debug for project MCU ****
make -j16 all 
arm-none-eabi-gcc "../USB_HOST/Target/usbh_conf.c" -mcpu=cortex-m7 -std=gnu11 -g3 -DDEBUG -DUSE_HAL_DRIVER -DSTM32F723xx -c -I../USB_HOST/App -I-I../Middlewares/Third_Party/tflite-micro -I../Middlewares/Third_Party/tflite-micro -I../Middlewares/Third_Party/tflite-micro/tensorflow -I../Middlewares/Third_Party/tflite-micro/tensorflow/lite -I../Middlewares/Third_Party/tflite-micro/tensorflow/lite/micro -I../USB_HOST/Target -I../Core/Inc -I../Drivers/STM32F7xx_HAL_Driver/Inc -I../Drivers/STM32F7xx_HAL_Driver/Inc/Legacy -I../Middlewares/ST/STM32_USB_Host_Library/Core/Inc -I../Middlewares/ST/STM32_USB_Host_Library/Class/AUDIO/Inc -I../Middlewares/ST/STM32_USB_Host_Library/Class/MSC/Inc -I../Drivers/CMSIS/Device/ST/STM32F7xx/Include -I../Drivers/CMSIS/Include -I../X-CUBE-AI/App -I../X-CUBE-AI -I../X-CUBE-AI/Target -O0 -ffunction-sections -fdata-sections -Wall -std=gnu11 -fstack-usage -fcyclomatic-complexity -MMD -MP -MF"USB_HOST/Target/usbh_conf.d" -MT"USB_HOST/Target/usbh_conf.o" --specs=nano.specs -mfpu=fpv5-sp-d16 -mfloat-abi=hard -mthumb -o "USB_HOST/Target/usbh_conf.o"
cc    -c -o ../USB_HOST/Target/usbh_conf.o ../USB_HOST/Target/usbh_conf.c
make: *** [<builtin>: ../USB_HOST/Target/usbh_conf.o] Error -1
make: *** Waiting for unfinished jobs....
"make -j16 all" terminated with exit code 2. Build might be incomplete.
13:54:53 **** Incremental Build of configuration Debug for project MCU ****
make -j16 all 
arm-none-eabi-gcc "../USB_HOST/Target/usbh_conf.c" -mcpu=cortex-m7 -std=gnu11 -g3 -DDEBUG -DUSE_HAL_DRIVER -DSTM32F723xx -c -I../USB_HOST/App -I-I../Middlewares/Third_Party/tflite-micro -I../Middlewares/Third_Party/tflite-micro -I../Middlewares/Third_Party/tflite-micro/tensorflow -I../Middlewares/Third_Party/tflite-micro/tensorflow/lite -I../Middlewares/Third_Party/tflite-micro/tensorflow/lite/micro -I../USB_HOST/Target -I../Core/Inc -I../Drivers/STM32F7xx_HAL_Driver/Inc -I../Drivers/STM32F7xx_HAL_Driver/Inc/Legacy -I../Middlewares/ST/STM32_USB_Host_Library/Core/Inc -I../Middlewares/ST/STM32_USB_Host_Library/Class/AUDIO/Inc -I../Middlewares/ST/STM32_USB_Host_Library/Class/MSC/Inc -I../Drivers/CMSIS/Device/ST/STM32F7xx/Include -I../Drivers/CMSIS/Include -I../X-CUBE-AI/App -I../X-CUBE-AI -I../X-CUBE-AI/Target -O0 -ffunction-sections -fdata-sections -Wall -std=gnu11 -fstack-usage -fcyclomatic-complexity -MMD -MP -MF"USB_HOST/Target/usbh_conf.d" -MT"USB_HOST/Target/usbh_conf.o" --specs=nano.specs -mfpu=fpv5-sp-d16 -mfloat-abi=hard -mthumb -o "USB_HOST/Target/usbh_conf.o"
cc    -c -o ../USB_HOST/Target/usbh_conf.o ../USB_HOST/Target/usbh_conf.c
make: *** [<builtin>: ../USB_HOST/Target/usbh_conf.o] Error -1
make: *** Waiting for unfinished jobs....
"make -j16 all" terminated with exit code 2. Build might be incomplete.
13:55:29 **** Incremental Build of configuration Debug for project MCU ****
make -j16 all 
cc    -c -o ../USB_HOST/Target/usbh_conf.o ../USB_HOST/Target/usbh_conf.c
make: *** [<builtin>: ../USB_HOST/Target/usbh_conf.o] Error -1
"make -j16 all" terminated with exit code 2. Build might be incomplete.
16:21:20 **** Incremental Build of configuration Debug for project mcu_final ****
make -j16 all 
arm-none-eabi-size mcu_final.elf 
   text	   data	    bss	    dec	    hex	filename
  14088	    104	   4600	  18792	   4968	mcu_final.elf
Finished building: default.size.stdout
 
15:00:33 **** Build of configuration Debug for project MCU ****
make -j16 all 
arm-none-eabi-gcc "../Core/Src/main.c" -mcpu=cortex-m7 -std=gnu11 -g3 -DDEBUG -DUSE_HAL_DRIVER -DSTM32F723xx -c -I../USB_HOST/App -I-I../Middlewares/Third_Party/tflite-micro -I../Middlewares/Third_Party/tflite-micro -I../Middlewares/Third_Party/tflite-micro/tensorflow -I../Middlewares/Third_Party/tflite-micro/tensorflow/lite -I../Middlewares/Third_Party/tflite-micro/tensorflow/lite/micro -I../USB_HOST/Target -I../Core/Inc -I../Drivers/STM32F7xx_HAL_Driver/Inc -I../Drivers/STM32F7xx_HAL_Driver/Inc/Legacy -I../Middlewares/ST/STM32_USB_Host_Library/Core/Inc -I../Middlewares/ST/STM32_USB_Host_Library/Class/AUDIO/Inc -I../Middlewares/ST/STM32_USB_Host_Library/Class/MSC/Inc -I../Drivers/CMSIS/Device/ST/STM32F7xx/Include -I../Drivers/CMSIS/Include -I../X-CUBE-AI/App -I../X-CUBE-AI -I../X-CUBE-AI/Target -O0 -ffunction-sections -fdata-sections -Wall -std=gnu11 -fstack-usage -fcyclomatic-complexity -MMD -MP -MF"Core/Src/main.d" -MT"Core/Src/main.o" --specs=nano.specs -mfpu=fpv5-sp-d16 -mfloat-abi=hard -mthumb -o "Core/Src/main.o"
cc    -c -o ../USB_HOST/Target/usbh_conf.o ../USB_HOST/Target/usbh_conf.c
make: *** [<builtin>: ../USB_HOST/Target/usbh_conf.o] Error -1
make: *** Waiting for unfinished jobs....
../Core/Src/main.c:40:6: error: redefinition of 'ProcessEEGData'
   40 | void ProcessEEGData(void) {
      |      ^~~~~~~~~~~~~~
../Core/Src/main.c:31:13: note: previous definition of 'ProcessEEGData' with type 'void(void)'
   31 | static void ProcessEEGData(void) {
      |             ^~~~~~~~~~~~~~
../Core/Src/main.c: In function 'ProcessEEGData':
../Core/Src/main.c:44:1: error: stray '\302' in program
   44 | <U+00A0><U+00A0><U+00A0><U+00A0>}
      | ^~~~~~~~
../Core/Src/main.c:44:2: error: stray '\302' in program
   44 | <U+00A0><U+00A0><U+00A0><U+00A0>}
      |         ^~~~~~~~
../Core/Src/main.c:44:3: error: stray '\302' in program
   44 | <U+00A0><U+00A0><U+00A0><U+00A0>}
      |                 ^~~~~~~~
../Core/Src/main.c:44:4: error: stray '\302' in program
   44 | <U+00A0><U+00A0><U+00A0><U+00A0>}
      |                         ^~~~~~~~
../Core/Src/main.c: At top level:
../Core/Src/main.c:31:13: warning: 'ProcessEEGData' defined but not used [-Wunused-function]
   31 | static void ProcessEEGData(void) {
      |             ^~~~~~~~~~~~~~
make: *** [Core/Src/subdir.mk:46: Core/Src/main.o] Error 1
"make -j16 all" terminated with exit code 2. Build might be incomplete.
15:00:52 **** Incremental Build of configuration Debug for project MCU ****
make -j16 all 
arm-none-eabi-gcc "../Core/Src/main.c" -mcpu=cortex-m7 -std=gnu11 -g3 -DDEBUG -DUSE_HAL_DRIVER -DSTM32F723xx -c -I../USB_HOST/App -I-I../Middlewares/Third_Party/tflite-micro -I../Middlewares/Third_Party/tflite-micro -I../Middlewares/Third_Party/tflite-micro/tensorflow -I../Middlewares/Third_Party/tflite-micro/tensorflow/lite -I../Middlewares/Third_Party/tflite-micro/tensorflow/lite/micro -I../USB_HOST/Target -I../Core/Inc -I../Drivers/STM32F7xx_HAL_Driver/Inc -I../Drivers/STM32F7xx_HAL_Driver/Inc/Legacy -I../Middlewares/ST/STM32_USB_Host_Library/Core/Inc -I../Middlewares/ST/STM32_USB_Host_Library/Class/AUDIO/Inc -I../Middlewares/ST/STM32_USB_Host_Library/Class/MSC/Inc -I../Drivers/CMSIS/Device/ST/STM32F7xx/Include -I../Drivers/CMSIS/Include -I../X-CUBE-AI/App -I../X-CUBE-AI -I../X-CUBE-AI/Target -O0 -ffunction-sections -fdata-sections -Wall -std=gnu11 -fstack-usage -fcyclomatic-complexity -MMD -MP -MF"Core/Src/main.d" -MT"Core/Src/main.o" --specs=nano.specs -mfpu=fpv5-sp-d16 -mfloat-abi=hard -mthumb -o "Core/Src/main.o"
cc    -c -o ../USB_HOST/Target/usbh_conf.o ../USB_HOST/Target/usbh_conf.c
make: *** [<builtin>: ../USB_HOST/Target/usbh_conf.o] Error -1
make: *** Waiting for unfinished jobs....
"make -j16 all" terminated with exit code 2. Build might be incomplete.
15:09:56 **** Incremental Build of configuration Debug for project MCU ****
make -j16 all 
cc    -c -o ../USB_HOST/Target/usbh_conf.o ../USB_HOST/Target/usbh_conf.c
make: *** [<builtin>: ../USB_HOST/Target/usbh_conf.o] Error -1
"make -j16 all" terminated with exit code 2. Build might be incomplete.
15:10:21 **** Incremental Build of configuration Debug for project MCU ****
make -j16 all 
cc    -c -o ../USB_HOST/Target/usbh_conf.o ../USB_HOST/Target/usbh_conf.c
make: *** [<builtin>: ../USB_HOST/Target/usbh_conf.o] Error -1
"make -j16 all" terminated with exit code 2. Build might be incomplete.
15:12:18 **** Incremental Build of configuration Debug for project MCU ****
make -j16 all 
arm-none-eabi-gcc "../Core/Src/main.c" -mcpu=cortex-m7 -std=gnu11 -g3 -DDEBUG -DUSE_HAL_DRIVER -DSTM32F723xx -c -I../USB_HOST/App -I-I../Middlewares/Third_Party/tflite-micro -I../Middlewares/Third_Party/tflite-micro -I../Middlewares/Third_Party/tflite-micro/tensorflow -I../Middlewares/Third_Party/tflite-micro/tensorflow/lite -I../Middlewares/Third_Party/tflite-micro/tensorflow/lite/micro -I../USB_HOST/Target -I../Core/Inc -I../Drivers/STM32F7xx_HAL_Driver/Inc -I../Drivers/STM32F7xx_HAL_Driver/Inc/Legacy -I../Middlewares/ST/STM32_USB_Host_Library/Core/Inc -I../Middlewares/ST/STM32_USB_Host_Library/Class/AUDIO/Inc -I../Middlewares/ST/STM32_USB_Host_Library/Class/MSC/Inc -I../Drivers/CMSIS/Device/ST/STM32F7xx/Include -I../Drivers/CMSIS/Include -I../X-CUBE-AI/App -I../X-CUBE-AI -I../X-CUBE-AI/Target -O0 -ffunction-sections -fdata-sections -Wall -std=gnu11 -fstack-usage -fcyclomatic-complexity -MMD -MP -MF"Core/Src/main.d" -MT"Core/Src/main.o" --specs=nano.specs -mfpu=fpv5-sp-d16 -mfloat-abi=hard -mthumb -o "Core/Src/main.o"
cc    -c -o ../USB_HOST/Target/usbh_conf.o ../USB_HOST/Target/usbh_conf.c
make: *** [<builtin>: ../USB_HOST/Target/usbh_conf.o] Error -1
make: *** Waiting for unfinished jobs....
../Core/Src/main.c:40:6: error: redefinition of 'ProcessEEGData'
   40 | void ProcessEEGData(void) {
      |      ^~~~~~~~~~~~~~
../Core/Src/main.c:31:13: note: previous definition of 'ProcessEEGData' with type 'void(void)'
   31 | static void ProcessEEGData(void) {
      |             ^~~~~~~~~~~~~~
../Core/Src/main.c: In function 'ProcessEEGData':
../Core/Src/main.c:44:1: error: stray '\302' in program
   44 | <U+00A0><U+00A0><U+00A0><U+00A0>}
      | ^~~~~~~~
../Core/Src/main.c:44:2: error: stray '\302' in program
   44 | <U+00A0><U+00A0><U+00A0><U+00A0>}
      |         ^~~~~~~~
../Core/Src/main.c:44:3: error: stray '\302' in program
   44 | <U+00A0><U+00A0><U+00A0><U+00A0>}
      |                 ^~~~~~~~
../Core/Src/main.c:44:4: error: stray '\302' in program
   44 | <U+00A0><U+00A0><U+00A0><U+00A0>}
      |                         ^~~~~~~~
../Core/Src/main.c: At top level:
../Core/Src/main.c:31:13: warning: 'ProcessEEGData' defined but not used [-Wunused-function]
   31 | static void ProcessEEGData(void) {
      |             ^~~~~~~~~~~~~~
make: *** [Core/Src/subdir.mk:46: Core/Src/main.o] Error 1
"make -j16 all" terminated with exit code 2. Build might be incomplete.
